################################################################################
#                                                                              #
#      IAR Universal Linker V6.2.2.68                                          #
#                                                                              #
#           Link time     =  21/Aug/2018  17:47:52                             #
#           Target CPU    =  x51                                               #
#           List file     =  C:\BLE-CC254x-1.4.2.2.200_200\Projects\ble\util\U #
#                            BL\soc_8051\usb_msd\iar\CC2540-Nano\List\UBL.map  #
#           Output file 1 =  C:\BLE-CC254x-1.4.2.2.200_200\Projects\ble\util\U #
#                            BL\soc_8051\usb_msd\iar\CC2540-Nano\Exe\UBL.d51   #
#                            Format: ubrof10                                   #
#                            UBROF version 10.0.6                              #
#                            Using library modules for C-SPY (-rt)             #
#           Output file 2 =  C:\BLE-CC254x-1.4.2.2.200_200\Projects\ble\util\U #
#                            BL\soc_8051\usb_msd\iar\CC2540-Nano\Exe\ubl_usb_m #
#                            sd_8051-Nano.hex                                  #
#                            Format: intel-extended                            #
#           Command line  =  -a -D_NR_OF_BANKS=0x07 -D_CODEBANK_END=0xFFFF     #
#                            -D_CODEBANK_START=0x8000 -D?CBANK_MASK=0xFF       #
#                            -D?CBANK=0x9F                                     #
#                            "-IC:\Program Files (x86)\IAR Systems\Embedded Wo #
#                            rkbench 7.2\8051\CONFIG\"                         #
#                            C:\BLE-CC254x-1.4.2.2.200_200\Projects\ble\util\U #
#                            BL\soc_8051\usb_msd\iar\CC2540-Nano\Obj\hal_flash #
#                            .r51                                              #
#                            C:\BLE-CC254x-1.4.2.2.200_200\Projects\ble\util\U #
#                            BL\soc_8051\usb_msd\iar\CC2540-Nano\Obj\ubl_exec. #
#                            r51                                               #
#                            C:\BLE-CC254x-1.4.2.2.200_200\Projects\ble\util\U #
#                            BL\soc_8051\usb_msd\iar\CC2540-Nano\Obj\ubl_ivec. #
#                            r51                                               #
#                            C:\BLE-CC254x-1.4.2.2.200_200\Projects\ble\util\U #
#                            BL\soc_8051\usb_msd\iar\CC2540-Nano\Obj\ubl_main. #
#                            r51                                               #
#                            C:\BLE-CC254x-1.4.2.2.200_200\Projects\ble\util\U #
#                            BL\soc_8051\usb_msd\iar\CC2540-Nano\Obj\usb_descr #
#                            iptor_parser.r51                                  #
#                            C:\BLE-CC254x-1.4.2.2.200_200\Projects\ble\util\U #
#                            BL\soc_8051\usb_msd\iar\CC2540-Nano\Obj\usb_frame #
#                            work.r51                                          #
#                            C:\BLE-CC254x-1.4.2.2.200_200\Projects\ble\util\U #
#                            BL\soc_8051\usb_msd\iar\CC2540-Nano\Obj\usb_inter #
#                            rupt.r51                                          #
#                            C:\BLE-CC254x-1.4.2.2.200_200\Projects\ble\util\U #
#                            BL\soc_8051\usb_msd\hal\usb\class_msd\usb_msd_805 #
#                            1.lib                                             #
#                            C:\BLE-CC254x-1.4.2.2.200_200\Projects\ble\util\U #
#                            BL\soc_8051\usb_msd\iar\CC2540-Nano\Obj\usb_stand #
#                            ard_requests.r51                                  #
#                            C:\BLE-CC254x-1.4.2.2.200_200\Projects\ble\util\U #
#                            BL\soc_8051\usb_msd\iar\CC2540-Nano\Obj\usb_suspe #
#                            nd.r51                                            #
#                            -o                                                #
#                            C:\BLE-CC254x-1.4.2.2.200_200\Projects\ble\util\U #
#                            BL\soc_8051\usb_msd\iar\CC2540-Nano\Exe\UBL.d51   #
#                            -l                                                #
#                            C:\BLE-CC254x-1.4.2.2.200_200\Projects\ble\util\U #
#                            BL\soc_8051\usb_msd\iar\CC2540-Nano\List\UBL.map  #
#                            -xmsn                                             #
#                            -IC:\BLE-CC254x-1.4.2.2.200_200\Projects\ble\util #
#                            \UBL\soc_8051\usb_msd\iar\                        #
#                            -f ubl.xcl (-D_XDATA_BEG=0x0000                   #
#                            -D_XDATA_END=0x1EFF -D_IDATA_END=0xFF             #
#                            -D_IVEC_BEG=0x0000 -D_IVEC_END=0x07FF             #
#                            -D_BANK7_BEG=0x7C000 -D_BANK7_END=0x7E7FF         #
#                            -D?REGISTER_BANK=0 -D_REGISTER_BANK_BEG=0         #
#                            -D?PBANK_NUMBER=00 -D_BREG_BEG=0x00 -D?VB=0x20    #
#                            -Z(BIT)BREG=_BREG_BEG -Z(BIT)BIT_N=0-7F           #
#                            -Z(DATA)REGISTERS+8=_REGISTER_BANK_BEG            #
#                            -Z(DATA)BDATA_Z,BDATA_N,BDATA_I=20-2F             #
#                            -Z(DATA)VREG=08-7F -Z(DATA)PSP,XSP=08-7F          #
#                            -Z(DATA)DOVERLAY=08-7F                            #
#                            -Z(DATA)DATA_I,DATA_Z,DATA_N=08-7F                #
#                            -U(IDATA)0-7F=(DATA)0-7F                          #
#                            -Z(IDATA)IDATA_I,IDATA_Z,IDATA_N=08-_IDATA_END    #
#                            -Z(IDATA)ISTACK+_IDATA_STACK_SIZE#08-_IDATA_END   #
#                            -Z(IDATA)IOVERLAY=08-FF                           #
#                            -Z(CODE)INTVEC=_IVEC_BEG                          #
#                            -Z(CODE)BIT_ID,BDATA_ID,DATA_ID,IDATA_ID,IXDATA_I #
#                            D,PDATA_ID,XDATA_ID=_IVEC_BEG-_IVEC_END           #
#                            -P(CODE)CSTART,RCODE,DIFUNCT,NEAR_CODE=_IVEC_BEG- #
#                            _IVEC_END                                         #
#                            -P(CODE)BANK_RELAYS=_IVEC_BEG-_IVEC_END           #
#                            -P(CODE)CODE_C=_BANK7_BEG-_BANK7_END              #
#                            -P(CONST)XDATA_ROM_C=0xC000-0xE7FF                #
#                            -P(CODE)XDATA_ROM_C_FLASH=_BANK7_BEG-_BANK7_END   #
#                            -QXDATA_ROM_C=XDATA_ROM_C_FLASH                   #
#                            -P(CODE)BANKED_CODE=_IVEC_BEG-_IVEC_END,_BANK7_BE #
#                            G-_BANK7_END                                      #
#                            -Z(XDATA)XSTACK+_XDATA_STACK_SIZE=_XDATA_BEG-_XDA #
#                            TA_END                                            #
#                            -Z(XDATA)XDATA_Z,XDATA_I,PDATA_Z=_XDATA_BEG-_XDAT #
#                            A_END                                             #
#                            -P(XDATA)XDATA_N=_XDATA_BEG-_XDATA_END -cx51      #
#                            -D_FIRST_BANK_ADDR=0x10000                        #
#                            -M(CODE)[(_CODEBANK_START+_FIRST_BANK_ADDR)-(_COD #
#                            EBANK_END+_FIRST_BANK_ADDR)]*_NR_OF_BANKS+_FIRST_ #
#                            BANK_ADDR=0x8000                                  #
#                            -ww69=i -HFFFF) -D_NR_OF_VIRTUAL_REGISTERS=10     #
#                            -D?PBANK=0x93 -e?BCALL_FF=?BCALL                  #
#                            -e?BRET_FF=?BRET -e?BDISPATCH_FF=?BDISPATCH       #
#                            -e_small_write=_formatted_write                   #
#                            -e_medium_read=_formatted_read -we24=i -rt        #
#                            -Ointel-extended=C:\BLE-CC254x-1.4.2.2.200_200\Pr #
#                            ojects\ble\util\UBL\soc_8051\usb_msd\iar\CC2540-N #
#                            ano\Exe\ubl_usb_msd_8051-Nano.hex                 #
#                            -s __program_start                                #
#                            "C:\Program Files (x86)\IAR Systems\Embedded Work #
#                            bench 7.2\8051\LIB\CLIB\cl-pli-blxd-1e16x01.r51"  #
#                            -D_IDATA_STACK_SIZE=0xC0 -D?ESP=0 -D?ESP_MASK=0   #
#                            -D_EXTENDED_STACK_START=0                         #
#                            -D_EXTENDED_STACK_SIZE=0                          #
#                            -D_PDATA_STACK_SIZE=0x0                           #
#                            -D_XDATA_STACK_SIZE=0x300                         #
#                            -D_XDATA_HEAP_SIZE=0x00 -D_FAR_HEAP_SIZE=0x000    #
#                            -D_HUGE_HEAP_SIZE=0x000                           #
#                            -D_FAR22_HEAP_SIZE=0xFFF                          #
#                                                                              #
#                           Copyright (C) 1987-2015 IAR Systems AB.            #
################################################################################





                ****************************************
                *                                      *
                *           CROSS REFERENCE            *
                *                                      *
                ****************************************

       Program entry at : CODE      000005F5  Relocatable, from module : CSTARTUP




                ****************************************
                *                                      *
                *            RUNTIME MODEL             *
                *                                      *
                ****************************************

  __SystemLibrary          = CLib
  __calling_convention     = xdata_reentrant
  __code_model             = banked
  __core                   = plain
  __data_model             = large
  __dptr_size              = 16
  __extended_stack         = disabled
  __location_for_constants = data
  __number_of_dptrs        = 1
  __rt_version             = 1

                ****************************************
                *                                      *
                *    AUTOMATIC SYMBOL REDIRECTIONS     *
                *                                      *
                ****************************************

                  There are no automatic symbol redirections.



                ****************************************
                *                                      *
                *              MODULE MAP              *
                *                                      *
                ****************************************


  DEFINED ABSOLUTE ENTRIES
  PROGRAM MODULE, NAME : ?ABS_ENTRY_MOD

Absolute parts
           ENTRY                   ADDRESS         REF BY
           =====                   =======         ======
           _FAR22_HEAP_SIZE        00000FFF 
           _HUGE_HEAP_SIZE         00000000 
           _FAR_HEAP_SIZE          00000000 
           _XDATA_HEAP_SIZE        00000000 
           _XDATA_STACK_SIZE       00000300 
           _PDATA_STACK_SIZE       00000000 
           _EXTENDED_STACK_SIZE    00000000 
           _EXTENDED_STACK_START   00000000 
           ?ESP_MASK               00000000 
           ?ESP                    00000000 
           _IDATA_STACK_SIZE       000000C0 
           ?PBANK                  00000093 
           _NR_OF_VIRTUAL_REGISTERS
                                   00000010 
           _FIRST_BANK_ADDR        00010000 
           ?VB                     00000020        ?BANKED_ENTER_XDATA (?BANKED_ENTER_XDATA)
                                                   ?BANKED_LEAVE_XDATA (?BANKED_LEAVE_XDATA)
                                                   ?FUNC_ENTER_XDATA (?FUNC_ENTER_XDATA)
                                                   ?FUNC_LEAVE_XDATA (?FUNC_LEAVE_XDATA)
           _BREG_BEG               00000000 
           ?PBANK_NUMBER           00000000 
           _REGISTER_BANK_BEG      00000000 
           ?REGISTER_BANK          00000000        Segment part 6 (CSTARTUP)
           _BANK7_END              0003E7FF 
           _BANK7_BEG              0003C000 
           _IVEC_END               000007FF 
           _IVEC_BEG               00000000 
           _IDATA_END              000000FF 
           _XDATA_END              00001EFF 
           _XDATA_BEG              00000000 
           ?CBANK                  0000009F        ?RESET_CODE_BANK (CSTARTUP)
                                                   Segment part 0 (?BANKED_CODE_SUPPORT)
           ?CBANK_MASK             000000FF 
           _CODEBANK_START         00008000 
           _CODEBANK_END           0000FFFF 
           _NR_OF_BANKS            00000007 
    *************************************************************************

  FILE NAME : C:\BLE-CC254x-1.4.2.2.200_200\Projects\ble\util\UBL\soc_8051\usb_msd\iar\CC2540-Nano\Obj\hal_flash.r51
  PROGRAM MODULE, NAME : hal_flash

  SEGMENTS IN THE MODULE
  ======================
SFR_AN
  Relative segment, address: DATA 0000008B - 0000008B (0x1 bytes), align: 0
  Segment part 1. ROOT        Intra module refs:   usbirqHandler
                                                   usbirqInit
           ENTRY                   ADDRESS         REF BY
           =====                   =======         ======
           P2IFG                   0000008B 
    -------------------------------------------------------------------------
SFR_AN
  Relative segment, address: DATA 0000008F - 0000008F (0x1 bytes), align: 0
  Segment part 2. ROOT        Intra module refs:   __low_level_init
           ENTRY                   ADDRESS         REF BY
           =====                   =======         ======
           P0INP                   0000008F 
    -------------------------------------------------------------------------
SFR_AN
  Relative segment, address: DATA 00000095 - 00000095 (0x1 bytes), align: 0
  Segment part 3. ROOT        Intra module refs:   ublExec
                                                   ublInit
           ENTRY                   ADDRESS         REF BY
           =====                   =======         ======
           ST0                     00000095 
    -------------------------------------------------------------------------
SFR_AN
  Relative segment, address: DATA 00000096 - 00000096 (0x1 bytes), align: 0
  Segment part 4. ROOT        Intra module refs:   ublExec
                                                   ublInit
           ENTRY                   ADDRESS         REF BY
           =====                   =======         ======
           ST1                     00000096 
    -------------------------------------------------------------------------
SFR_AN
  Relative segment, address: DATA 00000097 - 00000097 (0x1 bytes), align: 0
  Segment part 5. ROOT        Intra module refs:   ublExec
                                                   ublInit
           ENTRY                   ADDRESS         REF BY
           =====                   =======         ======
           ST2                     00000097 
    -------------------------------------------------------------------------
SFR_AN
  Relative segment, address: DATA 0000009A - 0000009A (0x1 bytes), align: 0
  Segment part 6. ROOT        Intra module refs:   __low_level_init
                                                   usb_msd_uninit (usb_firmware_library_config)
           ENTRY                   ADDRESS         REF BY
           =====                   =======         ======
           IEN2                    0000009A 
    -------------------------------------------------------------------------
SFR_AN
  Relative segment, address: DATA 0000009D - 0000009D (0x1 bytes), align: 0
  Segment part 7. ROOT        Intra module refs:   __low_level_init
                                                   usbirqHandler
           ENTRY                   ADDRESS         REF BY
           =====                   =======         ======
           SLEEPSTA                0000009D 
    -------------------------------------------------------------------------
SFR_AN
  Relative segment, address: DATA 000000A8 - 000000A8 (0x1 bytes), align: 0
  Segment part 8. ROOT        Intra module refs:   HalFlashRead
                                                   __low_level_init
                                                   fakeOpExec (usb_firmware_library_config)
                                                   main
                                                   rxOutEP (usb_firmware_library_config)
                                                   ublCfg
                                                   ublJump
           ENTRY                   ADDRESS         REF BY
           =====                   =======         ======
           _A_IEN0                 000000A8 
           LOCAL                   ADDRESS         
           =====                   =======         
           IEN0                    000000A8 
    -------------------------------------------------------------------------
SFR_AN
  Relative segment, address: DATA 000000B4 - 000000B4 (0x1 bytes), align: 0
  Segment part 9. ROOT        Intra module refs:   __low_level_init
                                                   ublInit
           ENTRY                   ADDRESS         REF BY
           =====                   =======         ======
           ADCCON1                 000000B4 
    -------------------------------------------------------------------------
SFR_AN
  Relative segment, address: DATA 000000B6 - 000000B6 (0x1 bytes), align: 0
  Segment part 10. ROOT       Intra module refs:   __low_level_init
                                                   ublInit
           ENTRY                   ADDRESS         REF BY
           =====                   =======         ======
           ADCCON3                 000000B6 
    -------------------------------------------------------------------------
SFR_AN
  Relative segment, address: DATA 000000B8 - 000000B8 (0x1 bytes), align: 0
  Segment part 11. ROOT       Intra module refs:   __low_level_init
           ENTRY                   ADDRESS         REF BY
           =====                   =======         ======
           _A_IEN1                 000000B8 
           LOCAL                   ADDRESS         
           =====                   =======         
           IEN1                    000000B8 
    -------------------------------------------------------------------------
SFR_AN
  Relative segment, address: DATA 000000BB - 000000BB (0x1 bytes), align: 0
  Segment part 12. ROOT       Intra module refs:   __low_level_init
                                                   ublInit
           ENTRY                   ADDRESS         REF BY
           =====                   =======         ======
           ADCH                    000000BB 
    -------------------------------------------------------------------------
SFR_AN
  Relative segment, address: DATA 000000C6 - 000000C6 (0x1 bytes), align: 0
  Segment part 13. ROOT       Intra module refs:   __low_level_init
           ENTRY                   ADDRESS         REF BY
           =====                   =======         ======
           CLKCONCMD               000000C6 
    -------------------------------------------------------------------------
SFR_AN
  Relative segment, address: DATA 000000C7 - 000000C7 (0x1 bytes), align: 0
  Segment part 14. ROOT       Intra module refs:   HalFlashRead
                                                   __low_level_init
                                                   fillPgBuf (usb_firmware_library_config)
                                                   rxOutEP (usb_firmware_library_config)
           ENTRY                   ADDRESS         REF BY
           =====                   =======         ======
           MEMCTR                  000000C7 
    -------------------------------------------------------------------------
SFR_AN
  Relative segment, address: DATA 000000C9 - 000000C9 (0x1 bytes), align: 0
  Segment part 15. ROOT       Intra module refs:   fakeOpExec (usb_firmware_library_config)
                                                   main
                                                   rxOutEP (usb_firmware_library_config)
                                                   ublCfg
                                                   ublJump
           ENTRY                   ADDRESS         REF BY
           =====                   =======         ======
           WDCTL                   000000C9 
    -------------------------------------------------------------------------
SFR_AN
  Relative segment, address: DATA 000000D1 - 000000D1 (0x1 bytes), align: 0
  Segment part 16. ROOT       Intra module refs:   HalFlashWrite
           ENTRY                   ADDRESS         REF BY
           =====                   =======         ======
           DMAIRQ                  000000D1 
    -------------------------------------------------------------------------
SFR_AN
  Relative segment, address: DATA 000000D4 - 000000D4 (0x1 bytes), align: 0
  Segment part 17. ROOT       Intra module refs:   main
           ENTRY                   ADDRESS         REF BY
           =====                   =======         ======
           DMA0CFGL                000000D4 
    -------------------------------------------------------------------------
SFR_AN
  Relative segment, address: DATA 000000D5 - 000000D5 (0x1 bytes), align: 0
  Segment part 18. ROOT       Intra module refs:   main
           ENTRY                   ADDRESS         REF BY
           =====                   =======         ======
           DMA0CFGH                000000D5 
    -------------------------------------------------------------------------
SFR_AN
  Relative segment, address: DATA 000000D6 - 000000D6 (0x1 bytes), align: 0
  Segment part 19. ROOT       Intra module refs:   HalFlashWrite
                                                   execCBW (usb_firmware_library_config)
                                                   fillPgBuf (usb_firmware_library_config)
                                                   rxOutEP (usb_firmware_library_config)
           ENTRY                   ADDRESS         REF BY
           =====                   =======         ======
           DMAARM                  000000D6 
    -------------------------------------------------------------------------
SFR_AN
  Relative segment, address: DATA 000000E8 - 000000E8 (0x1 bytes), align: 0
  Segment part 20. ROOT       Intra module refs:   usb_msd_poll (usb_firmware_library_config)
                                                   usbirqHandler
                                                   usbirqInit
           ENTRY                   ADDRESS         REF BY
           =====                   =======         ======
           _A_IRCON2               000000E8 
           LOCAL                   ADDRESS         
           =====                   =======         
           IRCON2                  000000E8 
    -------------------------------------------------------------------------
SFR_AN
  Relative segment, address: DATA 000000F3 - 000000F3 (0x1 bytes), align: 0
  Segment part 21. ROOT       Intra module refs:   __low_level_init
           ENTRY                   ADDRESS         REF BY
           =====                   =======         ======
           P0SEL                   000000F3 
    -------------------------------------------------------------------------
SFR_AN
  Relative segment, address: DATA 000000F4 - 000000F4 (0x1 bytes), align: 0
  Segment part 22. ROOT       Intra module refs:   __low_level_init
                                                   fakeOpExec (usb_firmware_library_config)
                                                   usb_msd_init (usb_firmware_library_config)
                                                   usb_msd_uninit (usb_firmware_library_config)
           ENTRY                   ADDRESS         REF BY
           =====                   =======         ======
           P1SEL                   000000F4 
    -------------------------------------------------------------------------
SFR_AN
  Relative segment, address: DATA 000000F5 - 000000F5 (0x1 bytes), align: 0
  Segment part 23. ROOT       Intra module refs:   __low_level_init
           ENTRY                   ADDRESS         REF BY
           =====                   =======         ======
           P2SEL                   000000F5 
    -------------------------------------------------------------------------
SFR_AN
  Relative segment, address: DATA 000000F6 - 000000F6 (0x1 bytes), align: 0
  Segment part 24. ROOT       Intra module refs:   __low_level_init
           ENTRY                   ADDRESS         REF BY
           =====                   =======         ======
           P1INP                   000000F6 
    -------------------------------------------------------------------------
SFR_AN
  Relative segment, address: DATA 000000F7 - 000000F7 (0x1 bytes), align: 0
  Segment part 25. ROOT       Intra module refs:   __low_level_init
           ENTRY                   ADDRESS         REF BY
           =====                   =======         ======
           P2INP                   000000F7 
    -------------------------------------------------------------------------
SFR_AN
  Relative segment, address: DATA 000000FD - 000000FD (0x1 bytes), align: 0
  Segment part 26. ROOT       Intra module refs:   __low_level_init
           ENTRY                   ADDRESS         REF BY
           =====                   =======         ======
           P0DIR                   000000FD 
    -------------------------------------------------------------------------
SFR_AN
  Relative segment, address: DATA 000000FE - 000000FE (0x1 bytes), align: 0
  Segment part 27. ROOT       Intra module refs:   __low_level_init
                                                   fakeOpExec (usb_firmware_library_config)
                                                   usb_msd_init (usb_firmware_library_config)
                                                   usb_msd_uninit (usb_firmware_library_config)
           ENTRY                   ADDRESS         REF BY
           =====                   =======         ======
           P1DIR                   000000FE 
    -------------------------------------------------------------------------
SFR_AN
  Relative segment, address: DATA 000000FF - 000000FF (0x1 bytes), align: 0
  Segment part 28. ROOT       Intra module refs:   __low_level_init
           ENTRY                   ADDRESS         REF BY
           =====                   =======         ======
           P2DIR                   000000FF 
    -------------------------------------------------------------------------
<BANKED_CODE,XDATA_ROM_C_FLASH> 1 (was BANKED_CODE)
  Relative segment, address: CODE 0003C124 - 0003C1A3 (0x80 bytes), align: 0
  Segment part 61.            Intra module refs:   HalFlashRead::?relay
           ENTRY                   ADDRESS         REF BY
           =====                   =======         ======
           HalFlashRead            0003C124 
               XSTACK = 00000016 ( 0000000B )
               ISTACK = 00000000 ( 00000001 )
    -------------------------------------------------------------------------
<BANKED_CODE,XDATA_ROM_C_FLASH> 1 (was BANKED_CODE)
  Relative segment, address: CODE 0003C1A4 - 0003C200 (0x5d bytes), align: 0
  Segment part 63.            Intra module refs:   HalFlashWrite::?relay
           ENTRY                   ADDRESS         REF BY
           =====                   =======         ======
           HalFlashWrite           0003C1A4 
               XSTACK = 00000016 ( 0000000A )
    -------------------------------------------------------------------------
<XDATA_ROM_C> 1 (was XDATA_ROM_C)
  Relative segment, address: CONST 0000C0AC - 0000C0CB (0x20 bytes), align: 0
  Segment part 37.            Intra module refs:   ublInit
           LOCAL                   ADDRESS         
           =====                   =======         
           unlockedSecKey          0000C0AC 
    -------------------------------------------------------------------------
<XDATA_ROM_C> 1 (was XDATA_ROM_C)
  Relative segment, address: CONST 0000C121 - 0000C121 (0x1 bytes), align: 0
  Segment part 38.
           ENTRY                   ADDRESS         REF BY
           =====                   =======         ======
           UBL_RC_IMG_PG_BEG       0000C121        Segment part 88 (usb_firmware_library_config)
                                                   fakeOpExec (usb_firmware_library_config)
                                                   sbcCmdReadWrite10 (usb_firmware_library_config)
                                                   usb_msd_init (usb_firmware_library_config)
    -------------------------------------------------------------------------
<XDATA_ROM_C> 1 (was XDATA_ROM_C)
  Relative segment, address: CONST 0000C120 - 0000C120 (0x1 bytes), align: 0
  Segment part 39.
           ENTRY                   ADDRESS         REF BY
           =====                   =======         ======
           UBL_RC_IMG_PG_END       0000C120        Segment part 88 (usb_firmware_library_config)
    -------------------------------------------------------------------------
<XDATA_N> 1 (was XDATA_N)
  Relative segment, address: XDATA 00000B9D - 0000139C (0x800 bytes), align: 0
  Segment part 40.
           ENTRY                   ADDRESS         REF BY
           =====                   =======         ======
           pgBuf                   00000B9D        Segment part 104 (usb_firmware_library_config)
                                                   Segment part 67 (usb_firmware_library_config)
                                                   fakeOpPrep (usb_firmware_library_config)
                                                   fakePgBuf (usb_firmware_library_config)
                                                   fillPgBuf (usb_firmware_library_config)
                                                   initDMA (usb_firmware_library_config)
                                                   rxOutEP (usb_firmware_library_config)
    -------------------------------------------------------------------------
<XDATA_N> 1 (was XDATA_N)
  Relative segment, address: XDATA 0000149D - 00001500 (0x64 bytes), align: 0
  Segment part 41.            Intra module refs:   __low_level_init
                                                   ublAesAuth
                                                   ublCfg
                                                   ublExec
                                                   ublInit
                                                   ublMassErase
           ENTRY                   ADDRESS         REF BY
           =====                   =======         ======
           ublMD                   0000149D        fakeOpExec (usb_firmware_library_config)
                                                   fillPgBuf (usb_firmware_library_config)
                                                   rxOutEP (usb_firmware_library_config)
    -------------------------------------------------------------------------
<XDATA_N> 1 (was XDATA_N)
  Relative segment, address: XDATA 00001589 - 0000158C (0x4 bytes), align: 0
  Segment part 42.            Intra module refs:   ublExec
                                                   ublInit
           LOCAL                   ADDRESS         
           =====                   =======         
           stStart                 00001589 
    -------------------------------------------------------------------------
<XDATA_N> 1 (was XDATA_N)
  Relative segment, address: XDATA 0000158D - 00001590 (0x4 bytes), align: 0
  Segment part 43.            Intra module refs:   ublExec
                                                   ublInit
           LOCAL                   ADDRESS         
           =====                   =======         
           stDelay                 0000158D 
    -------------------------------------------------------------------------
<BANKED_CODE,XDATA_ROM_C_FLASH> 1 (was BANKED_CODE)
  Relative segment, address: CODE 0003C201 - 0003C252 (0x52 bytes), align: 0
  Segment part 67.            Intra module refs:   ublAesAuth::?relay
           ENTRY                   ADDRESS         REF BY
           =====                   =======         ======
           ublAesAuth              0003C201 
               calls direct
               XSTACK = 00000000 ( 0000000C )
    -------------------------------------------------------------------------
<XDATA_N> 1 (was XDATA_N)
  Relative segment, address: XDATA 00001581 - 00001588 (0x8 bytes), align: 0
  Segment part 44.            Intra module refs:   HalFlashWrite
                                                   main
           ENTRY                   ADDRESS         REF BY
           =====                   =======         ======
           dmaCh0                  00001581 
    -------------------------------------------------------------------------
<BANK_RELAYS,CSTART..> 1 (was NEAR_CODE)
  Relative segment, address: CODE 00000102 - 00000251 (0x150 bytes), align: 0
  Segment part 166. ROOT 
           ENTRY                   ADDRESS         REF BY
           =====                   =======         ======
           __low_level_init        00000102        __low_level_init_call (?cmain)
               calls direct
               XSTACK = 00000000 ( 0000000B )
    -------------------------------------------------------------------------
XDATA_Z
  Relative segment, address: XDATA 00000300 - 00000301 (0x2 bytes), align: 0
  Segment part 45.            Intra module refs:   ?Subroutine10
                                                   ?Subroutine7
                                                   usbdpFindNext
           LOCAL                   ADDRESS         
           =====                   =======         
           usbdpData               00000300 
    -------------------------------------------------------------------------
<XDATA_ROM_C> 1 (was XDATA_ROM_C)
  Relative segment, address: CONST 0000C108 - 0000C10B (0x4 bytes), align: 0
  Segment part 46.            Intra module refs:   usbdpGetStringDesc
           LOCAL                   ADDRESS         
           =====                   =======         
           languageId              0000C108 
    -------------------------------------------------------------------------
<XDATA_ROM_C> 1 (was XDATA_ROM_C)
  Relative segment, address: CONST 0000C000 - 0000C023 (0x24 bytes), align: 0
  Segment part 47.            Intra module refs:   usbdpGetStringDesc
           LOCAL                   ADDRESS         
           =====                   =======         
           manufacturer            0000C000 
    -------------------------------------------------------------------------
<XDATA_ROM_C> 1 (was XDATA_ROM_C)
  Relative segment, address: CONST 0000C048 - 0000C06B (0x24 bytes), align: 0
  Segment part 48.            Intra module refs:   usbdpGetStringDesc
           LOCAL                   ADDRESS         
           =====                   =======         
           product                 0000C048 
    -------------------------------------------------------------------------
XDATA_I
  Relative segment, address: XDATA 00000329 - 00000352 (0x2a bytes), align: 0
  Segment part 49.            Intra module refs:   usbdpGetStringDesc
           LOCAL                   ADDRESS         
           =====                   =======         
           serialNumber            00000329 
    -------------------------------------------------------------------------
<XDATA_ROM_C> 1 (was XDATA_ROM_C)
  Relative segment, address: CONST 0000C0CC - 0000C0DB (0x10 bytes), align: 0
  Segment part 51.            Intra module refs:   ?Subroutine5
           ENTRY                   ADDRESS         REF BY
           =====                   =======         ======
           hexDigit                0000C0CC 
    -------------------------------------------------------------------------
XDATA_Z
  Relative segment, address: XDATA 00000302 - 00000315 (0x14 bytes), align: 0
  Segment part 52.            Intra module refs:   ?Subroutine22
                                                   ChangeFeature
                                                   ConfigureEndpoints
                                                   usbfwInit
                                                   usbfwResetHandler
                                                   usbfwSetAllEpStatus
                                                   usbfwSetupHandler
                                                   usbsrGetConfiguration
                                                   usbsrGetDescriptor
                                                   usbsrGetInterface
                                                   usbsrGetStatus
                                                   usbsrSetAddress
                                                   usbsrSetConfiguration
                                                   usbsrSetInterface
           ENTRY                   ADDRESS         REF BY
           =====                   =======         ======
           usbfwData               00000302        Segment part 134 (usb_firmware_library_config)
                                                   usbcrHookProcessIn (usb_firmware_library_config)
    -------------------------------------------------------------------------
XDATA_Z
  Relative segment, address: XDATA 00000316 - 0000031A (0x5 bytes), align: 0
  Segment part 53.            Intra module refs:   ?Subroutine14
                                                   ?Subroutine16
                                                   ?Subroutine19
                                                   ?Subroutine21
                                                   ?Subroutine8
                                                   usbfwSetupHandler
                                                   usbsrGetConfiguration
                                                   usbsrGetDescriptor
                                                   usbsrGetInterface
                                                   usbsrGetStatus
           ENTRY                   ADDRESS         REF BY
           =====                   =======         ======
           usbSetupData            00000316        usbcrHookProcessIn (usb_firmware_library_config)
    -------------------------------------------------------------------------
XDATA_Z
  Relative segment, address: XDATA 0000031B - 00000322 (0x8 bytes), align: 0
  Segment part 54.            Intra module refs:   ?Subroutine6
                                                   ChangeFeature
                                                   usbfwSetupHandler
                                                   usbsrGetDescriptor
                                                   usbsrGetInterface
                                                   usbsrGetStatus
                                                   usbsrSetAddress
                                                   usbsrSetConfiguration
                                                   usbsrSetInterface
           ENTRY                   ADDRESS         REF BY
           =====                   =======         ======
           usbSetupHeader          0000031B        usbcrHookProcessIn (usb_firmware_library_config)
    -------------------------------------------------------------------------
DATA_Z
  Relative segment, address: DATA 00000015 - 00000016 (0x2 bytes), align: 0
  Segment part 55.            Intra module refs:   usbfwResetHandler
                                                   usbfwSetupHandler
           LOCAL                   ADDRESS         
           =====                   =======         
           ProcessFunc             00000015 
    -------------------------------------------------------------------------
DATA_Z
  Relative segment, address: DATA 00000017 - 0000001B (0x5 bytes), align: 0
  Segment part 56.            Intra module refs:   usbirqHandler
                                                   usbirqInit
           ENTRY                   ADDRESS         REF BY
           =====                   =======         ======
           usbirqData              00000017        usb_msd_poll (usb_firmware_library_config)
    -------------------------------------------------------------------------
<BANKED_CODE,XDATA_ROM_C_FLASH> 1 (was BANKED_CODE)
  Relative segment, address: CODE 0003C253 - 0003C257 (0x5 bytes), align: 0
  Segment part 69.            Intra module refs:   usbirqHandler
                                                   usbirqInit
           LOCAL                   ADDRESS         
           =====                   =======         
           ?Subroutine1            0003C253 
    -------------------------------------------------------------------------
<BANKED_CODE,XDATA_ROM_C_FLASH> 1 (was BANKED_CODE)
  Relative segment, address: CODE 0003C258 - 0003C25C (0x5 bytes), align: 0
  Segment part 70.            Intra module refs:   ?Subroutine1
                                                   HalFlashWrite
                                                   ublAesAuth
                                                   ublCfg
                                                   usbdpGetConfigurationDesc
                                                   usbfwInit
    -------------------------------------------------------------------------
<BANKED_CODE,XDATA_ROM_C_FLASH> 1 (was BANKED_CODE)
  Relative segment, address: CODE 0003C25D - 0003C261 (0x5 bytes), align: 0
  Segment part 71.            Intra module refs:   ublAesCrypt::?relay
           ENTRY                   ADDRESS         REF BY
           =====                   =======         ======
           ublAesCrypt             0003C25D 
    -------------------------------------------------------------------------
<BANKED_CODE,XDATA_ROM_C_FLASH> 1 (was BANKED_CODE)
  Relative segment, address: CODE 0003C262 - 0003C319 (0xb8 bytes), align: 0
  Segment part 73.            Intra module refs:   ublCfg::?relay
           ENTRY                   ADDRESS         REF BY
           =====                   =======         ======
           ublCfg                  0003C262 
               calls direct
               XSTACK = 00000000 ( 00000010 )
    -------------------------------------------------------------------------
<BANKED_CODE,XDATA_ROM_C_FLASH> 1 (was BANKED_CODE)
  Relative segment, address: CODE 0003C31A - 0003C3DB (0xc2 bytes), align: 0
  Segment part 75.            Intra module refs:   ublExec::?relay
           ENTRY                   ADDRESS         REF BY
           =====                   =======         ======
           ublExec                 0003C31A 
               calls direct
               XSTACK = 00000000 ( 00000010 )
               ISTACK = 00000000 ( 00000001 )
    -------------------------------------------------------------------------
<BANKED_CODE,XDATA_ROM_C_FLASH> 1 (was BANKED_CODE)
  Relative segment, address: CODE 0003C3DC - 0003C4F9 (0x11e bytes), align: 0
  Segment part 77.            Intra module refs:   ublInit::?relay
           ENTRY                   ADDRESS         REF BY
           =====                   =======         ======
           ublInit                 0003C3DC 
               calls direct
               XSTACK = 00000000 ( 00000016 )
    -------------------------------------------------------------------------
<BANKED_CODE,XDATA_ROM_C_FLASH> 1 (was BANKED_CODE)
  Relative segment, address: CODE 0003C4FA - 0003C503 (0xa bytes), align: 0
  Segment part 79.            Intra module refs:   HalFlashWrite
                                                   ublInit
           LOCAL                   ADDRESS         
           =====                   =======         
           ?Subroutine12           0003C4FA 
    -------------------------------------------------------------------------
<BANKED_CODE,XDATA_ROM_C_FLASH> 1 (was BANKED_CODE)
  Relative segment, address: CODE 0003C504 - 0003C515 (0x12 bytes), align: 0
  Segment part 80.            Intra module refs:   ublCfg
                                                   ublInit
           LOCAL                   ADDRESS         
           =====                   =======         
           ?Subroutine11           0003C504 
    -------------------------------------------------------------------------
<BANKED_CODE,XDATA_ROM_C_FLASH> 1 (was BANKED_CODE)
  Relative segment, address: CODE 0003C516 - 0003C51C (0x7 bytes), align: 0
  Segment part 81.            Intra module refs:   ublExec
                                                   ublInit
           LOCAL                   ADDRESS         
           =====                   =======         
           ?Subroutine9            0003C516 
    -------------------------------------------------------------------------
<BANKED_CODE,XDATA_ROM_C_FLASH> 1 (was BANKED_CODE)
  Relative segment, address: CODE 0003C51D - 0003C529 (0xd bytes), align: 0
  Segment part 82.            Intra module refs:   ublJump::?relay
           ENTRY                   ADDRESS         REF BY
           =====                   =======         ======
           ublJump                 0003C51D 
               XSTACK = 00000014 ( 00000000 )
    -------------------------------------------------------------------------
<BANKED_CODE,XDATA_ROM_C_FLASH> 1 (was BANKED_CODE)
  Relative segment, address: CODE 0003C52A - 0003C576 (0x4d bytes), align: 0
  Segment part 84.            Intra module refs:   ublMassErase::?relay
           ENTRY                   ADDRESS         REF BY
           =====                   =======         ======
           ublMassErase            0003C52A 
               XSTACK = 0000000E ( 00000000 )
               ISTACK = 00000000 ( 00000003 )
    -------------------------------------------------------------------------
<BANKED_CODE,XDATA_ROM_C_FLASH> 1 (was BANKED_CODE)
  Relative segment, address: CODE 0003C577 - 0003C58D (0x17 bytes), align: 0
  Segment part 86.
           ENTRY                   ADDRESS         REF BY
           =====                   =======         ======
           main                    0003C577        ?call_main (?cmain)
               calls direct
    -------------------------------------------------------------------------
<BANKED_CODE,XDATA_ROM_C_FLASH> 1 (was BANKED_CODE)
  Relative segment, address: CODE 0003C58E - 0003C5D4 (0x47 bytes), align: 0
  Segment part 90.            Intra module refs:   usbdpFindNext::?relay
           ENTRY                   ADDRESS         REF BY
           =====                   =======         ======
           usbdpFindNext           0003C58E 
               XSTACK = 00000013 ( 00000000 )
               ISTACK = 00000000 ( 00000002 )
    -------------------------------------------------------------------------
<BANKED_CODE,XDATA_ROM_C_FLASH> 1 (was BANKED_CODE)
  Relative segment, address: CODE 0003C5D5 - 0003C5D7 (0x3 bytes), align: 0
  Segment part 92.            Intra module refs:   usbfwSetupHandler
                                                   usbsrGetDescriptor
           LOCAL                   ADDRESS         
           =====                   =======         
           ?Subroutine14           0003C5D5 
    -------------------------------------------------------------------------
<BANKED_CODE,XDATA_ROM_C_FLASH> 1 (was BANKED_CODE)
  Relative segment, address: CODE 0003C5D8 - 0003C5DB (0x4 bytes), align: 0
  Segment part 93.            Intra module refs:   ?Subroutine14
                                                   ublAesAuth
                                                   usbdpFindNext
    -------------------------------------------------------------------------
<BANKED_CODE,XDATA_ROM_C_FLASH> 1 (was BANKED_CODE)
  Relative segment, address: CODE 0003C5DC - 0003C5E1 (0x6 bytes), align: 0
  Segment part 94.            Intra module refs:   ?Subroutine10
                                                   ?Subroutine13
                                                   ?Subroutine9
                                                   Segment part 154
                                                   Segment part 93
           LOCAL                   ADDRESS         
           =====                   =======         
           ?Subroutine20           0003C5DC 
    -------------------------------------------------------------------------
<BANKED_CODE,XDATA_ROM_C_FLASH> 1 (was BANKED_CODE)
  Relative segment, address: CODE 0003C5E2 - 0003C603 (0x22 bytes), align: 0
  Segment part 95.            Intra module refs:   usbdpFindNext
           LOCAL                   ADDRESS         
           =====                   =======         
           ?Subroutine7            0003C5E2 
    -------------------------------------------------------------------------
<BANKED_CODE,XDATA_ROM_C_FLASH> 1 (was BANKED_CODE)
  Relative segment, address: CODE 0003C604 - 0003C613 (0x10 bytes), align: 0
  Segment part 96.            Intra module refs:   usbdpGetDeviceDesc::?relay
           ENTRY                   ADDRESS         REF BY
           =====                   =======         ======
           usbdpGetDeviceDesc      0003C604 
               calls direct
               XSTACK = 0000000F ( 00000000 )
               ISTACK = 00000000 ( 00000002 )
    -------------------------------------------------------------------------
<BANKED_CODE,XDATA_ROM_C_FLASH> 1 (was BANKED_CODE)
  Relative segment, address: CODE 0003C614 - 0003C61A (0x7 bytes), align: 0
  Segment part 98.            Intra module refs:   ublMassErase
           LOCAL                   ADDRESS         
           =====                   =======         
           ?Subroutine2            0003C614 
    -------------------------------------------------------------------------
<BANKED_CODE,XDATA_ROM_C_FLASH> 1 (was BANKED_CODE)
  Relative segment, address: CODE 0003C61B - 0003C61B (0x1 bytes), align: 0
  Segment part 99.            Intra module refs:   ?Subroutine2
                                                   usbsrGetConfiguration
    -------------------------------------------------------------------------
<BANKED_CODE,XDATA_ROM_C_FLASH> 1 (was BANKED_CODE)
  Relative segment, address: CODE 0003C61C - 0003C622 (0x7 bytes), align: 0
  Segment part 100.           Intra module refs:   Segment part 99
                                                   usbdpFindNext
                                                   usbdpGetDeviceDesc
                                                   usbfwResetHandler
                                                   usbfwSetAllEpStatus
                                                   usbsrClearFeature
                                                   usbsrGetStatus
                                                   usbsrSetAddress
                                                   usbsrSetFeature
    -------------------------------------------------------------------------
<BANKED_CODE,XDATA_ROM_C_FLASH> 1 (was BANKED_CODE)
  Relative segment, address: CODE 0003C623 - 0003C658 (0x36 bytes), align: 0
  Segment part 101.           Intra module refs:   usbdpGetConfigurationDesc::?relay
           ENTRY                   ADDRESS         REF BY
           =====                   =======         ======
           usbdpGetConfigurationDesc
                                   0003C623 
               calls direct
               XSTACK = 0000000F ( 0000000A )
    -------------------------------------------------------------------------
<BANKED_CODE,XDATA_ROM_C_FLASH> 1 (was BANKED_CODE)
  Relative segment, address: CODE 0003C659 - 0003C667 (0xf bytes), align: 0
  Segment part 103.           Intra module refs:   usbdpGetConfigurationDesc
                                                   usbdpGetDeviceDesc
           LOCAL                   ADDRESS         
           =====                   =======         
           ?Subroutine10           0003C659 
    -------------------------------------------------------------------------
<BANKED_CODE,XDATA_ROM_C_FLASH> 1 (was BANKED_CODE)
  Relative segment, address: CODE 0003C668 - 0003C69B (0x34 bytes), align: 0
  Segment part 104.           Intra module refs:   usbdpGetInterfaceDesc::?relay
           ENTRY                   ADDRESS         REF BY
           =====                   =======         ======
           usbdpGetInterfaceDesc   0003C668 
               calls direct
               XSTACK = 0000000C ( 0000000C )
    -------------------------------------------------------------------------
<BANKED_CODE,XDATA_ROM_C_FLASH> 1 (was BANKED_CODE)
  Relative segment, address: CODE 0003C69C - 0003C737 (0x9c bytes), align: 0
  Segment part 106.           Intra module refs:   usbdpGetStringDesc::?relay
           ENTRY                   ADDRESS         REF BY
           =====                   =======         ======
           usbdpGetStringDesc      0003C69C 
               XSTACK = 0000000F ( 00000011 )
               ISTACK = 00000000 ( 00000001 )
    -------------------------------------------------------------------------
<BANKED_CODE,XDATA_ROM_C_FLASH> 1 (was BANKED_CODE)
  Relative segment, address: CODE 0003C738 - 0003C746 (0xf bytes), align: 0
  Segment part 108.           Intra module refs:   usbdpGetStringDesc
           LOCAL                   ADDRESS         
           =====                   =======         
           ?Subroutine5            0003C738 
    -------------------------------------------------------------------------
<BANKED_CODE,XDATA_ROM_C_FLASH> 1 (was BANKED_CODE)
  Relative segment, address: CODE 0003C747 - 0003C77F (0x39 bytes), align: 0
  Segment part 109.           Intra module refs:   usbfwInit::?relay
           ENTRY                   ADDRESS         REF BY
           =====                   =======         ======
           usbfwInit               0003C747 
               calls direct
               XSTACK = 00000000 ( 0000000A )
    -------------------------------------------------------------------------
<BANKED_CODE,XDATA_ROM_C_FLASH> 1 (was BANKED_CODE)
  Relative segment, address: CODE 0003C780 - 0003C79E (0x1f bytes), align: 0
  Segment part 111.           Intra module refs:   usbfwResetHandler::?relay
           ENTRY                   ADDRESS         REF BY
           =====                   =======         ======
           usbfwResetHandler       0003C780 
               calls direct
               ISTACK = 00000000 ( 00000002 )
    -------------------------------------------------------------------------
<BANKED_CODE,XDATA_ROM_C_FLASH> 1 (was BANKED_CODE)
  Relative segment, address: CODE 0003C79F - 0003C9A7 (0x209 bytes), align: 0
  Segment part 113.           Intra module refs:   usbfwSetupHandler::?relay
           ENTRY                   ADDRESS         REF BY
           =====                   =======         ======
           usbfwSetupHandler       0003C79F 
               calls direct
               XSTACK = 00000000 ( 0000000E )
    -------------------------------------------------------------------------
<BANKED_CODE,XDATA_ROM_C_FLASH> 1 (was BANKED_CODE)
  Relative segment, address: CODE 0003C9A8 - 0003C9A8 (0x1 bytes), align: 0
  Segment part 115.           Intra module refs:   usbfwSetupHandler
                                                   usbsrGetInterface
           LOCAL                   ADDRESS         
           =====                   =======         
           ?Subroutine0            0003C9A8 
    -------------------------------------------------------------------------
<BANKED_CODE,XDATA_ROM_C_FLASH> 1 (was BANKED_CODE)
  Relative segment, address: CODE 0003C9A9 - 0003C9AD (0x5 bytes), align: 0
  Segment part 116.           Intra module refs:   ?Subroutine0
                                                   HalFlashRead
    -------------------------------------------------------------------------
<BANKED_CODE,XDATA_ROM_C_FLASH> 1 (was BANKED_CODE)
  Relative segment, address: CODE 0003C9AE - 0003C9BD (0x10 bytes), align: 0
  Segment part 117.           Intra module refs:   usbfwSetupHandler
           LOCAL                   ADDRESS         
           =====                   =======         
           ?Subroutine19           0003C9AE 
    -------------------------------------------------------------------------
<BANKED_CODE,XDATA_ROM_C_FLASH> 1 (was BANKED_CODE)
  Relative segment, address: CODE 0003C9BE - 0003C9C7 (0xa bytes), align: 0
  Segment part 118.           Intra module refs:   usbfwSetupHandler
           LOCAL                   ADDRESS         
           =====                   =======         
           ?Subroutine15           0003C9BE 
    -------------------------------------------------------------------------
<BANKED_CODE,XDATA_ROM_C_FLASH> 1 (was BANKED_CODE)
  Relative segment, address: CODE 0003C9C8 - 0003C9E1 (0x1a bytes), align: 0
  Segment part 119.           Intra module refs:   usbfwSetAllEpStatus::?relay
           ENTRY                   ADDRESS         REF BY
           =====                   =======         ======
           usbfwSetAllEpStatus     0003C9C8 
               XSTACK = 0000000C ( 00000000 )
               ISTACK = 00000000 ( 00000002 )
    -------------------------------------------------------------------------
<BANKED_CODE,XDATA_ROM_C_FLASH> 1 (was BANKED_CODE)
  Relative segment, address: CODE 0003C9E2 - 0003CA0A (0x29 bytes), align: 0
  Segment part 121.           Intra module refs:   usbfwReadFifo::?relay
           ENTRY                   ADDRESS         REF BY
           =====                   =======         ======
           usbfwReadFifo           0003C9E2 
               XSTACK = 0000000E ( 00000009 )
               ISTACK = 00000000 ( 00000001 )
    -------------------------------------------------------------------------
<BANKED_CODE,XDATA_ROM_C_FLASH> 1 (was BANKED_CODE)
  Relative segment, address: CODE 0003CA0B - 0003CA0D (0x3 bytes), align: 0
  Segment part 123.           Intra module refs:   usbfwSetupHandler
           LOCAL                   ADDRESS         
           =====                   =======         
           ?Subroutine8            0003CA0B 
    -------------------------------------------------------------------------
<BANKED_CODE,XDATA_ROM_C_FLASH> 1 (was BANKED_CODE)
  Relative segment, address: CODE 0003CA0E - 0003CA10 (0x3 bytes), align: 0
  Segment part 124.           Intra module refs:   ?Subroutine8
                                                   usbfwReadFifo
                                                   usbfwWriteFifo
    -------------------------------------------------------------------------
<BANKED_CODE,XDATA_ROM_C_FLASH> 1 (was BANKED_CODE)
  Relative segment, address: CODE 0003CA11 - 0003CA16 (0x6 bytes), align: 0
  Segment part 125.           Intra module refs:   HalFlashRead
                                                   Segment part 124
                                                   usbdpFindNext
                                                   usbsrGetDescriptor
    -------------------------------------------------------------------------
<BANKED_CODE,XDATA_ROM_C_FLASH> 1 (was BANKED_CODE)
  Relative segment, address: CODE 0003CA17 - 0003CA3D (0x27 bytes), align: 0
  Segment part 126.           Intra module refs:   usbfwWriteFifo::?relay
           ENTRY                   ADDRESS         REF BY
           =====                   =======         ======
           usbfwWriteFifo          0003CA17 
               XSTACK = 0000000E ( 00000009 )
               ISTACK = 00000000 ( 00000001 )
    -------------------------------------------------------------------------
<BANKED_CODE,XDATA_ROM_C_FLASH> 1 (was BANKED_CODE)
  Relative segment, address: CODE 0003CA3E - 0003CA42 (0x5 bytes), align: 0
  Segment part 128.           Intra module refs:   ChangeFeature
                                                   usbdpGetStringDesc
                                                   usbfwReadFifo
                                                   usbfwWriteFifo
           LOCAL                   ADDRESS         
           =====                   =======         
           ?Subroutine4            0003CA3E 
    -------------------------------------------------------------------------
<BANKED_CODE,XDATA_ROM_C_FLASH> 1 (was BANKED_CODE)
  Relative segment, address: CODE 0003CA43 - 0003CA80 (0x3e bytes), align: 0
  Segment part 129.           Intra module refs:   usbirqInit::?relay
           ENTRY                   ADDRESS         REF BY
           =====                   =======         ======
           usbirqInit              0003CA43 
               XSTACK = 00000000 ( 0000000A )
    -------------------------------------------------------------------------
<BANKED_CODE,XDATA_ROM_C_FLASH> 1 (was BANKED_CODE)
  Relative segment, address: CODE 0003CA81 - 0003CB20 (0xa0 bytes), align: 0
  Segment part 131.           Intra module refs:   usbirqHandler::?relay
           ENTRY                   ADDRESS         REF BY
           =====                   =======         ======
           usbirqHandler           0003CA81 
               calls direct
               XSTACK = 00000000 ( 0000000A )
    -------------------------------------------------------------------------
<BANKED_CODE,XDATA_ROM_C_FLASH> 1 (was BANKED_CODE)
  Relative segment, address: CODE 0003CB21 - 0003CBF9 (0xd9 bytes), align: 0
  Segment part 133.           Intra module refs:   usbsrGetStatus::?relay
           ENTRY                   ADDRESS         REF BY
           =====                   =======         ======
           usbsrGetStatus          0003CB21 
               XSTACK = 0000000B ( 00000000 )
               ISTACK = 00000000 ( 00000002 )
    -------------------------------------------------------------------------
XDATA_Z
  Relative segment, address: XDATA 00000323 - 00000324 (0x2 bytes), align: 0
  Segment part 57.            Intra module refs:   usbsrGetStatus
           LOCAL                   ADDRESS         
           =====                   =======         
           usbsrGetStatus::status
                                   00000323 
    -------------------------------------------------------------------------
<BANKED_CODE,XDATA_ROM_C_FLASH> 1 (was BANKED_CODE)
  Relative segment, address: CODE 0003CBFA - 0003CCE6 (0xed bytes), align: 0
  Segment part 135.           Intra module refs:   ChangeFeature::?relay
           LOCAL                   ADDRESS         
           =====                   =======         
           ChangeFeature           0003CBFA 
               calls direct
               XSTACK = 00000000 ( 00000009 )
               ISTACK = 00000000 ( 00000001 )
    -------------------------------------------------------------------------
<BANKED_CODE,XDATA_ROM_C_FLASH> 1 (was BANKED_CODE)
  Relative segment, address: CODE 0003CCE7 - 0003CCF8 (0x12 bytes), align: 0
  Segment part 137.           Intra module refs:   usbsrClearFeature::?relay
           ENTRY                   ADDRESS         REF BY
           =====                   =======         ======
           usbsrClearFeature       0003CCE7 
               calls direct
               XSTACK = 0000000B ( 00000000 )
               ISTACK = 00000000 ( 00000002 )
    -------------------------------------------------------------------------
<BANKED_CODE,XDATA_ROM_C_FLASH> 1 (was BANKED_CODE)
  Relative segment, address: CODE 0003CCF9 - 0003CD0A (0x12 bytes), align: 0
  Segment part 139.           Intra module refs:   usbsrSetFeature::?relay
           ENTRY                   ADDRESS         REF BY
           =====                   =======         ======
           usbsrSetFeature         0003CCF9 
               calls direct
               XSTACK = 0000000B ( 00000000 )
               ISTACK = 00000000 ( 00000002 )
    -------------------------------------------------------------------------
<BANKED_CODE,XDATA_ROM_C_FLASH> 1 (was BANKED_CODE)
  Relative segment, address: CODE 0003CD0B - 0003CD50 (0x46 bytes), align: 0
  Segment part 141.           Intra module refs:   usbsrSetAddress::?relay
           ENTRY                   ADDRESS         REF BY
           =====                   =======         ======
           usbsrSetAddress         0003CD0B 
               XSTACK = 0000000B ( 00000000 )
               ISTACK = 00000000 ( 00000002 )
    -------------------------------------------------------------------------
<BANKED_CODE,XDATA_ROM_C_FLASH> 1 (was BANKED_CODE)
  Relative segment, address: CODE 0003CD51 - 0003CEC2 (0x172 bytes), align: 0
  Segment part 143.           Intra module refs:   usbsrGetDescriptor::?relay
           ENTRY                   ADDRESS         REF BY
           =====                   =======         ======
           usbsrGetDescriptor      0003CD51 
               calls direct
               XSTACK = 0000000B ( 0000000F )
               ISTACK = 00000000 ( 00000001 )
    -------------------------------------------------------------------------
<BANKED_CODE,XDATA_ROM_C_FLASH> 1 (was BANKED_CODE)
  Relative segment, address: CODE 0003CEC3 - 0003CED1 (0xf bytes), align: 0
  Segment part 145.           Intra module refs:   usbsrGetDescriptor
           LOCAL                   ADDRESS         
           =====                   =======         
           ?Subroutine16           0003CEC3 
    -------------------------------------------------------------------------
<BANKED_CODE,XDATA_ROM_C_FLASH> 1 (was BANKED_CODE)
  Relative segment, address: CODE 0003CED2 - 0003CEDB (0xa bytes), align: 0
  Segment part 146.           Intra module refs:   ?Subroutine16
                                                   usbsrGetDescriptor
           LOCAL                   ADDRESS         
           =====                   =======         
           ?Subroutine21           0003CED2 
    -------------------------------------------------------------------------
<BANKED_CODE,XDATA_ROM_C_FLASH> 1 (was BANKED_CODE)
  Relative segment, address: CODE 0003CEDC - 0003CEE0 (0x5 bytes), align: 0
  Segment part 147.           Intra module refs:   ConfigureEndpoints
                                                   usbsrGetDescriptor
                                                   usbsrSetAddress
           LOCAL                   ADDRESS         
           =====                   =======         
           ?Subroutine13           0003CEDC 
    -------------------------------------------------------------------------
<BANKED_CODE,XDATA_ROM_C_FLASH> 1 (was BANKED_CODE)
  Relative segment, address: CODE 0003CEE1 - 0003D034 (0x154 bytes), align: 0
  Segment part 148.           Intra module refs:   ConfigureEndpoints::?relay
           LOCAL                   ADDRESS         
           =====                   =======         
           ConfigureEndpoints      0003CEE1 
               calls direct
               XSTACK = 0000000C ( 00000013 )
    -------------------------------------------------------------------------
<BANKED_CODE,XDATA_ROM_C_FLASH> 1 (was BANKED_CODE)
  Relative segment, address: CODE 0003D035 - 0003D040 (0xc bytes), align: 0
  Segment part 150.           Intra module refs:   ConfigureEndpoints
           LOCAL                   ADDRESS         
           =====                   =======         
           ?Subroutine18           0003D035 
    -------------------------------------------------------------------------
<BANKED_CODE,XDATA_ROM_C_FLASH> 1 (was BANKED_CODE)
  Relative segment, address: CODE 0003D041 - 0003D06F (0x2f bytes), align: 0
  Segment part 151.           Intra module refs:   usbsrGetConfiguration::?relay
           ENTRY                   ADDRESS         REF BY
           =====                   =======         ======
           usbsrGetConfiguration   0003D041 
               XSTACK = 0000000B ( 00000000 )
               ISTACK = 00000000 ( 00000002 )
    -------------------------------------------------------------------------
<BANKED_CODE,XDATA_ROM_C_FLASH> 1 (was BANKED_CODE)
  Relative segment, address: CODE 0003D070 - 0003D072 (0x3 bytes), align: 0
  Segment part 153.           Intra module refs:   usbsrGetConfiguration
                                                   usbsrGetInterface
                                                   usbsrGetStatus
           LOCAL                   ADDRESS         
           =====                   =======         
           ?Subroutine6            0003D070 
    -------------------------------------------------------------------------
<BANKED_CODE,XDATA_ROM_C_FLASH> 1 (was BANKED_CODE)
  Relative segment, address: CODE 0003D073 - 0003D078 (0x6 bytes), align: 0
  Segment part 154.           Intra module refs:   ?Subroutine6
                                                   ChangeFeature
                                                   ublExec
                                                   usbfwSetupHandler
                                                   usbsrGetConfiguration
                                                   usbsrSetAddress
                                                   usbsrSetConfiguration
                                                   usbsrSetInterface
    -------------------------------------------------------------------------
<BANKED_CODE,XDATA_ROM_C_FLASH> 1 (was BANKED_CODE)
  Relative segment, address: CODE 0003D079 - 0003D11E (0xa6 bytes), align: 0
  Segment part 155.           Intra module refs:   usbsrSetConfiguration::?relay
           ENTRY                   ADDRESS         REF BY
           =====                   =======         ======
           usbsrSetConfiguration   0003D079 
               calls direct
               XSTACK = 0000000B ( 0000000C )
    -------------------------------------------------------------------------
<BANKED_CODE,XDATA_ROM_C_FLASH> 1 (was BANKED_CODE)
  Relative segment, address: CODE 0003D11F - 0003D123 (0x5 bytes), align: 0
  Segment part 157.           Intra module refs:   ublExec
                                                   usbdpGetInterfaceDesc
                                                   usbsrSetConfiguration
                                                   usbsrSetInterface
           LOCAL                   ADDRESS         
           =====                   =======         
           ?Subroutine3            0003D11F 
    -------------------------------------------------------------------------
<BANKED_CODE,XDATA_ROM_C_FLASH> 1 (was BANKED_CODE)
  Relative segment, address: CODE 0003D124 - 0003D16D (0x4a bytes), align: 0
  Segment part 158.           Intra module refs:   usbsrGetInterface::?relay
           ENTRY                   ADDRESS         REF BY
           =====                   =======         ======
           usbsrGetInterface       0003D124 
               XSTACK = 0000000B ( 0000000B )
    -------------------------------------------------------------------------
<BANKED_CODE,XDATA_ROM_C_FLASH> 1 (was BANKED_CODE)
  Relative segment, address: CODE 0003D16E - 0003D177 (0xa bytes), align: 0
  Segment part 160.           Intra module refs:   usbsrGetConfiguration
                                                   usbsrGetInterface
           LOCAL                   ADDRESS         
           =====                   =======         
           ?Subroutine17           0003D16E 
    -------------------------------------------------------------------------
<BANKED_CODE,XDATA_ROM_C_FLASH> 1 (was BANKED_CODE)
  Relative segment, address: CODE 0003D178 - 0003D180 (0x9 bytes), align: 0
  Segment part 161.           Intra module refs:   ?Subroutine17
                                                   usbsrGetStatus
           LOCAL                   ADDRESS         
           =====                   =======         
           ?Subroutine22           0003D178 
    -------------------------------------------------------------------------
<BANKED_CODE,XDATA_ROM_C_FLASH> 1 (was BANKED_CODE)
  Relative segment, address: CODE 0003D181 - 0003D1F6 (0x76 bytes), align: 0
  Segment part 162.           Intra module refs:   usbsrSetInterface::?relay
           ENTRY                   ADDRESS         REF BY
           =====                   =======         ======
           usbsrSetInterface       0003D181 
               calls direct
               XSTACK = 0000000B ( 0000000C )
               ISTACK = 00000000 ( 00000001 )
    -------------------------------------------------------------------------
XDATA_ID
  Relative segment, address: CODE 0000008E - 000000B7 (0x2a bytes), align: 0
  Segment part 50.            Intra module refs:   serialNumber
    -------------------------------------------------------------------------
<BANK_RELAYS,CSTART..> 1 (was BANK_RELAYS)
  Relative segment, address: CODE 00000682 - 00000687 (0x6 bytes), align: 0
  Segment part 62.            Intra module refs:   __low_level_init
                                                   ublAesAuth
                                                   ublInit
           ENTRY                   ADDRESS         REF BY
           =====                   =======         ======
           HalFlashRead::?relay    00000682        usb_msd_init (usb_firmware_library_config)
    -------------------------------------------------------------------------
<BANK_RELAYS,CSTART..> 1 (was BANK_RELAYS)
  Relative segment, address: CODE 00000688 - 0000068D (0x6 bytes), align: 0
  Segment part 64.            Intra module refs:   ublAesAuth
                                                   ublCfg
                                                   ublInit
           ENTRY                   ADDRESS         REF BY
           =====                   =======         ======
           HalFlashWrite::?relay   00000688        fakeOpExec (usb_firmware_library_config)
                                                   rxOutEP (usb_firmware_library_config)
    -------------------------------------------------------------------------
<BANK_RELAYS,CSTART..> 1 (was BANK_RELAYS)
  Relative segment, address: CODE 0000068E - 00000693 (0x6 bytes), align: 0
  Segment part 68.
           ENTRY                   ADDRESS         REF BY
           =====                   =======         ======
           ublAesAuth::?relay      0000068E        fakeOpExec (usb_firmware_library_config)
    -------------------------------------------------------------------------
<BANK_RELAYS,CSTART..> 1 (was BANK_RELAYS)
  Relative segment, address: CODE 00000694 - 00000699 (0x6 bytes), align: 0
  Segment part 72.
           ENTRY                   ADDRESS         REF BY
           =====                   =======         ======
           ublAesCrypt::?relay     00000694        fillPgBuf (usb_firmware_library_config)
                                                   rxOutEP (usb_firmware_library_config)
    -------------------------------------------------------------------------
<BANK_RELAYS,CSTART..> 1 (was BANK_RELAYS)
  Relative segment, address: CODE 0000069A - 0000069F (0x6 bytes), align: 0
  Segment part 74.
           ENTRY                   ADDRESS         REF BY
           =====                   =======         ======
           ublCfg::?relay          0000069A        rxOutEP (usb_firmware_library_config)
    -------------------------------------------------------------------------
<BANK_RELAYS,CSTART..> 1 (was BANK_RELAYS)
  Relative segment, address: CODE 000006A0 - 000006A5 (0x6 bytes), align: 0
  Segment part 76.            Intra module refs:   main
           ENTRY                   ADDRESS         REF BY
           =====                   =======         ======
           ublExec::?relay         000006A0 
    -------------------------------------------------------------------------
<BANK_RELAYS,CSTART..> 1 (was BANK_RELAYS)
  Relative segment, address: CODE 000006A6 - 000006AB (0x6 bytes), align: 0
  Segment part 78.            Intra module refs:   main
           ENTRY                   ADDRESS         REF BY
           =====                   =======         ======
           ublInit::?relay         000006A6 
    -------------------------------------------------------------------------
<BANK_RELAYS,CSTART..> 1 (was BANK_RELAYS)
  Relative segment, address: CODE 000006AC - 000006B1 (0x6 bytes), align: 0
  Segment part 83.            Intra module refs:   __low_level_init
                                                   ublExec
                                                   ublInit
           ENTRY                   ADDRESS         REF BY
           =====                   =======         ======
           ublJump::?relay         000006AC 
    -------------------------------------------------------------------------
<BANK_RELAYS,CSTART..> 1 (was BANK_RELAYS)
  Relative segment, address: CODE 000006B2 - 000006B7 (0x6 bytes), align: 0
  Segment part 85.            Intra module refs:   ublCfg
           ENTRY                   ADDRESS         REF BY
           =====                   =======         ======
           ublMassErase::?relay    000006B2        Segment part 103 (usb_firmware_library_config)
                                                   fakeOpExec (usb_firmware_library_config)
                                                   fakeOpPrep (usb_firmware_library_config)
    -------------------------------------------------------------------------
<BANK_RELAYS,CSTART..> 1 (was BANK_RELAYS)
  Relative segment, address: CODE 000006B8 - 000006BD (0x6 bytes), align: 0
  Segment part 91.            Intra module refs:   ConfigureEndpoints
                                                   usbdpGetConfigurationDesc
                                                   usbdpGetDeviceDesc
                                                   usbdpGetInterfaceDesc
                                                   usbsrSetConfiguration
           ENTRY                   ADDRESS         REF BY
           =====                   =======         ======
           usbdpFindNext::?relay   000006B8 
    -------------------------------------------------------------------------
<BANK_RELAYS,CSTART..> 1 (was BANK_RELAYS)
  Relative segment, address: CODE 000006BE - 000006C3 (0x6 bytes), align: 0
  Segment part 97.            Intra module refs:   usbsrGetDescriptor
           ENTRY                   ADDRESS         REF BY
           =====                   =======         ======
           usbdpGetDeviceDesc::?relay
                                   000006BE 
    -------------------------------------------------------------------------
<BANK_RELAYS,CSTART..> 1 (was BANK_RELAYS)
  Relative segment, address: CODE 000006C4 - 000006C9 (0x6 bytes), align: 0
  Segment part 102.           Intra module refs:   usbdpGetInterfaceDesc
                                                   usbfwInit
                                                   usbsrGetDescriptor
                                                   usbsrSetConfiguration
           ENTRY                   ADDRESS         REF BY
[...]

    -------------------------------------------------------------------------
  LIBRARY MODULE, NAME : ?CALL_IND

  SEGMENTS IN THE MODULE
  ======================
<BANK_RELAYS,CSTART..> 1 (was RCODE)
  Relative segment, address: CODE 00000680 - 00000681 (0x2 bytes), align: 0
  Segment part 0.
           ENTRY                   ADDRESS         REF BY
           =====                   =======         ======
           ?CALL_IND               00000680        usbfwSetupHandler (hal_flash)

    -------------------------------------------------------------------------
  LIBRARY MODULE, NAME : ?BANKED_ENTER_XDATA

  SEGMENTS IN THE MODULE
  ======================
<BANK_RELAYS,CSTART..> 1 (was RCODE)
  Relative segment, address: CODE 000002C1 - 0000032C (0x6c bytes), align: 0
  Segment part 1.
           ENTRY                   ADDRESS         REF BY
           =====                   =======         ======
           ?BANKED_ENTER_XDATA     000002C1        ChangeFeature (hal_flash)
                                                   ConfigureEndpoints (hal_flash)
                                                   HalFlashRead (hal_flash)
                                                   HalFlashWrite (hal_flash)
                                                   execCBW (usb_firmware_library_config)
                                                   execCBWCB (usb_firmware_library_config)
                                                   fakeOpExec (usb_firmware_library_config)
                                                   fakeOpPrep (usb_firmware_library_config)
                                                   fakePgBuf (usb_firmware_library_config)
                                                   fillPgBuf (usb_firmware_library_config)
                                                   memcmp (?memcmp)
                                                   memcpy (?memcpy)
                                                   pollOutEP (usb_firmware_library_config)
                                                   rxOutEP (usb_firmware_library_config)
                                                   sbcCmdReadWrite10 (usb_firmware_library_config)
                                                   ublAesAuth (hal_flash)
                                                   ublCfg (hal_flash)
                                                   ublExec (hal_flash)
                                                   ublInit (hal_flash)
                                                   usb_msd_init (usb_firmware_library_config)
                                                   usb_msd_poll (usb_firmware_library_config)
                                                   usbdpGetConfigurationDesc (hal_flash)
                                                   usbdpGetInterfaceDesc (hal_flash)
                                                   usbdpGetStringDesc (hal_flash)
                                                   usbfwInit (hal_flash)
                                                   usbfwReadFifo (hal_flash)
                                                   usbfwSetupHandler (hal_flash)
                                                   usbfwWriteFifo (hal_flash)
                                                   usbirqHandler (hal_flash)
                                                   usbirqInit (hal_flash)
                                                   usbsrGetDescriptor (hal_flash)
                                                   usbsrGetInterface (hal_flash)
                                                   usbsrSetConfiguration (hal_flash)
                                                   usbsrSetInterface (hal_flash)

    -------------------------------------------------------------------------
  LIBRARY MODULE, NAME : ?FUNC_ENTER_XDATA

  SEGMENTS IN THE MODULE
  ======================
<BANK_RELAYS,CSTART..> 1 (was RCODE)
  Relative segment, address: CODE 0000032D - 00000392 (0x66 bytes), align: 0
  Segment part 1.
           ENTRY                   ADDRESS         REF BY
           =====                   =======         ======
           ?FUNC_ENTER_XDATA       0000032D        __low_level_init (hal_flash)

    -------------------------------------------------------------------------
  LIBRARY MODULE, NAME : ?BANKED_LEAVE_XDATA

  SEGMENTS IN THE MODULE
  ======================
<BANK_RELAYS,CSTART..> 1 (was RCODE)
  Relative segment, address: CODE 000003F6 - 0000043B (0x46 bytes), align: 0
  Segment part 1.
           ENTRY                   ADDRESS         REF BY
           =====                   =======         ======
           ?BANKED_LEAVE_XDATA     000003F6        ?Subroutine3 (hal_flash)
                                                   ?Subroutine4 (hal_flash)
                                                   ConfigureEndpoints (hal_flash)
                                                   Segment part 116 (hal_flash)
                                                   Segment part 57 (usb_firmware_library_config)
                                                   Segment part 70 (hal_flash)
                                                   Segment part 72 (usb_firmware_library_config)
                                                   memcmp (?memcmp)
                                                   memcpy (?memcpy)
                                                   ublInit (hal_flash)
                                                   usbsrGetDescriptor (hal_flash)

    -------------------------------------------------------------------------
  LIBRARY MODULE, NAME : ?FUNC_LEAVE_XDATA

  SEGMENTS IN THE MODULE
  ======================
<BANK_RELAYS,CSTART..> 1 (was RCODE)
  Relative segment, address: CODE 0000043C - 0000047B (0x40 bytes), align: 0
  Segment part 1.
           ENTRY                   ADDRESS         REF BY
           =====                   =======         ======
           ?FUNC_LEAVE_XDATA       0000043C        __low_level_init (hal_flash)

    -------------------------------------------------------------------------
  LIBRARY MODULE, NAME : ?PUSH_XSTACK_I

  SEGMENTS IN THE MODULE
  ======================
<BANK_RELAYS,CSTART..> 1 (was RCODE)
  Relative segment, address: CODE 000005B9 - 000005BC (0x4 bytes), align: 0
  Segment part 1.
           ENTRY                   ADDRESS         REF BY
           =====                   =======         ======
           ?PUSH_XSTACK_I_THREE    000005B9        execCBWCB (usb_firmware_library_config)
                                                   usb_msd_poll (usb_firmware_library_config)
                                                   usbfwSetupHandler (hal_flash)
    -------------------------------------------------------------------------
<BANK_RELAYS,CSTART..> 1 (was RCODE)
  Relative segment, address: CODE 000005BD - 000005C0 (0x4 bytes), align: 0
  Segment part 2.
           ENTRY                   ADDRESS         REF BY
           =====                   =======         ======
           ?PUSH_XSTACK_I_TWO      000005BD        __low_level_init (hal_flash)
                                                   execCBW (usb_firmware_library_config)
                                                   fakeOpExec (usb_firmware_library_config)
                                                   fakeOpPrep (usb_firmware_library_config)
                                                   fakePgBuf (usb_firmware_library_config)
                                                   pollOutEP (usb_firmware_library_config)
                                                   rxOutEP (usb_firmware_library_config)
                                                   ublAesAuth (hal_flash)
                                                   ublCfg (hal_flash)
                                                   ublInit (hal_flash)
                                                   usb_msd_init (usb_firmware_library_config)
    -------------------------------------------------------------------------
<BANK_RELAYS,CSTART..> 1 (was RCODE)
  Relative segment, address: CODE 000005C1 - 000005CD (0xd bytes), align: 0
  Segment part 4.             Intra module refs:   ?PUSH_XSTACK_I_THREE
                                                   ?PUSH_XSTACK_I_TWO
           ENTRY                   ADDRESS         REF BY
           =====                   =======         ======
           ?PUSH_XSTACK_I          000005C1 

    -------------------------------------------------------------------------
  LIBRARY MODULE, NAME : ?PUSH_XSTACK8_X

  SEGMENTS IN THE MODULE
  ======================
<BANK_RELAYS,CSTART..> 1 (was RCODE)
  Relative segment, address: CODE 000004B2 - 000004B5 (0x4 bytes), align: 0
  Segment part 2.
           ENTRY                   ADDRESS         REF BY
           =====                   =======         ======
           ?PUSH_XSTACK8_X_THREE   000004B2        usbfwSetupHandler (hal_flash)
    -------------------------------------------------------------------------
<BANK_RELAYS,CSTART..> 1 (was RCODE)
  Relative segment, address: CODE 000004B6 - 000004DE (0x29 bytes), align: 0
  Segment part 5.             Intra module refs:   ?PUSH_XSTACK8_X_THREE
           ENTRY                   ADDRESS         REF BY
           =====                   =======         ======
           ?PUSH_XSTACK8_X         000004B6 

    -------------------------------------------------------------------------
  LIBRARY MODULE, NAME : ?memcmp

  SEGMENTS IN THE MODULE
  ======================
<BANKED_CODE,XDATA_ROM_C_FLASH> 1 (was BANKED_CODE)
  Relative segment, address: CODE 0003E094 - 0003E0DF (0x4c bytes), align: 0
  Segment part 6.             Intra module refs:   memcmp::?relay
           ENTRY                   ADDRESS         REF BY
           =====                   =======         ======
           memcmp                  0003E094 
               XSTACK = 00000002 ( 00000009 )
    -------------------------------------------------------------------------
<BANK_RELAYS,CSTART..> 1 (was BANK_RELAYS)
  Relative segment, address: CODE 000007CC - 000007D1 (0x6 bytes), align: 0
  Segment part 7.
           ENTRY                   ADDRESS         REF BY
           =====                   =======         ======
           memcmp::?relay          000007CC        Segment part 85 (usb_firmware_library_config)
                                                   ublCfg (hal_flash)
                                                   ublInit (hal_flash)

    -------------------------------------------------------------------------
  LIBRARY MODULE, NAME : ?memcpy

  SEGMENTS IN THE MODULE
  ======================
<BANKED_CODE,XDATA_ROM_C_FLASH> 1 (was BANKED_CODE)
  Relative segment, address: CODE 0003E0E0 - 0003E125 (0x46 bytes), align: 0
  Segment part 6.             Intra module refs:   memcpy::?relay
           ENTRY                   ADDRESS         REF BY
           =====                   =======         ======
           memcpy                  0003E0E0 
               XSTACK = 00000002 ( 0000000A )
               ISTACK = 00000000 ( 00000001 )
    -------------------------------------------------------------------------
<BANK_RELAYS,CSTART..> 1 (was BANK_RELAYS)
  Relative segment, address: CODE 000007D2 - 000007D7 (0x6 bytes), align: 0
  Segment part 7.
           ENTRY                   ADDRESS         REF BY
           =====                   =======         ======
           memcpy::?relay          000007D2        Segment part 79 (usb_firmware_library_config)
                                                   ublCfg (hal_flash)

    -------------------------------------------------------------------------
  LIBRARY MODULE, NAME : ?memset

  SEGMENTS IN THE MODULE
  ======================
<BANKED_CODE,XDATA_ROM_C_FLASH> 1 (was BANKED_CODE)
  Relative segment, address: CODE 0003E126 - 0003E151 (0x2c bytes), align: 0
  Segment part 6.             Intra module refs:   memset::?relay
           ENTRY                   ADDRESS         REF BY
           =====                   =======         ======
           memset                  0003E126 
               XSTACK = 00000002 ( 00000000 )
               ISTACK = 00000000 ( 00000002 )
    -------------------------------------------------------------------------
<BANK_RELAYS,CSTART..> 1 (was BANK_RELAYS)
  Relative segment, address: CODE 000007D8 - 000007DD (0x6 bytes), align: 0
  Segment part 7.
           ENTRY                   ADDRESS         REF BY
           =====                   =======         ======
           memset::?relay          000007D8        Segment part 93 (usb_firmware_library_config)

    *************************************************************************

  DEFINED ABSOLUTE ENTRIES
  PROGRAM MODULE, NAME : ?FILLER_BYTES

  SEGMENTS IN THE MODULE
  ======================
INTVEC
  Common segment, address: CODE 00000000 - 0000008D (0x8e bytes), align: 0
  Segment part 2.
    -------------------------------------------------------------------------
?FILL2
  Relative segment, address: CODE 0003E152 - 0003E7FF (0x6ae bytes), align: 0
  Segment part 1.
    -------------------------------------------------------------------------
?FILL1
  Relative segment, address: CODE 000007DE - 000007FF (0x22 bytes), align: 0
  Segment part 0.




                ****************************************
                *                                      *
                *            MODULE SUMMARY            *
                *                                      *
                ****************************************

Module                         CODE      DATA      XDATA  IDATA    BIT  CONST
------                         ----      ----      -----  -----    ---  -----
                              (Rel)  (Rel)  (Abs)  (Rel)  (Rel)  (Rel)  (Rel)
?ADD_XSTACK_DISP8                27
?ALLOC_XSTACK8                   22
?BANKED_CODE_SUPPORT             30
?BANKED_ENTER_XDATA             108
?BANKED_LEAVE_XDATA              70
?CALL_IND                         2
?C_GPTR_LOAD                     26
?C_GPTR_STORE                    22
?DEALLOC_XSTACK8                 27
?FILLER_BYTES                 1 744
  + common                      142
?FUNC_ENTER_XDATA               102
?FUNC_LEAVE_XDATA                64
?L_MOV_TO_X                      15
?L_MOV_X                         15
?L_SHL                           31
?L_SUB_FROM_X                    20
?MOVE_LONG8_XDATA_IDATA          13
?MOVE_LONG8_XDATA_XDATA          33
?PUSH_XSTACK8_X                  45
?PUSH_XSTACK_I                   21
?S_SHL                           19
?UL_DIV_MOD                     111
?UL_GT_X                         16
?US_SHR                          15
?XLOAD_R2345                     12
?XSTACK_DISP8                    10
?XSTACK_DISP8_RP                  8
?XSTORE_R2345                    12
?cexit                            5
?cmain                           99
?memcmp                          82
?memcpy                          76
?memset                          50
CSTARTUP                         18
  + common                        3
VIRTUAL_REGISTERS                       13                           8
hal_flash                     5 029      7     20  2 243                  146
  + shared                                      8
ubl_ivec
  + common                      142
usb_descriptor                   54
usb_firmware_library_config   4 093             5  2 521                  146
N/A (command line)                       8           768    192
N/A (alignment)
----------                   ------     --     --  -----    ---      -    ---
Total:                       12 146     28     33  5 532    192      8    292
  + common                      142


                ****************************************
                *                                      *
                *      SEGMENTS IN ADDRESS ORDER       *
                *                                      *
                ****************************************


SEGMENT              SPACE    START ADDRESS   END ADDRESS     SIZE  TYPE  ALIGN
=======              =====    =============   ===========     ====  ====  =====
INTVEC               CODE          00000000 - 0000008D          8E   com    1
BIT_ID               CODE               0000008E                     dse    0
BDATA_ID             CODE               0000008E                     dse    0
IDATA_ID             CODE               0000008E                     dse    0
IXDATA_ID            CODE               0000008E                     dse    0
PDATA_ID             CODE               0000008E                     dse    0
DATA_ID              CODE               0000008E                     dse    0
XDATA_ID             CODE          0000008E - 00000101          74   rel    0
<BANK_RELAYS,CSTART..> 1
                     CODE          00000102 - 000007DD         6DC   rel    0
?FILL1               CODE          000007DE - 000007FF          22   rel    0
<BANKED_CODE,XDATA_ROM_C_FLASH> 1
                     CODE          0003C000 - 0003E151        2152   rel    0
?FILL2               CODE          0003E152 - 0003E7FF         6AE   rel    0
REGISTERS            DATA          00000000 - 00000007           8   rel    0
VREG                 DATA          00000008 - 00000012           B   rel    0
PSP                  DATA               00000013                     dse    0
XSP                  DATA          00000013 - 00000014           2   rel    0
DATA_I               DATA               00000015                     dse    0
DATA_Z               DATA          00000015 - 0000001B           7   rel    0
BREG                 BIT        00000020.0  -  00000020.7        8   rel    0
SFR_AN               DATA          0000008B - 0000008B           1   rel    0
                     DATA          0000008F - 00000090           2 
                     DATA          00000095 - 00000097           3 
                     DATA          0000009A - 0000009A           1 
                     DATA          0000009D - 0000009D           1 
                     DATA          000000A8 - 000000A8           1 
                     DATA          000000AC - 000000AC           1 
                     DATA          000000B4 - 000000B4           1 
                     DATA          000000B6 - 000000B6           1 
                     DATA          000000B8 - 000000B8           1 
                     DATA          000000BB - 000000BB           1 
                     DATA          000000C6 - 000000C7           2 
                     DATA          000000C9 - 000000C9           1 
                     DATA          000000D1 - 000000D7           7 
                     DATA          000000E8 - 000000E8           1 
                     DATA          000000F3 - 000000F7           5 
                     DATA          000000FD - 000000FF           3 
XSTACK               XDATA         00000000 - 000002FF         300   rel    0
XDATA_Z              XDATA         00000300 - 00000328          29   rel    0
XDATA_I              XDATA         00000329 - 0000039C          74   rel    0
<XDATA_N> 1          XDATA         0000039D - 0000159B        11FF   rel    0
<XDATA_ROM_C> 1      CONST         0000C000 - 0000C123         124   rel    0
ISTACK               IDATA         00000040 - 000000FF          C0   rel    0

                ****************************************
                *                                      *
                *        END OF CROSS REFERENCE        *
                *                                      *
                ****************************************

 10 544 bytes of CODE  memory (+             1 744 range fill )
     28 bytes of DATA  memory (+ 33 absolute )
  5 532 bytes of XDATA memory
    192 bytes of IDATA memory
      8 bits  of BIT   memory
    292 bytes of CONST memory

Errors: none
Warnings: none

