################################################################################
#                                                                              #
#      IAR Universal Linker V6.2.2.68                                          #
#                                                                              #
#           Link time     =  14/Dec/2018  10:03:00                             #
#           Target CPU    =  x51                                               #
#           List file     =  C:\BLE-CC254x-1.4.2.2.200_200\Projects\ble\util\U #
#                            BL\soc_8051\usb_msd\iar\CC2540-DK\List\UBL.map    #
#           Output file 1 =  C:\BLE-CC254x-1.4.2.2.200_200\Projects\ble\util\U #
#                            BL\soc_8051\usb_msd\iar\CC2540-DK\Exe\UBL.d51     #
#                            Format: ubrof10                                   #
#                            UBROF version 10.0.6                              #
#                            Using library modules for C-SPY (-rt)             #
#           Output file 2 =  C:\BLE-CC254x-1.4.2.2.200_200\Projects\ble\util\U #
#                            BL\soc_8051\usb_msd\iar\CC2540-DK\Exe\UBL.hex     #
#                            Format: intel-extended                            #
#           Command line  =  -a -D_NR_OF_BANKS=0x07 -D_CODEBANK_END=0xFFFF     #
#                            -D_CODEBANK_START=0x8000 -D?CBANK_MASK=0xFF       #
#                            -D?CBANK=0x9F                                     #
#                            "-IC:\Program Files (x86)\IAR Systems\Embedded Wo #
#                            rkbench 7.2\8051\CONFIG\"                         #
#                            C:\BLE-CC254x-1.4.2.2.200_200\Projects\ble\util\U #
#                            BL\soc_8051\usb_msd\iar\CC2540-DK\Obj\hal_flash.r #
#                            51                                                #
#                            C:\BLE-CC254x-1.4.2.2.200_200\Projects\ble\util\U #
#                            BL\soc_8051\usb_msd\iar\CC2540-DK\Obj\ubl_exec.r5 #
#                            1                                                 #
#                            C:\BLE-CC254x-1.4.2.2.200_200\Projects\ble\util\U #
#                            BL\soc_8051\usb_msd\iar\CC2540-DK\Obj\ubl_ivec.r5 #
#                            1                                                 #
#                            C:\BLE-CC254x-1.4.2.2.200_200\Projects\ble\util\U #
#                            BL\soc_8051\usb_msd\iar\CC2540-DK\Obj\ubl_main.r5 #
#                            1                                                 #
#                            C:\BLE-CC254x-1.4.2.2.200_200\Projects\ble\util\U #
#                            BL\soc_8051\usb_msd\iar\CC2540-DK\Obj\usb_descrip #
#                            tor_parser.r51                                    #
#                            C:\BLE-CC254x-1.4.2.2.200_200\Projects\ble\util\U #
#                            BL\soc_8051\usb_msd\iar\CC2540-DK\Obj\usb_framewo #
#                            rk.r51                                            #
#                            C:\BLE-CC254x-1.4.2.2.200_200\Projects\ble\util\U #
#                            BL\soc_8051\usb_msd\iar\CC2540-DK\Obj\usb_interru #
#                            pt.r51                                            #
#                            C:\BLE-CC254x-1.4.2.2.200_200\Projects\ble\util\U #
#                            BL\soc_8051\usb_msd\hal\usb\class_msd\usb_msd_805 #
#                            1.lib                                             #
#                            C:\BLE-CC254x-1.4.2.2.200_200\Projects\ble\util\U #
#                            BL\soc_8051\usb_msd\iar\CC2540-DK\Obj\usb_standar #
#                            d_requests.r51                                    #
#                            C:\BLE-CC254x-1.4.2.2.200_200\Projects\ble\util\U #
#                            BL\soc_8051\usb_msd\iar\CC2540-DK\Obj\usb_suspend #
#                            .r51                                              #
#                            -o                                                #
#                            C:\BLE-CC254x-1.4.2.2.200_200\Projects\ble\util\U #
#                            BL\soc_8051\usb_msd\iar\CC2540-DK\Exe\UBL.d51     #
#                            -l                                                #
#                            C:\BLE-CC254x-1.4.2.2.200_200\Projects\ble\util\U #
#                            BL\soc_8051\usb_msd\iar\CC2540-DK\List\UBL.map    #
#                            -xmsn                                             #
#                            -IC:\BLE-CC254x-1.4.2.2.200_200\Projects\ble\util #
#                            \UBL\soc_8051\usb_msd\iar\                        #
#                            -f ubl.xcl (-D_XDATA_BEG=0x0000                   #
#                            -D_XDATA_END=0x1EFF -D_IDATA_END=0xFF             #
#                            -D_IVEC_BEG=0x0000 -D_IVEC_END=0x07FF             #
#                            -D_BANK7_BEG=0x7C000 -D_BANK7_END=0x7E7FF         #
#                            -D?REGISTER_BANK=0 -D_REGISTER_BANK_BEG=0         #
#                            -D?PBANK_NUMBER=00 -D_BREG_BEG=0x00 -D?VB=0x20    #
#                            -Z(BIT)BREG=_BREG_BEG -Z(BIT)BIT_N=0-7F           #
#                            -Z(DATA)REGISTERS+8=_REGISTER_BANK_BEG            #
#                            -Z(DATA)BDATA_Z,BDATA_N,BDATA_I=20-2F             #
#                            -Z(DATA)VREG=08-7F -Z(DATA)PSP,XSP=08-7F          #
#                            -Z(DATA)DOVERLAY=08-7F                            #
#                            -Z(DATA)DATA_I,DATA_Z,DATA_N=08-7F                #
#                            -U(IDATA)0-7F=(DATA)0-7F                          #
#                            -Z(IDATA)IDATA_I,IDATA_Z,IDATA_N=08-_IDATA_END    #
#                            -Z(IDATA)ISTACK+_IDATA_STACK_SIZE#08-_IDATA_END   #
#                            -Z(IDATA)IOVERLAY=08-FF                           #
#                            -Z(CODE)INTVEC=_IVEC_BEG                          #
#                            -Z(CODE)BIT_ID,BDATA_ID,DATA_ID,IDATA_ID,IXDATA_I #
#                            D,PDATA_ID,XDATA_ID=_IVEC_BEG-_IVEC_END           #
#                            -P(CODE)CSTART,RCODE,DIFUNCT,NEAR_CODE=_IVEC_BEG- #
#                            _IVEC_END                                         #
#                            -P(CODE)BANK_RELAYS=_IVEC_BEG-_IVEC_END           #
#                            -P(CODE)CODE_C=_BANK7_BEG-_BANK7_END              #
#                            -P(CONST)XDATA_ROM_C=0xC000-0xE7FF                #
#                            -P(CODE)XDATA_ROM_C_FLASH=_BANK7_BEG-_BANK7_END   #
#                            -QXDATA_ROM_C=XDATA_ROM_C_FLASH                   #
#                            -P(CODE)BANKED_CODE=_IVEC_BEG-_IVEC_END,_BANK7_BE #
#                            G-_BANK7_END                                      #
#                            -Z(XDATA)XSTACK+_XDATA_STACK_SIZE=_XDATA_BEG-_XDA #
#                            TA_END                                            #
#                            -Z(XDATA)XDATA_Z,XDATA_I,PDATA_Z=_XDATA_BEG-_XDAT #
#                            A_END                                             #
#                            -P(XDATA)XDATA_N=_XDATA_BEG-_XDATA_END -cx51      #
#                            -D_FIRST_BANK_ADDR=0x10000                        #
#                            -M(CODE)[(_CODEBANK_START+_FIRST_BANK_ADDR)-(_COD #
#                            EBANK_END+_FIRST_BANK_ADDR)]*_NR_OF_BANKS+_FIRST_ #
#                            BANK_ADDR=0x8000                                  #
#                            -ww69=i -HFFFF) -D_NR_OF_VIRTUAL_REGISTERS=10     #
#                            -D?PBANK=0x93 -e?BCALL_FF=?BCALL                  #
#                            -e?BRET_FF=?BRET -e?BDISPATCH_FF=?BDISPATCH       #
#                            -e_small_write=_formatted_write                   #
#                            -e_medium_read=_formatted_read -we24=i -rt        #
#                            -Ointel-extended=C:\BLE-CC254x-1.4.2.2.200_200\Pr #
#                            ojects\ble\util\UBL\soc_8051\usb_msd\iar\CC2540-D #
#                            K\Exe\UBL.hex                                     #
#                            -s __program_start                                #
#                            "C:\Program Files (x86)\IAR Systems\Embedded Work #
#                            bench 7.2\8051\LIB\CLIB\cl-pli-blxd-1e16x01.r51"  #
#                            -D_IDATA_STACK_SIZE=0xC0 -D?ESP=0 -D?ESP_MASK=0   #
#                            -D_EXTENDED_STACK_START=0                         #
#                            -D_EXTENDED_STACK_SIZE=0                          #
#                            -D_PDATA_STACK_SIZE=0x0                           #
#                            -D_XDATA_STACK_SIZE=0x300                         #
#                            -D_XDATA_HEAP_SIZE=0x00 -D_FAR_HEAP_SIZE=0x000    #
#                            -D_HUGE_HEAP_SIZE=0x000                           #
#                            -D_FAR22_HEAP_SIZE=0xFFF                          #
#                                                                              #
#                           Copyright (C) 1987-2015 IAR Systems AB.            #
################################################################################





                ****************************************
                *                                      *
                *           CROSS REFERENCE            *
                *                                      *
                ****************************************

       Program entry at : CODE      000005D0  Relocatable, from module : CSTARTUP




                ****************************************
                *                                      *
                *            RUNTIME MODEL             *
                *                                      *
                ****************************************

  __SystemLibrary          = CLib
  __calling_convention     = xdata_reentrant
  __code_model             = banked
  __core                   = plain
  __data_model             = large
  __dptr_size              = 16
  __extended_stack         = disabled
  __location_for_constants = data
  __number_of_dptrs        = 1
  __rt_version             = 1

                ****************************************
                *                                      *
                *    AUTOMATIC SYMBOL REDIRECTIONS     *
                *                                      *
                ****************************************

                  There are no automatic symbol redirections.



                ****************************************
                *                                      *
                *              MODULE MAP              *
                *                                      *
                ****************************************


  DEFINED ABSOLUTE ENTRIES
  PROGRAM MODULE, NAME : ?ABS_ENTRY_MOD

Absolute parts
           ENTRY                   ADDRESS         REF BY
           =====                   =======         ======
           _FAR22_HEAP_SIZE        00000FFF 
           _HUGE_HEAP_SIZE         00000000 
           _FAR_HEAP_SIZE          00000000 
           _XDATA_HEAP_SIZE        00000000 
           _XDATA_STACK_SIZE       00000300 
           _PDATA_STACK_SIZE       00000000 
           _EXTENDED_STACK_SIZE    00000000 
           _EXTENDED_STACK_START   00000000 
           ?ESP_MASK               00000000 
           ?ESP                    00000000 
           _IDATA_STACK_SIZE       000000C0 
           ?PBANK                  00000093 
           _NR_OF_VIRTUAL_REGISTERS
                                   00000010 
           _FIRST_BANK_ADDR        00010000 
           ?VB                     00000020        ?BANKED_ENTER_XDATA (?BANKED_ENTER_XDATA)
                                                   ?BANKED_LEAVE_XDATA (?BANKED_LEAVE_XDATA)
                                                   ?FUNC_ENTER_XDATA (?FUNC_ENTER_XDATA)
                                                   ?FUNC_LEAVE_XDATA (?FUNC_LEAVE_XDATA)
           _BREG_BEG               00000000 
           ?PBANK_NUMBER           00000000 
           _REGISTER_BANK_BEG      00000000 
           ?REGISTER_BANK          00000000        Segment part 6 (CSTARTUP)
           _BANK7_END              0003E7FF 
           _BANK7_BEG              0003C000 
           _IVEC_END               000007FF 
           _IVEC_BEG               00000000 
           _IDATA_END              000000FF 
           _XDATA_END              00001EFF 
           _XDATA_BEG              00000000 
           ?CBANK                  0000009F        ?RESET_CODE_BANK (CSTARTUP)
                                                   Segment part 0 (?BANKED_CODE_SUPPORT)
           ?CBANK_MASK             000000FF 
           _CODEBANK_START         00008000 
           _CODEBANK_END           0000FFFF 
           _NR_OF_BANKS            00000007 
    *************************************************************************

  FILE NAME : C:\BLE-CC254x-1.4.2.2.200_200\Projects\ble\util\UBL\soc_8051\usb_msd\iar\CC2540-DK\Obj\hal_flash.r51
  PROGRAM MODULE, NAME : hal_flash

  SEGMENTS IN THE MODULE
  ======================
SFR_AN
  Relative segment, address: DATA 00000080 - 00000080 (0x1 bytes), align: 0
  Segment part 1. ROOT        Intra module refs:   main
                                                   ublExec
           ENTRY                   ADDRESS         REF BY
           =====                   =======         ======
           _A_P0                   00000080 
           LOCAL                   ADDRESS         
           =====                   =======         
           P0                      00000080 
    -------------------------------------------------------------------------
SFR_AN
  Relative segment, address: DATA 0000008B - 0000008B (0x1 bytes), align: 0
  Segment part 2. ROOT        Intra module refs:   usbirqHandler
                                                   usbirqInit
           ENTRY                   ADDRESS         REF BY
           =====                   =======         ======
           P2IFG                   0000008B 
    -------------------------------------------------------------------------
SFR_AN
  Relative segment, address: DATA 00000090 - 00000090 (0x1 bytes), align: 0
  Segment part 3. ROOT        Intra module refs:   fakeOpExec (usb_firmware_library_config)
                                                   main
                                                   ublExec
                                                   usb_msd_init (usb_firmware_library_config)
                                                   usb_msd_uninit (usb_firmware_library_config)
           ENTRY                   ADDRESS         REF BY
           =====                   =======         ======
           _A_P1                   00000090 
           LOCAL                   ADDRESS         
           =====                   =======         
           P1                      00000090 
    -------------------------------------------------------------------------
SFR_AN
  Relative segment, address: DATA 00000095 - 00000095 (0x1 bytes), align: 0
  Segment part 4. ROOT        Intra module refs:   ublExec
                                                   ublInit
           ENTRY                   ADDRESS         REF BY
           =====                   =======         ======
           ST0                     00000095 
    -------------------------------------------------------------------------
SFR_AN
  Relative segment, address: DATA 00000096 - 00000096 (0x1 bytes), align: 0
  Segment part 5. ROOT        Intra module refs:   ublExec
                                                   ublInit
           ENTRY                   ADDRESS         REF BY
           =====                   =======         ======
           ST1                     00000096 
    -------------------------------------------------------------------------
SFR_AN
  Relative segment, address: DATA 00000097 - 00000097 (0x1 bytes), align: 0
  Segment part 6. ROOT        Intra module refs:   ublExec
                                                   ublInit
           ENTRY                   ADDRESS         REF BY
           =====                   =======         ======
           ST2                     00000097 
    -------------------------------------------------------------------------
SFR_AN
  Relative segment, address: DATA 0000009A - 0000009A (0x1 bytes), align: 0
  Segment part 7. ROOT        Intra module refs:   __low_level_init
                                                   usb_msd_uninit (usb_firmware_library_config)
           ENTRY                   ADDRESS         REF BY
           =====                   =======         ======
           IEN2                    0000009A 
    -------------------------------------------------------------------------
SFR_AN
  Relative segment, address: DATA 0000009D - 0000009D (0x1 bytes), align: 0
  Segment part 8. ROOT        Intra module refs:   __low_level_init
                                                   usbirqHandler
           ENTRY                   ADDRESS         REF BY
           =====                   =======         ======
           SLEEPSTA                0000009D 
    -------------------------------------------------------------------------
SFR_AN
  Relative segment, address: DATA 000000A8 - 000000A8 (0x1 bytes), align: 0
  Segment part 9. ROOT        Intra module refs:   HalFlashRead
                                                   __low_level_init
                                                   fakeOpExec (usb_firmware_library_config)
                                                   main
                                                   rxOutEP (usb_firmware_library_config)
                                                   ublCfg
                                                   ublJump
           ENTRY                   ADDRESS         REF BY
           =====                   =======         ======
           _A_IEN0                 000000A8 
           LOCAL                   ADDRESS         
           =====                   =======         
           IEN0                    000000A8 
    -------------------------------------------------------------------------
SFR_AN
  Relative segment, address: DATA 000000B1 - 000000B1 (0x1 bytes), align: 0
  Segment part 10. ROOT       Intra module refs:   aesInitSig
                                                   aesLoadKey
                                                   ublAesAuth
                                                   ublAesCrypt
           ENTRY                   ADDRESS         REF BY
           =====                   =======         ======
           ENCDI                   000000B1 
    -------------------------------------------------------------------------
SFR_AN
  Relative segment, address: DATA 000000B2 - 000000B2 (0x1 bytes), align: 0
  Segment part 11. ROOT       Intra module refs:   ublAesAuth
                                                   ublAesCrypt
           ENTRY                   ADDRESS         REF BY
           =====                   =======         ======
           ENCDO                   000000B2 
    -------------------------------------------------------------------------
SFR_AN
  Relative segment, address: DATA 000000B3 - 000000B3 (0x1 bytes), align: 0
  Segment part 12. ROOT       Intra module refs:   aesInitSig
                                                   aesLoadKey
                                                   ublAesAuth
                                                   ublAesCrypt
           ENTRY                   ADDRESS         REF BY
           =====                   =======         ======
           ENCCS                   000000B3 
    -------------------------------------------------------------------------
SFR_AN
  Relative segment, address: DATA 000000B4 - 000000B4 (0x1 bytes), align: 0
  Segment part 13. ROOT       Intra module refs:   __low_level_init
                                                   vddWait
           ENTRY                   ADDRESS         REF BY
           =====                   =======         ======
           ADCCON1                 000000B4 
    -------------------------------------------------------------------------
SFR_AN
  Relative segment, address: DATA 000000B6 - 000000B6 (0x1 bytes), align: 0
  Segment part 14. ROOT       Intra module refs:   __low_level_init
                                                   vddWait
           ENTRY                   ADDRESS         REF BY
           =====                   =======         ======
           ADCCON3                 000000B6 
    -------------------------------------------------------------------------
SFR_AN
  Relative segment, address: DATA 000000B8 - 000000B8 (0x1 bytes), align: 0
  Segment part 15. ROOT       Intra module refs:   __low_level_init
           ENTRY                   ADDRESS         REF BY
           =====                   =======         ======
           _A_IEN1                 000000B8 
           LOCAL                   ADDRESS         
           =====                   =======         
           IEN1                    000000B8 
    -------------------------------------------------------------------------
SFR_AN
  Relative segment, address: DATA 000000BB - 000000BB (0x1 bytes), align: 0
  Segment part 16. ROOT       Intra module refs:   __low_level_init
                                                   vddWait
           ENTRY                   ADDRESS         REF BY
           =====                   =======         ======
           ADCH                    000000BB 
    -------------------------------------------------------------------------
SFR_AN
  Relative segment, address: DATA 000000C6 - 000000C6 (0x1 bytes), align: 0
  Segment part 17. ROOT       Intra module refs:   __low_level_init
           ENTRY                   ADDRESS         REF BY
           =====                   =======         ======
           CLKCONCMD               000000C6 
    -------------------------------------------------------------------------
SFR_AN
  Relative segment, address: DATA 000000C7 - 000000C7 (0x1 bytes), align: 0
  Segment part 18. ROOT       Intra module refs:   HalFlashRead
                                                   __low_level_init
                                                   fillPgBuf (usb_firmware_library_config)
                                                   rxOutEP (usb_firmware_library_config)
           ENTRY                   ADDRESS         REF BY
           =====                   =======         ======
           MEMCTR                  000000C7 
    -------------------------------------------------------------------------
SFR_AN
  Relative segment, address: DATA 000000C9 - 000000C9 (0x1 bytes), align: 0
  Segment part 19. ROOT       Intra module refs:   fakeOpExec (usb_firmware_library_config)
                                                   main
                                                   rxOutEP (usb_firmware_library_config)
                                                   ublCfg
                                                   ublJump
           ENTRY                   ADDRESS         REF BY
           =====                   =======         ======
           WDCTL                   000000C9 
    -------------------------------------------------------------------------
SFR_AN
  Relative segment, address: DATA 000000D1 - 000000D1 (0x1 bytes), align: 0
  Segment part 20. ROOT       Intra module refs:   HalFlashWrite
           ENTRY                   ADDRESS         REF BY
           =====                   =======         ======
           DMAIRQ                  000000D1 
    -------------------------------------------------------------------------
SFR_AN
  Relative segment, address: DATA 000000D4 - 000000D4 (0x1 bytes), align: 0
  Segment part 21. ROOT       Intra module refs:   main
           ENTRY                   ADDRESS         REF BY
           =====                   =======         ======
           DMA0CFGL                000000D4 
    -------------------------------------------------------------------------
SFR_AN
  Relative segment, address: DATA 000000D5 - 000000D5 (0x1 bytes), align: 0
  Segment part 22. ROOT       Intra module refs:   main
           ENTRY                   ADDRESS         REF BY
           =====                   =======         ======
           DMA0CFGH                000000D5 
    -------------------------------------------------------------------------
SFR_AN
  Relative segment, address: DATA 000000D6 - 000000D6 (0x1 bytes), align: 0
  Segment part 23. ROOT       Intra module refs:   HalFlashWrite
                                                   execCBW (usb_firmware_library_config)
                                                   fillPgBuf (usb_firmware_library_config)
                                                   rxOutEP (usb_firmware_library_config)
           ENTRY                   ADDRESS         REF BY
           =====                   =======         ======
           DMAARM                  000000D6 
    -------------------------------------------------------------------------
SFR_AN
  Relative segment, address: DATA 000000E8 - 000000E8 (0x1 bytes), align: 0
  Segment part 24. ROOT       Intra module refs:   usb_msd_poll (usb_firmware_library_config)
                                                   usbirqHandler
                                                   usbirqInit
           ENTRY                   ADDRESS         REF BY
           =====                   =======         ======
           _A_IRCON2               000000E8 
           LOCAL                   ADDRESS         
           =====                   =======         
           IRCON2                  000000E8 
    -------------------------------------------------------------------------
SFR_AN
  Relative segment, address: DATA 000000F3 - 000000F3 (0x1 bytes), align: 0
  Segment part 25. ROOT       Intra module refs:   main
           ENTRY                   ADDRESS         REF BY
           =====                   =======         ======
           P0SEL                   000000F3 
    -------------------------------------------------------------------------
SFR_AN
  Relative segment, address: DATA 000000F4 - 000000F4 (0x1 bytes), align: 0
  Segment part 26. ROOT       Intra module refs:   fakeOpExec (usb_firmware_library_config)
                                                   main
                                                   usb_msd_init (usb_firmware_library_config)
                                                   usb_msd_uninit (usb_firmware_library_config)
           ENTRY                   ADDRESS         REF BY
           =====                   =======         ======
           P1SEL                   000000F4 
    -------------------------------------------------------------------------
SFR_AN
  Relative segment, address: DATA 000000F7 - 000000F7 (0x1 bytes), align: 0
  Segment part 27. ROOT       Intra module refs:   gpioInit
           ENTRY                   ADDRESS         REF BY
           =====                   =======         ======
           P2INP                   000000F7 
    -------------------------------------------------------------------------
SFR_AN
  Relative segment, address: DATA 000000FD - 000000FD (0x1 bytes), align: 0
  Segment part 28. ROOT       Intra module refs:   main
           ENTRY                   ADDRESS         REF BY
           =====                   =======         ======
           P0DIR                   000000FD 
    -------------------------------------------------------------------------
SFR_AN
  Relative segment, address: DATA 000000FE - 000000FE (0x1 bytes), align: 0
  Segment part 29. ROOT       Intra module refs:   fakeOpExec (usb_firmware_library_config)
                                                   main
                                                   usb_msd_init (usb_firmware_library_config)
                                                   usb_msd_uninit (usb_firmware_library_config)
           ENTRY                   ADDRESS         REF BY
           =====                   =======         ======
           P1DIR                   000000FE 
    -------------------------------------------------------------------------
<BANKED_CODE,XDATA_ROM_C_FLASH> 1 (was BANKED_CODE)
  Relative segment, address: CODE 0003C160 - 0003C1DF (0x80 bytes), align: 0
  Segment part 76.            Intra module refs:   HalFlashRead::?relay
           ENTRY                   ADDRESS         REF BY
           =====                   =======         ======
           HalFlashRead            0003C160 
               XSTACK = 0000003D ( 0000000B )
               ISTACK = 00000000 ( 00000001 )
    -------------------------------------------------------------------------
XDATA_Z
  Relative segment, address: XDATA 00000300 - 000003FF (0x100 bytes), align: 0
  Segment part 40.            Intra module refs:   HalFlashWrite
           ENTRY                   ADDRESS         REF BY
           =====                   =======         ======
           bbuuff                  00000300 
    -------------------------------------------------------------------------
<BANKED_CODE,XDATA_ROM_C_FLASH> 1 (was BANKED_CODE)
  Relative segment, address: CODE 0003C1E0 - 0003C297 (0xb8 bytes), align: 0
  Segment part 78.            Intra module refs:   HalFlashWrite::?relay
           ENTRY                   ADDRESS         REF BY
           =====                   =======         ======
           HalFlashWrite           0003C1E0 
               calls direct
               XSTACK = 0000003D ( 0000000C )
    -------------------------------------------------------------------------
<XDATA_ROM_C> 1 (was XDATA_ROM_C)
  Relative segment, address: CONST 0000C0AC - 0000C0CB (0x20 bytes), align: 0
  Segment part 41.            Intra module refs:   ublInit
           LOCAL                   ADDRESS         
           =====                   =======         
           unlockedSecKey          0000C0AC 
    -------------------------------------------------------------------------
<XDATA_ROM_C> 1 (was XDATA_ROM_C)
  Relative segment, address: CONST 0000C0FC - 0000C10B (0x10 bytes), align: 0
  Segment part 42.            Intra module refs:   aesLoadKey
           LOCAL                   ADDRESS         
           =====                   =======         
           aesKey                  0000C0FC 
    -------------------------------------------------------------------------
XDATA_Z
  Relative segment, address: XDATA 00000400 - 00000400 (0x1 bytes), align: 0
  Segment part 43.            Intra module refs:   ublAesAuth
                                                   ublExec
           LOCAL                   ADDRESS         
           =====                   =======         
           have_data               00000400 
    -------------------------------------------------------------------------
<XDATA_ROM_C> 1 (was XDATA_ROM_C)
  Relative segment, address: CONST 0000C15D - 0000C15D (0x1 bytes), align: 0
  Segment part 44.
           ENTRY                   ADDRESS         REF BY
           =====                   =======         ======
           UBL_RC_IMG_PG_BEG       0000C15D        Segment part 88 (usb_firmware_library_config)
                                                   fakeOpExec (usb_firmware_library_config)
                                                   sbcCmdReadWrite10 (usb_firmware_library_config)
                                                   usb_msd_init (usb_firmware_library_config)
    -------------------------------------------------------------------------
<XDATA_ROM_C> 1 (was XDATA_ROM_C)
  Relative segment, address: CONST 0000C15C - 0000C15C (0x1 bytes), align: 0
  Segment part 45.
           ENTRY                   ADDRESS         REF BY
           =====                   =======         ======
           UBL_RC_IMG_PG_END       0000C15C        Segment part 88 (usb_firmware_library_config)
    -------------------------------------------------------------------------
<XDATA_N> 1 (was XDATA_N)
  Relative segment, address: XDATA 00000CA2 - 000014A1 (0x800 bytes), align: 0
  Segment part 46.            Intra module refs:   ?Subroutine20
                                                   ublAesAuth
           ENTRY                   ADDRESS         REF BY
           =====                   =======         ======
           pgBuf                   00000CA2        Segment part 104 (usb_firmware_library_config)
                                                   Segment part 67 (usb_firmware_library_config)
                                                   fakeOpPrep (usb_firmware_library_config)
                                                   fakePgBuf (usb_firmware_library_config)
                                                   fillPgBuf (usb_firmware_library_config)
                                                   initDMA (usb_firmware_library_config)
                                                   rxOutEP (usb_firmware_library_config)
    -------------------------------------------------------------------------
<XDATA_N> 1 (was XDATA_N)
  Relative segment, address: XDATA 000015A2 - 00001605 (0x64 bytes), align: 0
  Segment part 47.            Intra module refs:   ?Subroutine10
                                                   __low_level_init
                                                   gpioInit
                                                   ublAesAuth
                                                   ublCfg
                                                   ublExec
                                                   ublInit
                                                   ublMassErase
           ENTRY                   ADDRESS         REF BY
           =====                   =======         ======
           ublMD                   000015A2        fakeOpExec (usb_firmware_library_config)
                                                   fillPgBuf (usb_firmware_library_config)
                                                   rxOutEP (usb_firmware_library_config)
    -------------------------------------------------------------------------
<XDATA_N> 1 (was XDATA_N)
  Relative segment, address: XDATA 0000169A - 0000169B (0x2 bytes), align: 0
  Segment part 48.            Intra module refs:   gpioInit
           LOCAL                   ADDRESS         
           =====                   =======         
           pForcePort              0000169A 
    -------------------------------------------------------------------------
<XDATA_N> 1 (was XDATA_N)
  Relative segment, address: XDATA 000016A0 - 000016A0 (0x1 bytes), align: 0
  Segment part 49.            Intra module refs:   gpioInit
           LOCAL                   ADDRESS         
           =====                   =======         
           forcePin                000016A0 
    -------------------------------------------------------------------------
<XDATA_N> 1 (was XDATA_N)
  Relative segment, address: XDATA 00001692 - 00001695 (0x4 bytes), align: 0
  Segment part 50.            Intra module refs:   ublExec
                                                   ublInit
           LOCAL                   ADDRESS         
           =====                   =======         
           stStart                 00001692 
    -------------------------------------------------------------------------
<XDATA_N> 1 (was XDATA_N)
  Relative segment, address: XDATA 0000168E - 00001691 (0x4 bytes), align: 0
  Segment part 51.            Intra module refs:   ublExec
                                                   ublInit
           LOCAL                   ADDRESS         
           =====                   =======         
           stDelay                 0000168E 
    -------------------------------------------------------------------------
XDATA_Z
  Relative segment, address: XDATA 00000401 - 00000401 (0x1 bytes), align: 0
  Segment part 52.            Intra module refs:   ublAesAuth
                                                   ublAesCrypt
           LOCAL                   ADDRESS         
           =====                   =======         
           signMode                00000401 
    -------------------------------------------------------------------------
XDATA_Z
  Relative segment, address: XDATA 00000402 - 00000402 (0x1 bytes), align: 0
  Segment part 53.            Intra module refs:   HalFlashWrite
           ENTRY                   ADDRESS         REF BY
           =====                   =======         ======
           testpoint               00000402 
    -------------------------------------------------------------------------
<BANKED_CODE,XDATA_ROM_C_FLASH> 1 (was BANKED_CODE)
  Relative segment, address: CODE 0003C298 - 0003C418 (0x181 bytes), align: 0
  Segment part 82.            Intra module refs:   ublAesAuth::?relay
           ENTRY                   ADDRESS         REF BY
           =====                   =======         ======
           ublAesAuth              0003C298 
               calls direct
               XSTACK = 00000034 ( 0000003D )
               ISTACK = 00000000 ( 00000001 )
    -------------------------------------------------------------------------
<BANKED_CODE,XDATA_ROM_C_FLASH> 1 (was BANKED_CODE)
  Relative segment, address: CODE 0003C419 - 0003C41E (0x6 bytes), align: 0
  Segment part 84.            Intra module refs:   ublAesAuth
                                                   ublCfg
           LOCAL                   ADDRESS         
           =====                   =======         
           ?Subroutine5            0003C419 
    -------------------------------------------------------------------------
<BANKED_CODE,XDATA_ROM_C_FLASH> 1 (was BANKED_CODE)
  Relative segment, address: CODE 0003C41F - 0003C42B (0xd bytes), align: 0
  Segment part 85.            Intra module refs:   ublAesAuth
           LOCAL                   ADDRESS         
           =====                   =======         
           ?Subroutine20           0003C41F 
    -------------------------------------------------------------------------
<BANKED_CODE,XDATA_ROM_C_FLASH> 1 (was BANKED_CODE)
  Relative segment, address: CODE 0003C42C - 0003C540 (0x115 bytes), align: 0
  Segment part 86.            Intra module refs:   ublAesCrypt::?relay
           ENTRY                   ADDRESS         REF BY
           =====                   =======         ======
           ublAesCrypt             0003C42C 
               calls direct
               XSTACK = 00000000 ( 0000002F )
               ISTACK = 00000000 ( 00000001 )
    -------------------------------------------------------------------------
<BANKED_CODE,XDATA_ROM_C_FLASH> 1 (was BANKED_CODE)
  Relative segment, address: CODE 0003C541 - 0003C543 (0x3 bytes), align: 0
  Segment part 88.            Intra module refs:   aesInitSig
                                                   ublAesCrypt
           LOCAL                   ADDRESS         
           =====                   =======         
           ?Subroutine27           0003C541 
    -------------------------------------------------------------------------
<BANKED_CODE,XDATA_ROM_C_FLASH> 1 (was BANKED_CODE)
  Relative segment, address: CODE 0003C544 - 0003C54A (0x7 bytes), align: 0
  Segment part 89.            Intra module refs:   ?Subroutine20
                                                   ?Subroutine27
    -------------------------------------------------------------------------
<BANKED_CODE,XDATA_ROM_C_FLASH> 1 (was BANKED_CODE)
  Relative segment, address: CODE 0003C54B - 0003C5FF (0xb5 bytes), align: 0
  Segment part 90.            Intra module refs:   ublCfg::?relay
           ENTRY                   ADDRESS         REF BY
           =====                   =======         ======
           ublCfg                  0003C54B 
               calls direct
               XSTACK = 00000000 ( 00000010 )
    -------------------------------------------------------------------------
XDATA_I
  Relative segment, address: XDATA 0000042C - 0000042D (0x2 bytes), align: 0
  Segment part 54.            Intra module refs:   ublExec
           LOCAL                   ADDRESS         
           =====                   =======         
           ublExec::i              0000042C 
    -------------------------------------------------------------------------
<XDATA_N> 1 (was XDATA_N)
  Relative segment, address: XDATA 00001686 - 0000168D (0x8 bytes), align: 0
  Segment part 56.            Intra module refs:   HalFlashWrite
                                                   main
           ENTRY                   ADDRESS         REF BY
           =====                   =======         ======
           dmaCh0                  00001686 
    -------------------------------------------------------------------------
<BANK_RELAYS,CSTART..> 1 (was NEAR_CODE)
  Relative segment, address: CODE 00000104 - 00000184 (0x81 bytes), align: 0
  Segment part 196. ROOT 
           ENTRY                   ADDRESS         REF BY
           =====                   =======         ======
           __low_level_init        00000104        __low_level_init_call (?cmain)
               calls direct
               XSTACK = 00000000 ( 0000000B )
    -------------------------------------------------------------------------
XDATA_Z
  Relative segment, address: XDATA 00000403 - 00000404 (0x2 bytes), align: 0
  Segment part 57.            Intra module refs:   ?Subroutine11
                                                   ?Subroutine8
                                                   usbdpFindNext
           LOCAL                   ADDRESS         
           =====                   =======         
           usbdpData               00000403 
    -------------------------------------------------------------------------
<XDATA_ROM_C> 1 (was XDATA_ROM_C)
  Relative segment, address: CONST 0000C144 - 0000C147 (0x4 bytes), align: 0
  Segment part 58.            Intra module refs:   usbdpGetStringDesc
           LOCAL                   ADDRESS         
           =====                   =======         
           languageId              0000C144 
    -------------------------------------------------------------------------
<XDATA_ROM_C> 1 (was XDATA_ROM_C)
  Relative segment, address: CONST 0000C048 - 0000C06B (0x24 bytes), align: 0
  Segment part 59.            Intra module refs:   usbdpGetStringDesc
           LOCAL                   ADDRESS         
           =====                   =======         
           manufacturer            0000C048 
    -------------------------------------------------------------------------
<XDATA_ROM_C> 1 (was XDATA_ROM_C)
  Relative segment, address: CONST 0000C000 - 0000C023 (0x24 bytes), align: 0
  Segment part 60.            Intra module refs:   usbdpGetStringDesc
           LOCAL                   ADDRESS         
           =====                   =======         
           product                 0000C000 
    -------------------------------------------------------------------------
XDATA_I
  Relative segment, address: XDATA 0000042E - 00000457 (0x2a bytes), align: 0
  Segment part 61.            Intra module refs:   usbdpGetStringDesc
           LOCAL                   ADDRESS         
           =====                   =======         
           serialNumber            0000042E 
    -------------------------------------------------------------------------
<XDATA_ROM_C> 1 (was XDATA_ROM_C)
  Relative segment, address: CONST 0000C0CC - 0000C0DB (0x10 bytes), align: 0
  Segment part 63.            Intra module refs:   ?Subroutine6
           ENTRY                   ADDRESS         REF BY
           =====                   =======         ======
           hexDigit                0000C0CC 
    -------------------------------------------------------------------------
XDATA_Z
  Relative segment, address: XDATA 00000405 - 00000418 (0x14 bytes), align: 0
  Segment part 64.            Intra module refs:   ?Subroutine26
                                                   ChangeFeature
                                                   ConfigureEndpoints
                                                   usbfwInit
                                                   usbfwResetHandler
                                                   usbfwSetAllEpStatus
                                                   usbfwSetupHandler
                                                   usbsrGetConfiguration
                                                   usbsrGetDescriptor
                                                   usbsrGetInterface
                                                   usbsrGetStatus
                                                   usbsrSetAddress
                                                   usbsrSetConfiguration
                                                   usbsrSetInterface
           ENTRY                   ADDRESS         REF BY
           =====                   =======         ======
           usbfwData               00000405        Segment part 134 (usb_firmware_library_config)
                                                   usbcrHookProcessIn (usb_firmware_library_config)
    -------------------------------------------------------------------------
XDATA_Z
  Relative segment, address: XDATA 00000419 - 0000041D (0x5 bytes), align: 0
  Segment part 65.            Intra module refs:   ?Subroutine15
                                                   ?Subroutine17
                                                   ?Subroutine22
                                                   ?Subroutine25
                                                   ?Subroutine9
                                                   usbfwSetupHandler
                                                   usbsrGetConfiguration
                                                   usbsrGetDescriptor
                                                   usbsrGetInterface
                                                   usbsrGetStatus
           ENTRY                   ADDRESS         REF BY
           =====                   =======         ======
           usbSetupData            00000419        usbcrHookProcessIn (usb_firmware_library_config)
    -------------------------------------------------------------------------
XDATA_Z
  Relative segment, address: XDATA 0000041E - 00000425 (0x8 bytes), align: 0
  Segment part 66.            Intra module refs:   ?Subroutine7
                                                   ChangeFeature
                                                   usbfwSetupHandler
                                                   usbsrGetDescriptor
                                                   usbsrGetInterface
                                                   usbsrGetStatus
                                                   usbsrSetAddress
                                                   usbsrSetConfiguration
                                                   usbsrSetInterface
           ENTRY                   ADDRESS         REF BY
           =====                   =======         ======
           usbSetupHeader          0000041E        usbcrHookProcessIn (usb_firmware_library_config)
    -------------------------------------------------------------------------
DATA_Z
  Relative segment, address: DATA 00000016 - 00000017 (0x2 bytes), align: 0
  Segment part 67.            Intra module refs:   usbfwResetHandler
                                                   usbfwSetupHandler
           LOCAL                   ADDRESS         
           =====                   =======         
           ProcessFunc             00000016 
    -------------------------------------------------------------------------
DATA_Z
  Relative segment, address: DATA 00000018 - 0000001C (0x5 bytes), align: 0
  Segment part 68.            Intra module refs:   usbirqHandler
                                                   usbirqInit
           ENTRY                   ADDRESS         REF BY
           =====                   =======         ======
           usbirqData              00000018        usb_msd_poll (usb_firmware_library_config)
    -------------------------------------------------------------------------
<BANKED_CODE,XDATA_ROM_C_FLASH> 1 (was BANKED_CODE)
  Relative segment, address: CODE 0003C600 - 0003C604 (0x5 bytes), align: 0
  Segment part 92.            Intra module refs:   usbirqHandler
                                                   usbirqInit
           LOCAL                   ADDRESS         
           =====                   =======         
           ?Subroutine1            0003C600 
    -------------------------------------------------------------------------
<BANKED_CODE,XDATA_ROM_C_FLASH> 1 (was BANKED_CODE)
  Relative segment, address: CODE 0003C605 - 0003C609 (0x5 bytes), align: 0
  Segment part 93.            Intra module refs:   ?Subroutine1
                                                   ?Subroutine5
                                                   HalFlashWrite
                                                   gpioInit
                                                   usbdpGetConfigurationDesc
                                                   usbfwInit
    -------------------------------------------------------------------------
<BANKED_CODE,XDATA_ROM_C_FLASH> 1 (was BANKED_CODE)
  Relative segment, address: CODE 0003C60A - 0003C71C (0x113 bytes), align: 0
  Segment part 94.            Intra module refs:   ublExec::?relay
           ENTRY                   ADDRESS         REF BY
           =====                   =======         ======
           ublExec                 0003C60A 
               calls direct
               XSTACK = 00000000 ( 00000018 )
               ISTACK = 00000000 ( 00000001 )
    -------------------------------------------------------------------------
<BANKED_CODE,XDATA_ROM_C_FLASH> 1 (was BANKED_CODE)
  Relative segment, address: CODE 0003C71D - 0003C724 (0x8 bytes), align: 0
  Segment part 96.            Intra module refs:   HalFlashWrite
                                                   ublExec
                                                   ublInit
           LOCAL                   ADDRESS         
           =====                   =======         
           ?Subroutine13           0003C71D 
    -------------------------------------------------------------------------
<BANKED_CODE,XDATA_ROM_C_FLASH> 1 (was BANKED_CODE)
  Relative segment, address: CODE 0003C725 - 0003C8B6 (0x192 bytes), align: 0
  Segment part 97.            Intra module refs:   ublInit::?relay
           ENTRY                   ADDRESS         REF BY
           =====                   =======         ======
           ublInit                 0003C725 
               calls direct
               XSTACK = 00000000 ( 00000036 )
               ISTACK = 00000000 ( 00000001 )
    -------------------------------------------------------------------------
<BANKED_CODE,XDATA_ROM_C_FLASH> 1 (was BANKED_CODE)
  Relative segment, address: CODE 0003C8B7 - 0003C8C8 (0x12 bytes), align: 0
  Segment part 99.            Intra module refs:   ublCfg
                                                   ublInit
           LOCAL                   ADDRESS         
           =====                   =======         
           ?Subroutine14           0003C8B7 
    -------------------------------------------------------------------------
<BANKED_CODE,XDATA_ROM_C_FLASH> 1 (was BANKED_CODE)
  Relative segment, address: CODE 0003C8C9 - 0003C8D2 (0xa bytes), align: 0
  Segment part 100.           Intra module refs:   ublExec
                                                   ublInit
           LOCAL                   ADDRESS         
           =====                   =======         
           ?Subroutine10           0003C8C9 
    -------------------------------------------------------------------------
<BANKED_CODE,XDATA_ROM_C_FLASH> 1 (was BANKED_CODE)
  Relative segment, address: CODE 0003C8D3 - 0003C8DF (0xd bytes), align: 0
  Segment part 101.           Intra module refs:   ublJump::?relay
           ENTRY                   ADDRESS         REF BY
           =====                   =======         ======
           ublJump                 0003C8D3 
               XSTACK = 00000034 ( 00000000 )
    -------------------------------------------------------------------------
<BANKED_CODE,XDATA_ROM_C_FLASH> 1 (was BANKED_CODE)
  Relative segment, address: CODE 0003C8E0 - 0003C92C (0x4d bytes), align: 0
  Segment part 103.           Intra module refs:   ublMassErase::?relay
           ENTRY                   ADDRESS         REF BY
           =====                   =======         ======
           ublMassErase            0003C8E0 
               XSTACK = 00000034 ( 00000000 )
               ISTACK = 00000000 ( 00000003 )
    -------------------------------------------------------------------------
<BANKED_CODE,XDATA_ROM_C_FLASH> 1 (was BANKED_CODE)
  Relative segment, address: CODE 0003C92D - 0003C94C (0x20 bytes), align: 0
  Segment part 105.           Intra module refs:   aesLoadKey::?relay
           LOCAL                   ADDRESS         
           =====                   =======         
           aesLoadKey              0003C92D 
               XSTACK = 00000034 ( 00000000 )
               ISTACK = 00000000 ( 00000002 )
    -------------------------------------------------------------------------
<BANKED_CODE,XDATA_ROM_C_FLASH> 1 (was BANKED_CODE)
  Relative segment, address: CODE 0003C94D - 0003CA0B (0xbf bytes), align: 0
  Segment part 107.           Intra module refs:   aesInitSig::?relay
           LOCAL                   ADDRESS         
           =====                   =======         
           aesInitSig              0003C94D 
               calls direct
               XSTACK = 0000003B ( 00000032 )
    -------------------------------------------------------------------------
<BANKED_CODE,XDATA_ROM_C_FLASH> 1 (was BANKED_CODE)
  Relative segment, address: CODE 0003CA0C - 0003CB03 (0xf8 bytes), align: 0
  Segment part 109.           Intra module refs:   gpioInit::?relay
           LOCAL                   ADDRESS         
           =====                   =======         
           gpioInit                0003CA0C 
               XSTACK = 00000034 ( 0000000A )
               ISTACK = 00000000 ( 00000001 )
    -------------------------------------------------------------------------
<BANKED_CODE,XDATA_ROM_C_FLASH> 1 (was BANKED_CODE)
  Relative segment, address: CODE 0003CB04 - 0003CB1C (0x19 bytes), align: 0
  Segment part 111.           Intra module refs:   vddWait::?relay
           LOCAL                   ADDRESS         
           =====                   =======         
           vddWait                 0003CB04 
               XSTACK = 00000034 ( 00000000 )
    -------------------------------------------------------------------------
<BANKED_CODE,XDATA_ROM_C_FLASH> 1 (was BANKED_CODE)
  Relative segment, address: CODE 0003CB1D - 0003CB46 (0x2a bytes), align: 0
  Segment part 113.
           ENTRY                   ADDRESS         REF BY
           =====                   =======         ======
           main                    0003CB1D        ?call_main (?cmain)
               calls direct
    -------------------------------------------------------------------------
<BANKED_CODE,XDATA_ROM_C_FLASH> 1 (was BANKED_CODE)
  Relative segment, address: CODE 0003CB47 - 0003CB8D (0x47 bytes), align: 0
  Segment part 117.           Intra module refs:   usbdpFindNext::?relay
           ENTRY                   ADDRESS         REF BY
           =====                   =======         ======
           usbdpFindNext           0003CB47 
               XSTACK = 00000013 ( 00000000 )
               ISTACK = 00000000 ( 00000002 )
    -------------------------------------------------------------------------
<BANKED_CODE,XDATA_ROM_C_FLASH> 1 (was BANKED_CODE)
  Relative segment, address: CODE 0003CB8E - 0003CBAA (0x1d bytes), align: 0
  Segment part 119.           Intra module refs:   usbdpFindNext
           LOCAL                   ADDRESS         
           =====                   =======         
           ?Subroutine8            0003CB8E 
    -------------------------------------------------------------------------
<BANKED_CODE,XDATA_ROM_C_FLASH> 1 (was BANKED_CODE)
  Relative segment, address: CODE 0003CBAB - 0003CBB3 (0x9 bytes), align: 0
  Segment part 120.           Intra module refs:   ?Subroutine8
                                                   gpioInit
           LOCAL                   ADDRESS         
           =====                   =======         
           ?Subroutine24           0003CBAB 
    -------------------------------------------------------------------------
<BANKED_CODE,XDATA_ROM_C_FLASH> 1 (was BANKED_CODE)
  Relative segment, address: CODE 0003CBB4 - 0003CBC3 (0x10 bytes), align: 0
  Segment part 121.           Intra module refs:   usbdpGetDeviceDesc::?relay
           ENTRY                   ADDRESS         REF BY
           =====                   =======         ======
           usbdpGetDeviceDesc      0003CBB4 
               calls direct
               XSTACK = 0000000F ( 00000000 )
               ISTACK = 00000000 ( 00000002 )
    -------------------------------------------------------------------------
<BANKED_CODE,XDATA_ROM_C_FLASH> 1 (was BANKED_CODE)
  Relative segment, address: CODE 0003CBC4 - 0003CBCA (0x7 bytes), align: 0
  Segment part 123.           Intra module refs:   ublMassErase
           LOCAL                   ADDRESS         
           =====                   =======         
           ?Subroutine2            0003CBC4 
    -------------------------------------------------------------------------
<BANKED_CODE,XDATA_ROM_C_FLASH> 1 (was BANKED_CODE)
  Relative segment, address: CODE 0003CBCB - 0003CBCB (0x1 bytes), align: 0
  Segment part 124.           Intra module refs:   ?Subroutine2
                                                   usbsrGetConfiguration
    -------------------------------------------------------------------------
<BANKED_CODE,XDATA_ROM_C_FLASH> 1 (was BANKED_CODE)
  Relative segment, address: CODE 0003CBCC - 0003CBD2 (0x7 bytes), align: 0
  Segment part 125.           Intra module refs:   Segment part 124
                                                   aesLoadKey
                                                   usbdpFindNext
                                                   usbdpGetDeviceDesc
                                                   usbfwResetHandler
                                                   usbfwSetAllEpStatus
                                                   usbsrClearFeature
                                                   usbsrGetStatus
                                                   usbsrSetAddress
                                                   usbsrSetFeature
    -------------------------------------------------------------------------
<BANKED_CODE,XDATA_ROM_C_FLASH> 1 (was BANKED_CODE)
  Relative segment, address: CODE 0003CBD3 - 0003CC08 (0x36 bytes), align: 0
  Segment part 126.           Intra module refs:   usbdpGetConfigurationDesc::?relay
           ENTRY                   ADDRESS         REF BY
           =====                   =======         ======
           usbdpGetConfigurationDesc
                                   0003CBD3 
               calls direct
               XSTACK = 0000000F ( 0000000A )
    -------------------------------------------------------------------------
<BANKED_CODE,XDATA_ROM_C_FLASH> 1 (was BANKED_CODE)
  Relative segment, address: CODE 0003CC09 - 0003CC17 (0xf bytes), align: 0
  Segment part 128.           Intra module refs:   usbdpGetConfigurationDesc
                                                   usbdpGetDeviceDesc
           LOCAL                   ADDRESS         
           =====                   =======         
           ?Subroutine11           0003CC09 
    -------------------------------------------------------------------------
<BANKED_CODE,XDATA_ROM_C_FLASH> 1 (was BANKED_CODE)
  Relative segment, address: CODE 0003CC18 - 0003CC4A (0x33 bytes), align: 0
  Segment part 129.           Intra module refs:   usbdpGetInterfaceDesc::?relay
           ENTRY                   ADDRESS         REF BY
           =====                   =======         ======
           usbdpGetInterfaceDesc   0003CC18 
               calls direct
               XSTACK = 0000000C ( 0000000C )
    -------------------------------------------------------------------------
<BANKED_CODE,XDATA_ROM_C_FLASH> 1 (was BANKED_CODE)
  Relative segment, address: CODE 0003CC4B - 0003CC4D (0x3 bytes), align: 0
  Segment part 131.           Intra module refs:   aesInitSig
                                                   ublAesCrypt
           LOCAL                   ADDRESS         
           =====                   =======         
           ?Subroutine3            0003CC4B 
    -------------------------------------------------------------------------
<BANKED_CODE,XDATA_ROM_C_FLASH> 1 (was BANKED_CODE)
  Relative segment, address: CODE 0003CC4E - 0003CC52 (0x5 bytes), align: 0
  Segment part 132.           Intra module refs:   ?Subroutine3
                                                   usbdpGetInterfaceDesc
                                                   usbsrSetConfiguration
                                                   usbsrSetInterface
    -------------------------------------------------------------------------
<BANKED_CODE,XDATA_ROM_C_FLASH> 1 (was BANKED_CODE)
  Relative segment, address: CODE 0003CC53 - 0003CCE7 (0x95 bytes), align: 0
  Segment part 133.           Intra module refs:   usbdpGetStringDesc::?relay
           ENTRY                   ADDRESS         REF BY
           =====                   =======         ======
           usbdpGetStringDesc      0003CC53 
               XSTACK = 0000000F ( 00000011 )
               ISTACK = 00000000 ( 00000001 )
    -------------------------------------------------------------------------
<BANKED_CODE,XDATA_ROM_C_FLASH> 1 (was BANKED_CODE)
  Relative segment, address: CODE 0003CCE8 - 0003CCF2 (0xb bytes), align: 0
  Segment part 135.           Intra module refs:   ublAesAuth
                                                   usbdpGetStringDesc
           LOCAL                   ADDRESS         
           =====                   =======         
           ?Subroutine21           0003CCE8 
    -------------------------------------------------------------------------
<BANKED_CODE,XDATA_ROM_C_FLASH> 1 (was BANKED_CODE)
  Relative segment, address: CODE 0003CCF3 - 0003CD01 (0xf bytes), align: 0
  Segment part 136.           Intra module refs:   usbdpGetStringDesc
           LOCAL                   ADDRESS         
           =====                   =======         
           ?Subroutine6            0003CCF3 
    -------------------------------------------------------------------------
<BANKED_CODE,XDATA_ROM_C_FLASH> 1 (was BANKED_CODE)
  Relative segment, address: CODE 0003CD02 - 0003CD3A (0x39 bytes), align: 0
  Segment part 137.           Intra module refs:   usbfwInit::?relay
           ENTRY                   ADDRESS         REF BY
           =====                   =======         ======
           usbfwInit               0003CD02 
               calls direct
               XSTACK = 00000000 ( 0000000A )
    -------------------------------------------------------------------------
<BANKED_CODE,XDATA_ROM_C_FLASH> 1 (was BANKED_CODE)
  Relative segment, address: CODE 0003CD3B - 0003CD59 (0x1f bytes), align: 0
  Segment part 139.           Intra module refs:   usbfwResetHandler::?relay
           ENTRY                   ADDRESS         REF BY
           =====                   =======         ======
           usbfwResetHandler       0003CD3B 
               calls direct
               ISTACK = 00000000 ( 00000002 )
    -------------------------------------------------------------------------
<BANKED_CODE,XDATA_ROM_C_FLASH> 1 (was BANKED_CODE)
  Relative segment, address: CODE 0003CD5A - 0003CF62 (0x209 bytes), align: 0
  Segment part 141.           Intra module refs:   usbfwSetupHandler::?relay
           ENTRY                   ADDRESS         REF BY
           =====                   =======         ======
           usbfwSetupHandler       0003CD5A 
               calls direct
               XSTACK = 00000000 ( 0000000E )
    -------------------------------------------------------------------------
<BANKED_CODE,XDATA_ROM_C_FLASH> 1 (was BANKED_CODE)
  Relative segment, address: CODE 0003CF63 - 0003CF63 (0x1 bytes), align: 0
  Segment part 143.           Intra module refs:   usbfwSetupHandler
                                                   usbsrGetInterface
           LOCAL                   ADDRESS         
           =====                   =======         
           ?Subroutine0            0003CF63 
    -------------------------------------------------------------------------
<BANKED_CODE,XDATA_ROM_C_FLASH> 1 (was BANKED_CODE)
  Relative segment, address: CODE 0003CF64 - 0003CF68 (0x5 bytes), align: 0
  Segment part 144.           Intra module refs:   ?Subroutine0
                                                   HalFlashRead
    -------------------------------------------------------------------------
<BANKED_CODE,XDATA_ROM_C_FLASH> 1 (was BANKED_CODE)
  Relative segment, address: CODE 0003CF69 - 0003CF78 (0x10 bytes), align: 0
  Segment part 145.           Intra module refs:   usbfwSetupHandler
           LOCAL                   ADDRESS         
           =====                   =======         
           ?Subroutine22           0003CF69 
    -------------------------------------------------------------------------
<BANKED_CODE,XDATA_ROM_C_FLASH> 1 (was BANKED_CODE)
  Relative segment, address: CODE 0003CF79 - 0003CF82 (0xa bytes), align: 0
  Segment part 146.           Intra module refs:   usbfwSetupHandler
           LOCAL                   ADDRESS         
           =====                   =======         
           ?Subroutine16           0003CF79 
    -------------------------------------------------------------------------
<BANKED_CODE,XDATA_ROM_C_FLASH> 1 (was BANKED_CODE)
  Relative segment, address: CODE 0003CF83 - 0003CF85 (0x3 bytes), align: 0
  Segment part 147.           Intra module refs:   usbfwSetupHandler
                                                   usbsrGetDescriptor
           LOCAL                   ADDRESS         
           =====                   =======         
           ?Subroutine15           0003CF83 
    -------------------------------------------------------------------------
<BANKED_CODE,XDATA_ROM_C_FLASH> 1 (was BANKED_CODE)
  Relative segment, address: CODE 0003CF86 - 0003CF89 (0x4 bytes), align: 0
  Segment part 148.           Intra module refs:   ?Subroutine15
                                                   usbdpFindNext
    -------------------------------------------------------------------------
<BANKED_CODE,XDATA_ROM_C_FLASH> 1 (was BANKED_CODE)
  Relative segment, address: CODE 0003CF8A - 0003CF8F (0x6 bytes), align: 0
  Segment part 149.           Intra module refs:   ?Subroutine10
                                                   ?Subroutine11
                                                   ?Subroutine12
                                                   Segment part 148
                                                   Segment part 185
           LOCAL                   ADDRESS         
           =====                   =======         
           ?Subroutine23           0003CF8A 
    -------------------------------------------------------------------------
<BANKED_CODE,XDATA_ROM_C_FLASH> 1 (was BANKED_CODE)
  Relative segment, address: CODE 0003CF90 - 0003CFA9 (0x1a bytes), align: 0
  Segment part 150.           Intra module refs:   usbfwSetAllEpStatus::?relay
           ENTRY                   ADDRESS         REF BY
           =====                   =======         ======
           usbfwSetAllEpStatus     0003CF90 
               XSTACK = 0000000C ( 00000000 )
               ISTACK = 00000000 ( 00000002 )
    -------------------------------------------------------------------------
<BANKED_CODE,XDATA_ROM_C_FLASH> 1 (was BANKED_CODE)
  Relative segment, address: CODE 0003CFAA - 0003CFD2 (0x29 bytes), align: 0
  Segment part 152.           Intra module refs:   usbfwReadFifo::?relay
           ENTRY                   ADDRESS         REF BY
           =====                   =======         ======
           usbfwReadFifo           0003CFAA 
               XSTACK = 0000000E ( 00000009 )
               ISTACK = 00000000 ( 00000001 )
    -------------------------------------------------------------------------
<BANKED_CODE,XDATA_ROM_C_FLASH> 1 (was BANKED_CODE)
  Relative segment, address: CODE 0003CFD3 - 0003CFD5 (0x3 bytes), align: 0
  Segment part 154.           Intra module refs:   usbfwSetupHandler
           LOCAL                   ADDRESS         
           =====                   =======         
           ?Subroutine9            0003CFD3 
    -------------------------------------------------------------------------
<BANKED_CODE,XDATA_ROM_C_FLASH> 1 (was BANKED_CODE)
  Relative segment, address: CODE 0003CFD6 - 0003CFD8 (0x3 bytes), align: 0
  Segment part 155.           Intra module refs:   ?Subroutine9
                                                   usbfwReadFifo
                                                   usbfwWriteFifo
    -------------------------------------------------------------------------
<BANKED_CODE,XDATA_ROM_C_FLASH> 1 (was BANKED_CODE)
  Relative segment, address: CODE 0003CFD9 - 0003CFDE (0x6 bytes), align: 0
  Segment part 156.           Intra module refs:   HalFlashRead
                                                   Segment part 155
                                                   usbdpFindNext
                                                   usbsrGetDescriptor
    -------------------------------------------------------------------------
<BANKED_CODE,XDATA_ROM_C_FLASH> 1 (was BANKED_CODE)
  Relative segment, address: CODE 0003CFDF - 0003D005 (0x27 bytes), align: 0
  Segment part 157.           Intra module refs:   usbfwWriteFifo::?relay
           ENTRY                   ADDRESS         REF BY
           =====                   =======         ======
           usbfwWriteFifo          0003CFDF 
               XSTACK = 0000000E ( 00000009 )
               ISTACK = 00000000 ( 00000001 )
    -------------------------------------------------------------------------
<BANKED_CODE,XDATA_ROM_C_FLASH> 1 (was BANKED_CODE)
  Relative segment, address: CODE 0003D006 - 0003D00A (0x5 bytes), align: 0
  Segment part 159.           Intra module refs:   ChangeFeature
                                                   usbdpGetStringDesc
                                                   usbfwReadFifo
                                                   usbfwWriteFifo
           LOCAL                   ADDRESS         
           =====                   =======         
           ?Subroutine4            0003D006 
    -------------------------------------------------------------------------
<BANKED_CODE,XDATA_ROM_C_FLASH> 1 (was BANKED_CODE)
  Relative segment, address: CODE 0003D00B - 0003D048 (0x3e bytes), align: 0
  Segment part 160.           Intra module refs:   usbirqInit::?relay
           ENTRY                   ADDRESS         REF BY
           =====                   =======         ======
           usbirqInit              0003D00B 
               XSTACK = 00000000 ( 0000000A )
    -------------------------------------------------------------------------
<BANKED_CODE,XDATA_ROM_C_FLASH> 1 (was BANKED_CODE)
  Relative segment, address: CODE 0003D049 - 0003D0E8 (0xa0 bytes), align: 0
  Segment part 162.           Intra module refs:   usbirqHandler::?relay
           ENTRY                   ADDRESS         REF BY
           =====                   =======         ======
           usbirqHandler           0003D049 
               calls direct
               XSTACK = 00000000 ( 0000000A )
    -------------------------------------------------------------------------
<BANKED_CODE,XDATA_ROM_C_FLASH> 1 (was BANKED_CODE)
  Relative segment, address: CODE 0003D0E9 - 0003D1C1 (0xd9 bytes), align: 0
  Segment part 164.           Intra module refs:   usbsrGetStatus::?relay
           ENTRY                   ADDRESS         REF BY
           =====                   =======         ======
           usbsrGetStatus          0003D0E9 
               XSTACK = 0000000B ( 00000000 )
               ISTACK = 00000000 ( 00000002 )
    -------------------------------------------------------------------------
XDATA_Z
  Relative segment, address: XDATA 00000426 - 00000427 (0x2 bytes), align: 0
  Segment part 69.            Intra module refs:   usbsrGetStatus
           LOCAL                   ADDRESS         
           =====                   =======         
           usbsrGetStatus::status
                                   00000426 
    -------------------------------------------------------------------------
<BANKED_CODE,XDATA_ROM_C_FLASH> 1 (was BANKED_CODE)
  Relative segment, address: CODE 0003D1C2 - 0003D2AE (0xed bytes), align: 0
  Segment part 166.           Intra module refs:   ChangeFeature::?relay
           LOCAL                   ADDRESS         
           =====                   =======         
           ChangeFeature           0003D1C2 
               calls direct
               XSTACK = 00000000 ( 00000009 )
               ISTACK = 00000000 ( 00000001 )
    -------------------------------------------------------------------------
<BANKED_CODE,XDATA_ROM_C_FLASH> 1 (was BANKED_CODE)
  Relative segment, address: CODE 0003D2AF - 0003D2C0 (0x12 bytes), align: 0
  Segment part 168.           Intra module refs:   usbsrClearFeature::?relay
           ENTRY                   ADDRESS         REF BY
           =====                   =======         ======
           usbsrClearFeature       0003D2AF 
               calls direct
               XSTACK = 0000000B ( 00000000 )
               ISTACK = 00000000 ( 00000002 )
    -------------------------------------------------------------------------
<BANKED_CODE,XDATA_ROM_C_FLASH> 1 (was BANKED_CODE)
  Relative segment, address: CODE 0003D2C1 - 0003D2D2 (0x12 bytes), align: 0
  Segment part 170.           Intra module refs:   usbsrSetFeature::?relay
           ENTRY                   ADDRESS         REF BY
           =====                   =======         ======
           usbsrSetFeature         0003D2C1 
               calls direct
               XSTACK = 0000000B ( 00000000 )
               ISTACK = 00000000 ( 00000002 )
    -------------------------------------------------------------------------
<BANKED_CODE,XDATA_ROM_C_FLASH> 1 (was BANKED_CODE)
  Relative segment, address: CODE 0003D2D3 - 0003D318 (0x46 bytes), align: 0
  Segment part 172.           Intra module refs:   usbsrSetAddress::?relay
           ENTRY                   ADDRESS         REF BY
           =====                   =======         ======
           usbsrSetAddress         0003D2D3 
               XSTACK = 0000000B ( 00000000 )
               ISTACK = 00000000 ( 00000002 )
    -------------------------------------------------------------------------
<BANKED_CODE,XDATA_ROM_C_FLASH> 1 (was BANKED_CODE)
  Relative segment, address: CODE 0003D319 - 0003D48A (0x172 bytes), align: 0
  Segment part 174.           Intra module refs:   usbsrGetDescriptor::?relay
           ENTRY                   ADDRESS         REF BY
           =====                   =======         ======
           usbsrGetDescriptor      0003D319 
               calls direct
               XSTACK = 0000000B ( 0000000F )
               ISTACK = 00000000 ( 00000001 )
    -------------------------------------------------------------------------
<BANKED_CODE,XDATA_ROM_C_FLASH> 1 (was BANKED_CODE)
  Relative segment, address: CODE 0003D48B - 0003D499 (0xf bytes), align: 0
  Segment part 176.           Intra module refs:   usbsrGetDescriptor
           LOCAL                   ADDRESS         
           =====                   =======         
           ?Subroutine17           0003D48B 
    -------------------------------------------------------------------------
<BANKED_CODE,XDATA_ROM_C_FLASH> 1 (was BANKED_CODE)
  Relative segment, address: CODE 0003D49A - 0003D4A3 (0xa bytes), align: 0
  Segment part 177.           Intra module refs:   ?Subroutine17
                                                   usbsrGetDescriptor
           LOCAL                   ADDRESS         
           =====                   =======         
           ?Subroutine25           0003D49A 
    -------------------------------------------------------------------------
<BANKED_CODE,XDATA_ROM_C_FLASH> 1 (was BANKED_CODE)
  Relative segment, address: CODE 0003D4A4 - 0003D4A8 (0x5 bytes), align: 0
  Segment part 178.           Intra module refs:   ConfigureEndpoints
                                                   aesInitSig
                                                   usbsrGetDescriptor
                                                   usbsrSetAddress
           LOCAL                   ADDRESS         
           =====                   =======         
           ?Subroutine12           0003D4A4 
    -------------------------------------------------------------------------
<BANKED_CODE,XDATA_ROM_C_FLASH> 1 (was BANKED_CODE)
  Relative segment, address: CODE 0003D4A9 - 0003D5FC (0x154 bytes), align: 0
  Segment part 179.           Intra module refs:   ConfigureEndpoints::?relay
           LOCAL                   ADDRESS         
           =====                   =======         
           ConfigureEndpoints      0003D4A9 
               calls direct
               XSTACK = 0000000C ( 00000013 )
    -------------------------------------------------------------------------
<BANKED_CODE,XDATA_ROM_C_FLASH> 1 (was BANKED_CODE)
  Relative segment, address: CODE 0003D5FD - 0003D608 (0xc bytes), align: 0
  Segment part 181.           Intra module refs:   ConfigureEndpoints
           LOCAL                   ADDRESS         
           =====                   =======         
           ?Subroutine19           0003D5FD 
    -------------------------------------------------------------------------
<BANKED_CODE,XDATA_ROM_C_FLASH> 1 (was BANKED_CODE)
  Relative segment, address: CODE 0003D609 - 0003D637 (0x2f bytes), align: 0
  Segment part 182.           Intra module refs:   usbsrGetConfiguration::?relay
           ENTRY                   ADDRESS         REF BY
           =====                   =======         ======
           usbsrGetConfiguration   0003D609 
               XSTACK = 0000000B ( 00000000 )
               ISTACK = 00000000 ( 00000002 )
    -------------------------------------------------------------------------
<BANKED_CODE,XDATA_ROM_C_FLASH> 1 (was BANKED_CODE)
  Relative segment, address: CODE 0003D638 - 0003D63A (0x3 bytes), align: 0
  Segment part 184.           Intra module refs:   usbsrGetConfiguration
[...]
                                                   ConfigureEndpoints (hal_flash)
                                                   HalFlashRead (hal_flash)
                                                   HalFlashWrite (hal_flash)
                                                   aesInitSig (hal_flash)
                                                   execCBW (usb_firmware_library_config)
                                                   execCBWCB (usb_firmware_library_config)
                                                   fakeOpExec (usb_firmware_library_config)
                                                   fakeOpPrep (usb_firmware_library_config)
                                                   fakePgBuf (usb_firmware_library_config)
                                                   fillPgBuf (usb_firmware_library_config)
                                                   gpioInit (hal_flash)
                                                   memcmp (?memcmp)
                                                   memcpy (?memcpy)
                                                   pollOutEP (usb_firmware_library_config)
                                                   rxOutEP (usb_firmware_library_config)
                                                   sbcCmdReadWrite10 (usb_firmware_library_config)
                                                   ublAesAuth (hal_flash)
                                                   ublAesCrypt (hal_flash)
                                                   ublCfg (hal_flash)
                                                   ublExec (hal_flash)
                                                   ublInit (hal_flash)
                                                   usb_msd_init (usb_firmware_library_config)
                                                   usb_msd_poll (usb_firmware_library_config)
                                                   usbdpGetConfigurationDesc (hal_flash)
                                                   usbdpGetInterfaceDesc (hal_flash)
                                                   usbdpGetStringDesc (hal_flash)
                                                   usbfwInit (hal_flash)
                                                   usbfwReadFifo (hal_flash)
                                                   usbfwSetupHandler (hal_flash)
                                                   usbfwWriteFifo (hal_flash)
                                                   usbirqHandler (hal_flash)
                                                   usbirqInit (hal_flash)
                                                   usbsrGetDescriptor (hal_flash)
                                                   usbsrGetInterface (hal_flash)
                                                   usbsrSetConfiguration (hal_flash)
                                                   usbsrSetInterface (hal_flash)

    -------------------------------------------------------------------------
  LIBRARY MODULE, NAME : ?FUNC_ENTER_XDATA

  SEGMENTS IN THE MODULE
  ======================
<BANK_RELAYS,CSTART..> 1 (was RCODE)
  Relative segment, address: CODE 000002E0 - 00000345 (0x66 bytes), align: 0
  Segment part 1.
           ENTRY                   ADDRESS         REF BY
           =====                   =======         ======
           ?FUNC_ENTER_XDATA       000002E0        __low_level_init (hal_flash)

    -------------------------------------------------------------------------
  LIBRARY MODULE, NAME : ?BANKED_LEAVE_XDATA

  SEGMENTS IN THE MODULE
  ======================
<BANK_RELAYS,CSTART..> 1 (was RCODE)
  Relative segment, address: CODE 000003A9 - 000003EE (0x46 bytes), align: 0
  Segment part 1.
           ENTRY                   ADDRESS         REF BY
           =====                   =======         ======
           ?BANKED_LEAVE_XDATA     000003A9        ?Subroutine4 (hal_flash)
                                                   ConfigureEndpoints (hal_flash)
                                                   Segment part 132 (hal_flash)
                                                   Segment part 144 (hal_flash)
                                                   Segment part 57 (usb_firmware_library_config)
                                                   Segment part 72 (usb_firmware_library_config)
                                                   Segment part 93 (hal_flash)
                                                   memcmp (?memcmp)
                                                   memcpy (?memcpy)
                                                   ublExec (hal_flash)
                                                   ublInit (hal_flash)
                                                   usbsrGetDescriptor (hal_flash)

    -------------------------------------------------------------------------
  LIBRARY MODULE, NAME : ?FUNC_LEAVE_XDATA

  SEGMENTS IN THE MODULE
  ======================
<BANK_RELAYS,CSTART..> 1 (was RCODE)
  Relative segment, address: CODE 000003EF - 0000042E (0x40 bytes), align: 0
  Segment part 1.
           ENTRY                   ADDRESS         REF BY
           =====                   =======         ======
           ?FUNC_LEAVE_XDATA       000003EF        __low_level_init (hal_flash)

    -------------------------------------------------------------------------
  LIBRARY MODULE, NAME : ?PUSH_XSTACK_I

  SEGMENTS IN THE MODULE
  ======================
<BANK_RELAYS,CSTART..> 1 (was RCODE)
  Relative segment, address: CODE 00000581 - 00000584 (0x4 bytes), align: 0
  Segment part 1.
           ENTRY                   ADDRESS         REF BY
           =====                   =======         ======
           ?PUSH_XSTACK_I_THREE    00000581        execCBWCB (usb_firmware_library_config)
                                                   usb_msd_poll (usb_firmware_library_config)
                                                   usbfwSetupHandler (hal_flash)
    -------------------------------------------------------------------------
<BANK_RELAYS,CSTART..> 1 (was RCODE)
  Relative segment, address: CODE 00000585 - 00000588 (0x4 bytes), align: 0
  Segment part 2.
           ENTRY                   ADDRESS         REF BY
           =====                   =======         ======
           ?PUSH_XSTACK_I_TWO      00000585        HalFlashWrite (hal_flash)
                                                   __low_level_init (hal_flash)
                                                   aesInitSig (hal_flash)
                                                   execCBW (usb_firmware_library_config)
                                                   fakeOpExec (usb_firmware_library_config)
                                                   fakeOpPrep (usb_firmware_library_config)
                                                   fakePgBuf (usb_firmware_library_config)
                                                   pollOutEP (usb_firmware_library_config)
                                                   rxOutEP (usb_firmware_library_config)
                                                   ublAesAuth (hal_flash)
                                                   ublAesCrypt (hal_flash)
                                                   ublCfg (hal_flash)
                                                   ublInit (hal_flash)
                                                   usb_msd_init (usb_firmware_library_config)
    -------------------------------------------------------------------------
<BANK_RELAYS,CSTART..> 1 (was RCODE)
  Relative segment, address: CODE 00000589 - 00000595 (0xd bytes), align: 0
  Segment part 4.             Intra module refs:   ?PUSH_XSTACK_I_THREE
                                                   ?PUSH_XSTACK_I_TWO
           ENTRY                   ADDRESS         REF BY
           =====                   =======         ======
           ?PUSH_XSTACK_I          00000589 

    -------------------------------------------------------------------------
  LIBRARY MODULE, NAME : ?PUSH_XSTACK8_X

  SEGMENTS IN THE MODULE
  ======================
<BANK_RELAYS,CSTART..> 1 (was RCODE)
  Relative segment, address: CODE 00000465 - 00000468 (0x4 bytes), align: 0
  Segment part 2.
           ENTRY                   ADDRESS         REF BY
           =====                   =======         ======
           ?PUSH_XSTACK8_X_THREE   00000465        usbfwSetupHandler (hal_flash)
    -------------------------------------------------------------------------
<BANK_RELAYS,CSTART..> 1 (was RCODE)
  Relative segment, address: CODE 00000469 - 00000491 (0x29 bytes), align: 0
  Segment part 5.             Intra module refs:   ?PUSH_XSTACK8_X_THREE
           ENTRY                   ADDRESS         REF BY
           =====                   =======         ======
           ?PUSH_XSTACK8_X         00000469 

    -------------------------------------------------------------------------
  LIBRARY MODULE, NAME : ?memcmp

  SEGMENTS IN THE MODULE
  ======================
<BANKED_CODE,XDATA_ROM_C_FLASH> 1 (was BANKED_CODE)
  Relative segment, address: CODE 0003E65A - 0003E6A5 (0x4c bytes), align: 0
  Segment part 6.             Intra module refs:   memcmp::?relay
           ENTRY                   ADDRESS         REF BY
           =====                   =======         ======
           memcmp                  0003E65A 
               XSTACK = 00000002 ( 00000009 )
    -------------------------------------------------------------------------
<BANK_RELAYS,CSTART..> 1 (was BANK_RELAYS)
  Relative segment, address: CODE 000007C7 - 000007CC (0x6 bytes), align: 0
  Segment part 7.
           ENTRY                   ADDRESS         REF BY
           =====                   =======         ======
           memcmp::?relay          000007C7        Segment part 85 (usb_firmware_library_config)
                                                   ublAesCrypt (hal_flash)
                                                   ublCfg (hal_flash)
                                                   ublInit (hal_flash)

    -------------------------------------------------------------------------
  LIBRARY MODULE, NAME : ?memcpy

  SEGMENTS IN THE MODULE
  ======================
<BANKED_CODE,XDATA_ROM_C_FLASH> 1 (was BANKED_CODE)
  Relative segment, address: CODE 0003E6A6 - 0003E6EB (0x46 bytes), align: 0
  Segment part 6.             Intra module refs:   memcpy::?relay
           ENTRY                   ADDRESS         REF BY
           =====                   =======         ======
           memcpy                  0003E6A6 
               XSTACK = 00000002 ( 0000000A )
               ISTACK = 00000000 ( 00000001 )
    -------------------------------------------------------------------------
<BANK_RELAYS,CSTART..> 1 (was BANK_RELAYS)
  Relative segment, address: CODE 000007CD - 000007D2 (0x6 bytes), align: 0
  Segment part 7.
           ENTRY                   ADDRESS         REF BY
           =====                   =======         ======
           memcpy::?relay          000007CD        HalFlashWrite (hal_flash)
                                                   Segment part 79 (usb_firmware_library_config)
                                                   ublAesAuth (hal_flash)
                                                   ublCfg (hal_flash)

    -------------------------------------------------------------------------
  LIBRARY MODULE, NAME : ?memset

  SEGMENTS IN THE MODULE
  ======================
<BANKED_CODE,XDATA_ROM_C_FLASH> 1 (was BANKED_CODE)
  Relative segment, address: CODE 0003E6EC - 0003E717 (0x2c bytes), align: 0
  Segment part 6.             Intra module refs:   memset::?relay
           ENTRY                   ADDRESS         REF BY
           =====                   =======         ======
           memset                  0003E6EC 
               XSTACK = 00000002 ( 00000000 )
               ISTACK = 00000000 ( 00000002 )
    -------------------------------------------------------------------------
<BANK_RELAYS,CSTART..> 1 (was BANK_RELAYS)
  Relative segment, address: CODE 000007D3 - 000007D8 (0x6 bytes), align: 0
  Segment part 7.
           ENTRY                   ADDRESS         REF BY
           =====                   =======         ======
           memset::?relay          000007D3        Segment part 93 (usb_firmware_library_config)

    *************************************************************************

  DEFINED ABSOLUTE ENTRIES
  PROGRAM MODULE, NAME : ?FILLER_BYTES

  SEGMENTS IN THE MODULE
  ======================
INTVEC
  Common segment, address: CODE 00000000 - 0000008D (0x8e bytes), align: 0
  Segment part 2.
    -------------------------------------------------------------------------
?FILL2
  Relative segment, address: CODE 0003E718 - 0003E7FF (0xe8 bytes), align: 0
  Segment part 1.
    -------------------------------------------------------------------------
?FILL1
  Relative segment, address: CODE 000007D9 - 000007FF (0x27 bytes), align: 0
  Segment part 0.




                ****************************************
                *                                      *
                *            MODULE SUMMARY            *
                *                                      *
                ****************************************

Module                         CODE      DATA      XDATA  IDATA    BIT  CONST
------                         ----      ----      -----  -----    ---  -----
                              (Rel)  (Rel)  (Abs)  (Rel)  (Rel)  (Rel)  (Rel)
?ADD_XSTACK_DISP8                27
?ALLOC_XSTACK8                   22
?BANKED_CODE_SUPPORT             30
?BANKED_ENTER_XDATA             108
?BANKED_LEAVE_XDATA              70
?CALL_IND                         2
?C_GPTR_LOAD                     26
?C_GPTR_STORE                    22
?DEALLOC_XSTACK8                 27
?FILLER_BYTES                   271
  + common                      142
?FUNC_ENTER_XDATA               102
?FUNC_LEAVE_XDATA                64
?L_ADD_X                         19
?L_EQ                            21
?L_MOV_TO_X                      15
?L_MOV_X                         15
?L_MUL                          128
?L_SHL                           31
?L_SUB_FROM_X                    20
?MOVE_LONG8_XDATA_IDATA          13
?MOVE_LONG8_XDATA_XDATA          33
?PUSH_XSTACK8_X                  45
?PUSH_XSTACK_I                   21
?S_SHL                           19
?UL_DIV_MOD                     111
?UL_GT_X                         16
?US_SHR                          15
?XLOAD_R2345                     12
?XSTACK_DISP8                    10
?XSTACK_DISP8_RP                 16
?XSTORE_R2345                    12
?cexit                            5
?cmain                           99
?memcmp                          82
?memcpy                          76
?memset                          50
CSTARTUP                         18
  + common                        3
VIRTUAL_REGISTERS                       14                           8
hal_flash                     6 326      7     20  2 507                  206
  + shared                                      9
ubl_ivec
  + common                      142
usb_descriptor                   54
usb_firmware_library_config   4 093             4  2 521                  146
N/A (command line)                       8           768    192
N/A (alignment)
----------                   ------     --     --  -----    ---      -    ---
Total:                       12 146     29     33  5 796    192      8    352
  + common                      142


                ****************************************
                *                                      *
                *      SEGMENTS IN ADDRESS ORDER       *
                *                                      *
                ****************************************


SEGMENT              SPACE    START ADDRESS   END ADDRESS     SIZE  TYPE  ALIGN
=======              =====    =============   ===========     ====  ====  =====
INTVEC               CODE          00000000 - 0000008D          8E   com    1
IDATA_ID             CODE               0000008E                     dse    0
BDATA_ID             CODE               0000008E                     dse    0
PDATA_ID             CODE               0000008E                     dse    0
IXDATA_ID            CODE               0000008E                     dse    0
BIT_ID               CODE               0000008E                     dse    0
DATA_ID              CODE               0000008E                     dse    0
XDATA_ID             CODE          0000008E - 00000103          76   rel    0
<BANK_RELAYS,CSTART..> 1
                     CODE          00000104 - 000007D8         6D5   rel    0
?FILL1               CODE          000007D9 - 000007FF          27   rel    0
<BANKED_CODE,XDATA_ROM_C_FLASH> 1
                     CODE          0003C000 - 0003E717        2718   rel    0
?FILL2               CODE          0003E718 - 0003E7FF          E8   rel    0
REGISTERS            DATA          00000000 - 00000007           8   rel    0
VREG                 DATA          00000008 - 00000013           C   rel    0
PSP                  DATA               00000014                     dse    0
XSP                  DATA          00000014 - 00000015           2   rel    0
DATA_I               DATA               00000016                     dse    0
DATA_Z               DATA          00000016 - 0000001C           7   rel    0
BREG                 BIT        00000020.0  -  00000020.7        8   rel    0
SFR_AN               DATA          00000080 - 00000080           1   rel    0
                     DATA          0000008B - 0000008B           1 
                     DATA          00000090 - 00000090           1 
                     DATA          00000095 - 00000097           3 
                     DATA          0000009A - 0000009A           1 
                     DATA          0000009D - 0000009D           1 
                     DATA          000000A8 - 000000A8           1 
                     DATA          000000AC - 000000AC           1 
                     DATA          000000B1 - 000000B4           4 
                     DATA          000000B6 - 000000B6           1 
                     DATA          000000B8 - 000000B8           1 
                     DATA          000000BB - 000000BB           1 
                     DATA          000000C6 - 000000C7           2 
                     DATA          000000C9 - 000000C9           1 
                     DATA          000000D1 - 000000D7           7 
                     DATA          000000E8 - 000000E8           1 
                     DATA          000000F3 - 000000F4           2 
                     DATA          000000F7 - 000000F7           1 
                     DATA          000000FD - 000000FE           2 
XSTACK               XDATA         00000000 - 000002FF         300   rel    0
XDATA_Z              XDATA         00000300 - 0000042B         12C   rel    0
XDATA_I              XDATA         0000042C - 000004A1          76   rel    0
<XDATA_N> 1          XDATA         000004A2 - 000016A3        1202   rel    0
<XDATA_ROM_C> 1      CONST         0000C000 - 0000C15F         160   rel    0
ISTACK               IDATA         00000040 - 000000FF          C0   rel    0

                ****************************************
                *                                      *
                *        END OF CROSS REFERENCE        *
                *                                      *
                ****************************************

 12 017 bytes of CODE  memory (+             271 range fill )
     29 bytes of DATA  memory (+ 33 absolute )
  5 796 bytes of XDATA memory
    192 bytes of IDATA memory
      8 bits  of BIT   memory
    352 bytes of CONST memory

Errors: none
Warnings: none

