################################################################################
#                                                                              #
#      IAR Universal Linker V6.2.2.68                                          #
#                                                                              #
#           Link time     =  08/Nov/2018  15:11:42                             #
#           Target CPU    =  x51                                               #
#           List file     =  C:\BLE-CC254x-1.4.2.2.200_200\Projects\ble\util\U #
#                            BL\soc_8051\usb_msd\iar\CC2540-DK\List\UBL.map    #
#           Output file 1 =  C:\BLE-CC254x-1.4.2.2.200_200\Projects\ble\util\U #
#                            BL\soc_8051\usb_msd\iar\CC2540-DK\Exe\UBL.d51     #
#                            Format: ubrof10                                   #
#                            UBROF version 10.0.6                              #
#                            Using library modules for C-SPY (-rt)             #
#           Output file 2 =  C:\BLE-CC254x-1.4.2.2.200_200\Projects\ble\util\U #
#                            BL\soc_8051\usb_msd\iar\CC2540-DK\Exe\UBL.hex     #
#                            Format: intel-extended                            #
#           Command line  =  -a -D_NR_OF_BANKS=0x07 -D_CODEBANK_END=0xFFFF     #
#                            -D_CODEBANK_START=0x8000 -D?CBANK_MASK=0xFF       #
#                            -D?CBANK=0x9F                                     #
#                            "-IC:\Program Files (x86)\IAR Systems\Embedded Wo #
#                            rkbench 7.2\8051\CONFIG\"                         #
#                            C:\BLE-CC254x-1.4.2.2.200_200\Projects\ble\util\U #
#                            BL\soc_8051\usb_msd\iar\CC2540-DK\Obj\hal_flash.r #
#                            51                                                #
#                            C:\BLE-CC254x-1.4.2.2.200_200\Projects\ble\util\U #
#                            BL\soc_8051\usb_msd\iar\CC2540-DK\Obj\ubl_exec.r5 #
#                            1                                                 #
#                            C:\BLE-CC254x-1.4.2.2.200_200\Projects\ble\util\U #
#                            BL\soc_8051\usb_msd\iar\CC2540-DK\Obj\ubl_ivec.r5 #
#                            1                                                 #
#                            C:\BLE-CC254x-1.4.2.2.200_200\Projects\ble\util\U #
#                            BL\soc_8051\usb_msd\iar\CC2540-DK\Obj\ubl_main.r5 #
#                            1                                                 #
#                            C:\BLE-CC254x-1.4.2.2.200_200\Projects\ble\util\U #
#                            BL\soc_8051\usb_msd\iar\CC2540-DK\Obj\usb_descrip #
#                            tor_parser.r51                                    #
#                            C:\BLE-CC254x-1.4.2.2.200_200\Projects\ble\util\U #
#                            BL\soc_8051\usb_msd\iar\CC2540-DK\Obj\usb_framewo #
#                            rk.r51                                            #
#                            C:\BLE-CC254x-1.4.2.2.200_200\Projects\ble\util\U #
#                            BL\soc_8051\usb_msd\iar\CC2540-DK\Obj\usb_interru #
#                            pt.r51                                            #
#                            C:\BLE-CC254x-1.4.2.2.200_200\Projects\ble\util\U #
#                            BL\soc_8051\usb_msd\hal\usb\class_msd\usb_msd_805 #
#                            1.lib                                             #
#                            C:\BLE-CC254x-1.4.2.2.200_200\Projects\ble\util\U #
#                            BL\soc_8051\usb_msd\iar\CC2540-DK\Obj\usb_standar #
#                            d_requests.r51                                    #
#                            C:\BLE-CC254x-1.4.2.2.200_200\Projects\ble\util\U #
#                            BL\soc_8051\usb_msd\iar\CC2540-DK\Obj\usb_suspend #
#                            .r51                                              #
#                            -o                                                #
#                            C:\BLE-CC254x-1.4.2.2.200_200\Projects\ble\util\U #
#                            BL\soc_8051\usb_msd\iar\CC2540-DK\Exe\UBL.d51     #
#                            -l                                                #
#                            C:\BLE-CC254x-1.4.2.2.200_200\Projects\ble\util\U #
#                            BL\soc_8051\usb_msd\iar\CC2540-DK\List\UBL.map    #
#                            -xmsn                                             #
#                            -IC:\BLE-CC254x-1.4.2.2.200_200\Projects\ble\util #
#                            \UBL\soc_8051\usb_msd\iar\                        #
#                            -f ubl.xcl (-D_XDATA_BEG=0x0000                   #
#                            -D_XDATA_END=0x1EFF -D_IDATA_END=0xFF             #
#                            -D_IVEC_BEG=0x0000 -D_IVEC_END=0x07FF             #
#                            -D_BANK7_BEG=0x7C000 -D_BANK7_END=0x7E7FF         #
#                            -D?REGISTER_BANK=0 -D_REGISTER_BANK_BEG=0         #
#                            -D?PBANK_NUMBER=00 -D_BREG_BEG=0x00 -D?VB=0x20    #
#                            -Z(BIT)BREG=_BREG_BEG -Z(BIT)BIT_N=0-7F           #
#                            -Z(DATA)REGISTERS+8=_REGISTER_BANK_BEG            #
#                            -Z(DATA)BDATA_Z,BDATA_N,BDATA_I=20-2F             #
#                            -Z(DATA)VREG=08-7F -Z(DATA)PSP,XSP=08-7F          #
#                            -Z(DATA)DOVERLAY=08-7F                            #
#                            -Z(DATA)DATA_I,DATA_Z,DATA_N=08-7F                #
#                            -U(IDATA)0-7F=(DATA)0-7F                          #
#                            -Z(IDATA)IDATA_I,IDATA_Z,IDATA_N=08-_IDATA_END    #
#                            -Z(IDATA)ISTACK+_IDATA_STACK_SIZE#08-_IDATA_END   #
#                            -Z(IDATA)IOVERLAY=08-FF                           #
#                            -Z(CODE)INTVEC=_IVEC_BEG                          #
#                            -Z(CODE)BIT_ID,BDATA_ID,DATA_ID,IDATA_ID,IXDATA_I #
#                            D,PDATA_ID,XDATA_ID=_IVEC_BEG-_IVEC_END           #
#                            -P(CODE)CSTART,RCODE,DIFUNCT,NEAR_CODE=_IVEC_BEG- #
#                            _IVEC_END                                         #
#                            -P(CODE)BANK_RELAYS=_IVEC_BEG-_IVEC_END           #
#                            -P(CODE)CODE_C=_BANK7_BEG-_BANK7_END              #
#                            -P(CONST)XDATA_ROM_C=0xC000-0xE7FF                #
#                            -P(CODE)XDATA_ROM_C_FLASH=_BANK7_BEG-_BANK7_END   #
#                            -QXDATA_ROM_C=XDATA_ROM_C_FLASH                   #
#                            -P(CODE)BANKED_CODE=_IVEC_BEG-_IVEC_END,_BANK7_BE #
#                            G-_BANK7_END                                      #
#                            -Z(XDATA)XSTACK+_XDATA_STACK_SIZE=_XDATA_BEG-_XDA #
#                            TA_END                                            #
#                            -Z(XDATA)XDATA_Z,XDATA_I,PDATA_Z=_XDATA_BEG-_XDAT #
#                            A_END                                             #
#                            -P(XDATA)XDATA_N=_XDATA_BEG-_XDATA_END -cx51      #
#                            -D_FIRST_BANK_ADDR=0x10000                        #
#                            -M(CODE)[(_CODEBANK_START+_FIRST_BANK_ADDR)-(_COD #
#                            EBANK_END+_FIRST_BANK_ADDR)]*_NR_OF_BANKS+_FIRST_ #
#                            BANK_ADDR=0x8000                                  #
#                            -ww69=i -HFFFF) -D_NR_OF_VIRTUAL_REGISTERS=10     #
#                            -D?PBANK=0x93 -e?BCALL_FF=?BCALL                  #
#                            -e?BRET_FF=?BRET -e?BDISPATCH_FF=?BDISPATCH       #
#                            -e_small_write=_formatted_write                   #
#                            -e_medium_read=_formatted_read -we24=i -rt        #
#                            -Ointel-extended=C:\BLE-CC254x-1.4.2.2.200_200\Pr #
#                            ojects\ble\util\UBL\soc_8051\usb_msd\iar\CC2540-D #
#                            K\Exe\UBL.hex                                     #
#                            -s __program_start                                #
#                            "C:\Program Files (x86)\IAR Systems\Embedded Work #
#                            bench 7.2\8051\LIB\CLIB\cl-pli-blxd-1e16x01.r51"  #
#                            -D_IDATA_STACK_SIZE=0xC0 -D?ESP=0 -D?ESP_MASK=0   #
#                            -D_EXTENDED_STACK_START=0                         #
#                            -D_EXTENDED_STACK_SIZE=0                          #
#                            -D_PDATA_STACK_SIZE=0x0                           #
#                            -D_XDATA_STACK_SIZE=0x300                         #
#                            -D_XDATA_HEAP_SIZE=0x00 -D_FAR_HEAP_SIZE=0x000    #
#                            -D_HUGE_HEAP_SIZE=0x000                           #
#                            -D_FAR22_HEAP_SIZE=0xFFF                          #
#                                                                              #
#                           Copyright (C) 1987-2015 IAR Systems AB.            #
################################################################################





                ****************************************
                *                                      *
                *           CROSS REFERENCE            *
                *                                      *
                ****************************************

       Program entry at : CODE      00000550  Relocatable, from module : CSTARTUP




                ****************************************
                *                                      *
                *            RUNTIME MODEL             *
                *                                      *
                ****************************************

  __SystemLibrary          = CLib
  __calling_convention     = xdata_reentrant
  __code_model             = banked
  __core                   = plain
  __data_model             = large
  __dptr_size              = 16
  __extended_stack         = disabled
  __location_for_constants = data
  __number_of_dptrs        = 1
  __rt_version             = 1

                ****************************************
                *                                      *
                *    AUTOMATIC SYMBOL REDIRECTIONS     *
                *                                      *
                ****************************************

                  There are no automatic symbol redirections.



                ****************************************
                *                                      *
                *              MODULE MAP              *
                *                                      *
                ****************************************


  DEFINED ABSOLUTE ENTRIES
  PROGRAM MODULE, NAME : ?ABS_ENTRY_MOD

Absolute parts
           ENTRY                   ADDRESS         REF BY
           =====                   =======         ======
           _FAR22_HEAP_SIZE        00000FFF 
           _HUGE_HEAP_SIZE         00000000 
           _FAR_HEAP_SIZE          00000000 
           _XDATA_HEAP_SIZE        00000000 
           _XDATA_STACK_SIZE       00000300 
           _PDATA_STACK_SIZE       00000000 
           _EXTENDED_STACK_SIZE    00000000 
           _EXTENDED_STACK_START   00000000 
           ?ESP_MASK               00000000 
           ?ESP                    00000000 
           _IDATA_STACK_SIZE       000000C0 
           ?PBANK                  00000093 
           _NR_OF_VIRTUAL_REGISTERS
                                   00000010 
           _FIRST_BANK_ADDR        00010000 
           ?VB                     00000020        ?BANKED_ENTER_XDATA (?BANKED_ENTER_XDATA)
                                                   ?BANKED_LEAVE_XDATA (?BANKED_LEAVE_XDATA)
                                                   ?FUNC_ENTER_XDATA (?FUNC_ENTER_XDATA)
                                                   ?FUNC_LEAVE_XDATA (?FUNC_LEAVE_XDATA)
           _BREG_BEG               00000000 
           ?PBANK_NUMBER           00000000 
           _REGISTER_BANK_BEG      00000000 
           ?REGISTER_BANK          00000000        Segment part 6 (CSTARTUP)
           _BANK7_END              0003E7FF 
           _BANK7_BEG              0003C000 
           _IVEC_END               000007FF 
           _IVEC_BEG               00000000 
           _IDATA_END              000000FF 
           _XDATA_END              00001EFF 
           _XDATA_BEG              00000000 
           ?CBANK                  0000009F        ?RESET_CODE_BANK (CSTARTUP)
                                                   Segment part 0 (?BANKED_CODE_SUPPORT)
           ?CBANK_MASK             000000FF 
           _CODEBANK_START         00008000 
           _CODEBANK_END           0000FFFF 
           _NR_OF_BANKS            00000007 
    *************************************************************************

  FILE NAME : C:\BLE-CC254x-1.4.2.2.200_200\Projects\ble\util\UBL\soc_8051\usb_msd\iar\CC2540-DK\Obj\hal_flash.r51
  PROGRAM MODULE, NAME : hal_flash

  SEGMENTS IN THE MODULE
  ======================
SFR_AN
  Relative segment, address: DATA 00000080 - 00000080 (0x1 bytes), align: 0
  Segment part 1. ROOT        Intra module refs:   main
                                                   ublExec
           ENTRY                   ADDRESS         REF BY
           =====                   =======         ======
           _A_P0                   00000080 
           LOCAL                   ADDRESS         
           =====                   =======         
           P0                      00000080 
    -------------------------------------------------------------------------
SFR_AN
  Relative segment, address: DATA 0000008B - 0000008B (0x1 bytes), align: 0
  Segment part 2. ROOT        Intra module refs:   usbirqHandler
                                                   usbirqInit
           ENTRY                   ADDRESS         REF BY
           =====                   =======         ======
           P2IFG                   0000008B 
    -------------------------------------------------------------------------
SFR_AN
  Relative segment, address: DATA 00000090 - 00000090 (0x1 bytes), align: 0
  Segment part 3. ROOT        Intra module refs:   fakeOpExec (usb_firmware_library_config)
                                                   ublExec
                                                   usb_msd_init (usb_firmware_library_config)
                                                   usb_msd_uninit (usb_firmware_library_config)
           ENTRY                   ADDRESS         REF BY
           =====                   =======         ======
           _A_P1                   00000090 
           LOCAL                   ADDRESS         
           =====                   =======         
           P1                      00000090 
    -------------------------------------------------------------------------
SFR_AN
  Relative segment, address: DATA 00000095 - 00000095 (0x1 bytes), align: 0
  Segment part 4. ROOT        Intra module refs:   ublExec
                                                   ublInit
           ENTRY                   ADDRESS         REF BY
           =====                   =======         ======
           ST0                     00000095 
    -------------------------------------------------------------------------
SFR_AN
  Relative segment, address: DATA 00000096 - 00000096 (0x1 bytes), align: 0
  Segment part 5. ROOT        Intra module refs:   ublExec
                                                   ublInit
           ENTRY                   ADDRESS         REF BY
           =====                   =======         ======
           ST1                     00000096 
    -------------------------------------------------------------------------
SFR_AN
  Relative segment, address: DATA 00000097 - 00000097 (0x1 bytes), align: 0
  Segment part 6. ROOT        Intra module refs:   ublExec
                                                   ublInit
           ENTRY                   ADDRESS         REF BY
           =====                   =======         ======
           ST2                     00000097 
    -------------------------------------------------------------------------
SFR_AN
  Relative segment, address: DATA 0000009A - 0000009A (0x1 bytes), align: 0
  Segment part 7. ROOT        Intra module refs:   __low_level_init
                                                   usb_msd_uninit (usb_firmware_library_config)
           ENTRY                   ADDRESS         REF BY
           =====                   =======         ======
           IEN2                    0000009A 
    -------------------------------------------------------------------------
SFR_AN
  Relative segment, address: DATA 0000009D - 0000009D (0x1 bytes), align: 0
  Segment part 8. ROOT        Intra module refs:   __low_level_init
                                                   usbirqHandler
           ENTRY                   ADDRESS         REF BY
           =====                   =======         ======
           SLEEPSTA                0000009D 
    -------------------------------------------------------------------------
SFR_AN
  Relative segment, address: DATA 000000A8 - 000000A8 (0x1 bytes), align: 0
  Segment part 9. ROOT        Intra module refs:   HalFlashRead
                                                   __low_level_init
                                                   fakeOpExec (usb_firmware_library_config)
                                                   main
                                                   rxOutEP (usb_firmware_library_config)
                                                   ublCfg
                                                   ublJump
           ENTRY                   ADDRESS         REF BY
           =====                   =======         ======
           _A_IEN0                 000000A8 
           LOCAL                   ADDRESS         
           =====                   =======         
           IEN0                    000000A8 
    -------------------------------------------------------------------------
SFR_AN
  Relative segment, address: DATA 000000B1 - 000000B1 (0x1 bytes), align: 0
  Segment part 10. ROOT       Intra module refs:   aesInitSig
                                                   aesLoadKey
                                                   ublAesAuth
                                                   ublAesCrypt
           ENTRY                   ADDRESS         REF BY
           =====                   =======         ======
           ENCDI                   000000B1 
    -------------------------------------------------------------------------
SFR_AN
  Relative segment, address: DATA 000000B2 - 000000B2 (0x1 bytes), align: 0
  Segment part 11. ROOT       Intra module refs:   ublAesAuth
                                                   ublAesCrypt
           ENTRY                   ADDRESS         REF BY
           =====                   =======         ======
           ENCDO                   000000B2 
    -------------------------------------------------------------------------
SFR_AN
  Relative segment, address: DATA 000000B3 - 000000B3 (0x1 bytes), align: 0
  Segment part 12. ROOT       Intra module refs:   aesInitSig
                                                   aesLoadKey
                                                   ublAesAuth
                                                   ublAesCrypt
           ENTRY                   ADDRESS         REF BY
           =====                   =======         ======
           ENCCS                   000000B3 
    -------------------------------------------------------------------------
SFR_AN
  Relative segment, address: DATA 000000B4 - 000000B4 (0x1 bytes), align: 0
  Segment part 13. ROOT       Intra module refs:   __low_level_init
                                                   ublInit
           ENTRY                   ADDRESS         REF BY
           =====                   =======         ======
           ADCCON1                 000000B4 
    -------------------------------------------------------------------------
SFR_AN
  Relative segment, address: DATA 000000B6 - 000000B6 (0x1 bytes), align: 0
  Segment part 14. ROOT       Intra module refs:   __low_level_init
                                                   ublInit
           ENTRY                   ADDRESS         REF BY
           =====                   =======         ======
           ADCCON3                 000000B6 
    -------------------------------------------------------------------------
SFR_AN
  Relative segment, address: DATA 000000B8 - 000000B8 (0x1 bytes), align: 0
  Segment part 15. ROOT       Intra module refs:   __low_level_init
           ENTRY                   ADDRESS         REF BY
           =====                   =======         ======
           _A_IEN1                 000000B8 
           LOCAL                   ADDRESS         
           =====                   =======         
           IEN1                    000000B8 
    -------------------------------------------------------------------------
SFR_AN
  Relative segment, address: DATA 000000BB - 000000BB (0x1 bytes), align: 0
  Segment part 16. ROOT       Intra module refs:   __low_level_init
                                                   ublInit
           ENTRY                   ADDRESS         REF BY
           =====                   =======         ======
           ADCH                    000000BB 
    -------------------------------------------------------------------------
SFR_AN
  Relative segment, address: DATA 000000C6 - 000000C6 (0x1 bytes), align: 0
  Segment part 17. ROOT       Intra module refs:   __low_level_init
           ENTRY                   ADDRESS         REF BY
           =====                   =======         ======
           CLKCONCMD               000000C6 
    -------------------------------------------------------------------------
SFR_AN
  Relative segment, address: DATA 000000C7 - 000000C7 (0x1 bytes), align: 0
  Segment part 18. ROOT       Intra module refs:   HalFlashRead
                                                   __low_level_init
                                                   fillPgBuf (usb_firmware_library_config)
                                                   rxOutEP (usb_firmware_library_config)
           ENTRY                   ADDRESS         REF BY
           =====                   =======         ======
           MEMCTR                  000000C7 
    -------------------------------------------------------------------------
SFR_AN
  Relative segment, address: DATA 000000C9 - 000000C9 (0x1 bytes), align: 0
  Segment part 19. ROOT       Intra module refs:   fakeOpExec (usb_firmware_library_config)
                                                   main
                                                   rxOutEP (usb_firmware_library_config)
                                                   ublCfg
                                                   ublJump
           ENTRY                   ADDRESS         REF BY
           =====                   =======         ======
           WDCTL                   000000C9 
    -------------------------------------------------------------------------
SFR_AN
  Relative segment, address: DATA 000000D1 - 000000D1 (0x1 bytes), align: 0
  Segment part 20. ROOT       Intra module refs:   HalFlashWrite
           ENTRY                   ADDRESS         REF BY
           =====                   =======         ======
           DMAIRQ                  000000D1 
    -------------------------------------------------------------------------
SFR_AN
  Relative segment, address: DATA 000000D4 - 000000D4 (0x1 bytes), align: 0
  Segment part 21. ROOT       Intra module refs:   main
           ENTRY                   ADDRESS         REF BY
           =====                   =======         ======
           DMA0CFGL                000000D4 
    -------------------------------------------------------------------------
SFR_AN
  Relative segment, address: DATA 000000D5 - 000000D5 (0x1 bytes), align: 0
  Segment part 22. ROOT       Intra module refs:   main
           ENTRY                   ADDRESS         REF BY
           =====                   =======         ======
           DMA0CFGH                000000D5 
    -------------------------------------------------------------------------
SFR_AN
  Relative segment, address: DATA 000000D6 - 000000D6 (0x1 bytes), align: 0
  Segment part 23. ROOT       Intra module refs:   HalFlashWrite
                                                   execCBW (usb_firmware_library_config)
                                                   fillPgBuf (usb_firmware_library_config)
                                                   rxOutEP (usb_firmware_library_config)
           ENTRY                   ADDRESS         REF BY
           =====                   =======         ======
           DMAARM                  000000D6 
    -------------------------------------------------------------------------
SFR_AN
  Relative segment, address: DATA 000000E8 - 000000E8 (0x1 bytes), align: 0
  Segment part 24. ROOT       Intra module refs:   usb_msd_poll (usb_firmware_library_config)
                                                   usbirqHandler
                                                   usbirqInit
           ENTRY                   ADDRESS         REF BY
           =====                   =======         ======
           _A_IRCON2               000000E8 
           LOCAL                   ADDRESS         
           =====                   =======         
           IRCON2                  000000E8 
    -------------------------------------------------------------------------
SFR_AN
  Relative segment, address: DATA 000000F3 - 000000F3 (0x1 bytes), align: 0
  Segment part 25. ROOT       Intra module refs:   main
           ENTRY                   ADDRESS         REF BY
           =====                   =======         ======
           P0SEL                   000000F3 
    -------------------------------------------------------------------------
SFR_AN
  Relative segment, address: DATA 000000F7 - 000000F7 (0x1 bytes), align: 0
  Segment part 26. ROOT       Intra module refs:   gpioInit
           ENTRY                   ADDRESS         REF BY
           =====                   =======         ======
           P2INP                   000000F7 
    -------------------------------------------------------------------------
SFR_AN
  Relative segment, address: DATA 000000FD - 000000FD (0x1 bytes), align: 0
  Segment part 27. ROOT       Intra module refs:   main
           ENTRY                   ADDRESS         REF BY
           =====                   =======         ======
           P0DIR                   000000FD 
    -------------------------------------------------------------------------
<BANKED_CODE,XDATA_ROM_C_FLASH> 1 (was BANKED_CODE)
  Relative segment, address: CODE 0003C15C - 0003C1DB (0x80 bytes), align: 0
  Segment part 70.            Intra module refs:   HalFlashRead::?relay
           ENTRY                   ADDRESS         REF BY
           =====                   =======         ======
           HalFlashRead            0003C15C 
               XSTACK = 0000003D ( 0000000B )
               ISTACK = 00000000 ( 00000001 )
    -------------------------------------------------------------------------
<BANKED_CODE,XDATA_ROM_C_FLASH> 1 (was BANKED_CODE)
  Relative segment, address: CODE 0003C1DC - 0003C23F (0x64 bytes), align: 0
  Segment part 72.            Intra module refs:   HalFlashWrite::?relay
           ENTRY                   ADDRESS         REF BY
           =====                   =======         ======
           HalFlashWrite           0003C1DC 
               XSTACK = 0000003D ( 0000000A )
    -------------------------------------------------------------------------
<XDATA_ROM_C> 1 (was XDATA_ROM_C)
  Relative segment, address: CONST 0000C0AC - 0000C0CB (0x20 bytes), align: 0
  Segment part 38.            Intra module refs:   ublInit
           LOCAL                   ADDRESS         
           =====                   =======         
           unlockedSecKey          0000C0AC 
    -------------------------------------------------------------------------
<XDATA_ROM_C> 1 (was XDATA_ROM_C)
  Relative segment, address: CONST 0000C0FC - 0000C10B (0x10 bytes), align: 0
  Segment part 39.            Intra module refs:   aesLoadKey
           LOCAL                   ADDRESS         
           =====                   =======         
           aesKey                  0000C0FC 
    -------------------------------------------------------------------------
XDATA_Z
  Relative segment, address: XDATA 00000300 - 00000300 (0x1 bytes), align: 0
  Segment part 40.            Intra module refs:   ublAesAuth
                                                   ublExec
           LOCAL                   ADDRESS         
           =====                   =======         
           have_data               00000300 
    -------------------------------------------------------------------------
<XDATA_ROM_C> 1 (was XDATA_ROM_C)
  Relative segment, address: CONST 0000C159 - 0000C159 (0x1 bytes), align: 0
  Segment part 41.
           ENTRY                   ADDRESS         REF BY
           =====                   =======         ======
           UBL_RC_IMG_PG_BEG       0000C159        Segment part 88 (usb_firmware_library_config)
                                                   fakeOpExec (usb_firmware_library_config)
                                                   sbcCmdReadWrite10 (usb_firmware_library_config)
                                                   usb_msd_init (usb_firmware_library_config)
    -------------------------------------------------------------------------
<XDATA_ROM_C> 1 (was XDATA_ROM_C)
  Relative segment, address: CONST 0000C158 - 0000C158 (0x1 bytes), align: 0
  Segment part 42.
           ENTRY                   ADDRESS         REF BY
           =====                   =======         ======
           UBL_RC_IMG_PG_END       0000C158        Segment part 88 (usb_firmware_library_config)
    -------------------------------------------------------------------------
<XDATA_N> 1 (was XDATA_N)
  Relative segment, address: XDATA 00000BA0 - 0000139F (0x800 bytes), align: 0
  Segment part 43.            Intra module refs:   ?Subroutine20
                                                   ublAesAuth
           ENTRY                   ADDRESS         REF BY
           =====                   =======         ======
           pgBuf                   00000BA0        Segment part 104 (usb_firmware_library_config)
                                                   Segment part 67 (usb_firmware_library_config)
                                                   fakeOpPrep (usb_firmware_library_config)
                                                   fakePgBuf (usb_firmware_library_config)
                                                   fillPgBuf (usb_firmware_library_config)
                                                   initDMA (usb_firmware_library_config)
                                                   rxOutEP (usb_firmware_library_config)
    -------------------------------------------------------------------------
<XDATA_N> 1 (was XDATA_N)
  Relative segment, address: XDATA 000014A0 - 00001503 (0x64 bytes), align: 0
  Segment part 44.            Intra module refs:   ?Subroutine11
                                                   __low_level_init
                                                   gpioInit
                                                   ublAesAuth
                                                   ublCfg
                                                   ublExec
                                                   ublInit
                                                   ublMassErase
           ENTRY                   ADDRESS         REF BY
           =====                   =======         ======
           ublMD                   000014A0        fakeOpExec (usb_firmware_library_config)
                                                   fillPgBuf (usb_firmware_library_config)
                                                   rxOutEP (usb_firmware_library_config)
    -------------------------------------------------------------------------
<XDATA_N> 1 (was XDATA_N)
  Relative segment, address: XDATA 00001598 - 00001599 (0x2 bytes), align: 0
  Segment part 45.            Intra module refs:   ?Subroutine15
                                                   gpioInit
           LOCAL                   ADDRESS         
           =====                   =======         
           pForcePort              00001598 
    -------------------------------------------------------------------------
<XDATA_N> 1 (was XDATA_N)
  Relative segment, address: XDATA 0000159E - 0000159E (0x1 bytes), align: 0
  Segment part 46.            Intra module refs:   gpioInit
                                                   ublExec
           LOCAL                   ADDRESS         
           =====                   =======         
           forcePin                0000159E 
    -------------------------------------------------------------------------
<XDATA_N> 1 (was XDATA_N)
  Relative segment, address: XDATA 00001590 - 00001593 (0x4 bytes), align: 0
  Segment part 47.            Intra module refs:   ublExec
                                                   ublInit
           LOCAL                   ADDRESS         
           =====                   =======         
           stStart                 00001590 
    -------------------------------------------------------------------------
<XDATA_N> 1 (was XDATA_N)
  Relative segment, address: XDATA 0000158C - 0000158F (0x4 bytes), align: 0
  Segment part 48.            Intra module refs:   ublExec
                                                   ublInit
           LOCAL                   ADDRESS         
           =====                   =======         
           stDelay                 0000158C 
    -------------------------------------------------------------------------
<BANKED_CODE,XDATA_ROM_C_FLASH> 1 (was BANKED_CODE)
  Relative segment, address: CODE 0003C240 - 0003C42B (0x1ec bytes), align: 0
  Segment part 76.            Intra module refs:   ublAesAuth::?relay
           ENTRY                   ADDRESS         REF BY
           =====                   =======         ======
           ublAesAuth              0003C240 
               calls direct
               XSTACK = 00000034 ( 0000003D )
               ISTACK = 00000000 ( 00000001 )
    -------------------------------------------------------------------------
<BANKED_CODE,XDATA_ROM_C_FLASH> 1 (was BANKED_CODE)
  Relative segment, address: CODE 0003C42C - 0003C431 (0x6 bytes), align: 0
  Segment part 78.            Intra module refs:   ublAesAuth
                                                   ublCfg
           LOCAL                   ADDRESS         
           =====                   =======         
           ?Subroutine5            0003C42C 
    -------------------------------------------------------------------------
<BANKED_CODE,XDATA_ROM_C_FLASH> 1 (was BANKED_CODE)
  Relative segment, address: CODE 0003C432 - 0003C43E (0xd bytes), align: 0
  Segment part 79.            Intra module refs:   ublAesAuth
           LOCAL                   ADDRESS         
           =====                   =======         
           ?Subroutine20           0003C432 
    -------------------------------------------------------------------------
<BANKED_CODE,XDATA_ROM_C_FLASH> 1 (was BANKED_CODE)
  Relative segment, address: CODE 0003C43F - 0003C54A (0x10c bytes), align: 0
  Segment part 80.            Intra module refs:   ublAesCrypt::?relay
           ENTRY                   ADDRESS         REF BY
           =====                   =======         ======
           ublAesCrypt             0003C43F 
               calls direct
               XSTACK = 00000000 ( 0000002F )
               ISTACK = 00000000 ( 00000001 )
    -------------------------------------------------------------------------
<BANKED_CODE,XDATA_ROM_C_FLASH> 1 (was BANKED_CODE)
  Relative segment, address: CODE 0003C54B - 0003C54D (0x3 bytes), align: 0
  Segment part 82.            Intra module refs:   aesInitSig
                                                   ublAesCrypt
           LOCAL                   ADDRESS         
           =====                   =======         
           ?Subroutine27           0003C54B 
    -------------------------------------------------------------------------
<BANKED_CODE,XDATA_ROM_C_FLASH> 1 (was BANKED_CODE)
  Relative segment, address: CODE 0003C54E - 0003C554 (0x7 bytes), align: 0
  Segment part 83.            Intra module refs:   ?Subroutine20
                                                   ?Subroutine27
    -------------------------------------------------------------------------
<BANKED_CODE,XDATA_ROM_C_FLASH> 1 (was BANKED_CODE)
  Relative segment, address: CODE 0003C555 - 0003C609 (0xb5 bytes), align: 0
  Segment part 84.            Intra module refs:   ublCfg::?relay
           ENTRY                   ADDRESS         REF BY
           =====                   =======         ======
           ublCfg                  0003C555 
               calls direct
               XSTACK = 00000000 ( 00000010 )
    -------------------------------------------------------------------------
XDATA_I
  Relative segment, address: XDATA 0000032A - 0000032B (0x2 bytes), align: 0
  Segment part 49.            Intra module refs:   ublExec
           LOCAL                   ADDRESS         
           =====                   =======         
           ublExec::i              0000032A 
    -------------------------------------------------------------------------
<XDATA_N> 1 (was XDATA_N)
  Relative segment, address: XDATA 00001584 - 0000158B (0x8 bytes), align: 0
  Segment part 51.            Intra module refs:   HalFlashWrite
                                                   main
           ENTRY                   ADDRESS         REF BY
           =====                   =======         ======
           dmaCh0                  00001584 
    -------------------------------------------------------------------------
<BANKED_CODE,BANK_RELAYS..> 1 (was NEAR_CODE)
  Relative segment, address: CODE 00000104 - 00000184 (0x81 bytes), align: 0
  Segment part 188. ROOT 
           ENTRY                   ADDRESS         REF BY
           =====                   =======         ======
           __low_level_init        00000104        __low_level_init_call (?cmain)
               calls direct
               XSTACK = 00000000 ( 0000000B )
    -------------------------------------------------------------------------
XDATA_Z
  Relative segment, address: XDATA 00000301 - 00000302 (0x2 bytes), align: 0
  Segment part 52.            Intra module refs:   ?Subroutine12
                                                   ?Subroutine8
                                                   usbdpFindNext
           LOCAL                   ADDRESS         
           =====                   =======         
           usbdpData               00000301 
    -------------------------------------------------------------------------
<XDATA_ROM_C> 1 (was XDATA_ROM_C)
  Relative segment, address: CONST 0000C144 - 0000C147 (0x4 bytes), align: 0
  Segment part 53.            Intra module refs:   usbdpGetStringDesc
           LOCAL                   ADDRESS         
           =====                   =======         
           languageId              0000C144 
    -------------------------------------------------------------------------
<XDATA_ROM_C> 1 (was XDATA_ROM_C)
  Relative segment, address: CONST 0000C048 - 0000C06B (0x24 bytes), align: 0
  Segment part 54.            Intra module refs:   usbdpGetStringDesc
           LOCAL                   ADDRESS         
           =====                   =======         
           manufacturer            0000C048 
    -------------------------------------------------------------------------
<XDATA_ROM_C> 1 (was XDATA_ROM_C)
  Relative segment, address: CONST 0000C000 - 0000C023 (0x24 bytes), align: 0
  Segment part 55.            Intra module refs:   usbdpGetStringDesc
           LOCAL                   ADDRESS         
           =====                   =======         
           product                 0000C000 
    -------------------------------------------------------------------------
XDATA_I
  Relative segment, address: XDATA 0000032C - 00000355 (0x2a bytes), align: 0
  Segment part 56.            Intra module refs:   usbdpGetStringDesc
           LOCAL                   ADDRESS         
           =====                   =======         
           serialNumber            0000032C 
    -------------------------------------------------------------------------
<XDATA_ROM_C> 1 (was XDATA_ROM_C)
  Relative segment, address: CONST 0000C0DC - 0000C0EB (0x10 bytes), align: 0
  Segment part 58.            Intra module refs:   ?Subroutine6
           ENTRY                   ADDRESS         REF BY
           =====                   =======         ======
           hexDigit                0000C0DC 
    -------------------------------------------------------------------------
XDATA_Z
  Relative segment, address: XDATA 00000303 - 00000316 (0x14 bytes), align: 0
  Segment part 59.            Intra module refs:   ?Subroutine26
                                                   ChangeFeature
                                                   ConfigureEndpoints
                                                   usbfwInit
                                                   usbfwResetHandler
                                                   usbfwSetAllEpStatus
                                                   usbfwSetupHandler
                                                   usbsrGetConfiguration
                                                   usbsrGetDescriptor
                                                   usbsrGetInterface
                                                   usbsrGetStatus
                                                   usbsrSetAddress
                                                   usbsrSetConfiguration
                                                   usbsrSetInterface
           ENTRY                   ADDRESS         REF BY
           =====                   =======         ======
           usbfwData               00000303        Segment part 134 (usb_firmware_library_config)
                                                   usbcrHookProcessIn (usb_firmware_library_config)
    -------------------------------------------------------------------------
XDATA_Z
  Relative segment, address: XDATA 00000317 - 0000031B (0x5 bytes), align: 0
  Segment part 60.            Intra module refs:   ?Subroutine13
                                                   ?Subroutine17
                                                   ?Subroutine22
                                                   ?Subroutine25
                                                   ?Subroutine9
                                                   usbfwSetupHandler
                                                   usbsrGetConfiguration
                                                   usbsrGetDescriptor
                                                   usbsrGetInterface
                                                   usbsrGetStatus
           ENTRY                   ADDRESS         REF BY
           =====                   =======         ======
           usbSetupData            00000317        usbcrHookProcessIn (usb_firmware_library_config)
    -------------------------------------------------------------------------
XDATA_Z
  Relative segment, address: XDATA 0000031C - 00000323 (0x8 bytes), align: 0
  Segment part 61.            Intra module refs:   ?Subroutine7
                                                   ChangeFeature
                                                   usbfwSetupHandler
                                                   usbsrGetDescriptor
                                                   usbsrGetInterface
                                                   usbsrGetStatus
                                                   usbsrSetAddress
                                                   usbsrSetConfiguration
                                                   usbsrSetInterface
           ENTRY                   ADDRESS         REF BY
           =====                   =======         ======
           usbSetupHeader          0000031C        usbcrHookProcessIn (usb_firmware_library_config)
    -------------------------------------------------------------------------
DATA_Z
  Relative segment, address: DATA 00000016 - 00000017 (0x2 bytes), align: 0
  Segment part 62.            Intra module refs:   usbfwResetHandler
                                                   usbfwSetupHandler
           LOCAL                   ADDRESS         
           =====                   =======         
           ProcessFunc             00000016 
    -------------------------------------------------------------------------
DATA_Z
  Relative segment, address: DATA 00000018 - 0000001C (0x5 bytes), align: 0
  Segment part 63.            Intra module refs:   usbirqHandler
                                                   usbirqInit
           ENTRY                   ADDRESS         REF BY
           =====                   =======         ======
           usbirqData              00000018        usb_msd_poll (usb_firmware_library_config)
    -------------------------------------------------------------------------
<BANKED_CODE,XDATA_ROM_C_FLASH> 1 (was BANKED_CODE)
  Relative segment, address: CODE 0003C60A - 0003C60E (0x5 bytes), align: 0
  Segment part 86.            Intra module refs:   usbirqHandler
                                                   usbirqInit
           LOCAL                   ADDRESS         
           =====                   =======         
           ?Subroutine1            0003C60A 
    -------------------------------------------------------------------------
<BANKED_CODE,XDATA_ROM_C_FLASH> 1 (was BANKED_CODE)
  Relative segment, address: CODE 0003C60F - 0003C613 (0x5 bytes), align: 0
  Segment part 87.            Intra module refs:   ?Subroutine1
                                                   ?Subroutine5
                                                   HalFlashWrite
                                                   gpioInit
                                                   usbdpGetConfigurationDesc
                                                   usbfwInit
    -------------------------------------------------------------------------
<BANKED_CODE,XDATA_ROM_C_FLASH> 1 (was BANKED_CODE)
  Relative segment, address: CODE 0003C614 - 0003C761 (0x14e bytes), align: 0
  Segment part 88.            Intra module refs:   ublExec::?relay
           ENTRY                   ADDRESS         REF BY
           =====                   =======         ======
           ublExec                 0003C614 
               calls direct
               XSTACK = 00000000 ( 00000018 )
               ISTACK = 00000000 ( 00000001 )
    -------------------------------------------------------------------------
<BANKED_CODE,XDATA_ROM_C_FLASH> 1 (was BANKED_CODE)
  Relative segment, address: CODE 0003C762 - 0003C8D6 (0x175 bytes), align: 0
  Segment part 90.            Intra module refs:   ublInit::?relay
           ENTRY                   ADDRESS         REF BY
           =====                   =======         ======
           ublInit                 0003C762 
               calls direct
               XSTACK = 00000000 ( 00000036 )
    -------------------------------------------------------------------------
<BANKED_CODE,XDATA_ROM_C_FLASH> 1 (was BANKED_CODE)
  Relative segment, address: CODE 0003C8D7 - 0003C8E8 (0x12 bytes), align: 0
  Segment part 92.            Intra module refs:   ublCfg
                                                   ublInit
           LOCAL                   ADDRESS         
           =====                   =======         
           ?Subroutine14           0003C8D7 
    -------------------------------------------------------------------------
<BANKED_CODE,XDATA_ROM_C_FLASH> 1 (was BANKED_CODE)
  Relative segment, address: CODE 0003C8E9 - 0003C8F2 (0xa bytes), align: 0
  Segment part 93.            Intra module refs:   ublExec
                                                   ublInit
           LOCAL                   ADDRESS         
           =====                   =======         
           ?Subroutine11           0003C8E9 
    -------------------------------------------------------------------------
<BANKED_CODE,XDATA_ROM_C_FLASH> 1 (was BANKED_CODE)
  Relative segment, address: CODE 0003C8F3 - 0003C8FF (0xd bytes), align: 0
  Segment part 94.            Intra module refs:   ublJump::?relay
           ENTRY                   ADDRESS         REF BY
           =====                   =======         ======
           ublJump                 0003C8F3 
               XSTACK = 00000034 ( 00000000 )
    -------------------------------------------------------------------------
<BANKED_CODE,XDATA_ROM_C_FLASH> 1 (was BANKED_CODE)
  Relative segment, address: CODE 0003C900 - 0003C94C (0x4d bytes), align: 0
  Segment part 96.            Intra module refs:   ublMassErase::?relay
           ENTRY                   ADDRESS         REF BY
           =====                   =======         ======
           ublMassErase            0003C900 
               XSTACK = 0000000E ( 00000000 )
               ISTACK = 00000000 ( 00000003 )
    -------------------------------------------------------------------------
<BANKED_CODE,XDATA_ROM_C_FLASH> 1 (was BANKED_CODE)
  Relative segment, address: CODE 0003C94D - 0003C96C (0x20 bytes), align: 0
  Segment part 98.            Intra module refs:   aesLoadKey::?relay
           LOCAL                   ADDRESS         
           =====                   =======         
           aesLoadKey              0003C94D 
               XSTACK = 00000034 ( 00000000 )
               ISTACK = 00000000 ( 00000002 )
    -------------------------------------------------------------------------
<BANKED_CODE,XDATA_ROM_C_FLASH> 1 (was BANKED_CODE)
  Relative segment, address: CODE 0003C96D - 0003CA2B (0xbf bytes), align: 0
  Segment part 100.           Intra module refs:   aesInitSig::?relay
           LOCAL                   ADDRESS         
           =====                   =======         
           aesInitSig              0003C96D 
               calls direct
               XSTACK = 0000003B ( 00000032 )
    -------------------------------------------------------------------------
<BANKED_CODE,XDATA_ROM_C_FLASH> 1 (was BANKED_CODE)
  Relative segment, address: CODE 0003CA2C - 0003CB1F (0xf4 bytes), align: 0
  Segment part 102.           Intra module refs:   gpioInit::?relay
           LOCAL                   ADDRESS         
           =====                   =======         
           gpioInit                0003CA2C 
               XSTACK = 00000034 ( 0000000A )
               ISTACK = 00000000 ( 00000001 )
    -------------------------------------------------------------------------
<BANKED_CODE,XDATA_ROM_C_FLASH> 1 (was BANKED_CODE)
  Relative segment, address: CODE 0003CB20 - 0003CB27 (0x8 bytes), align: 0
  Segment part 104.           Intra module refs:   gpioInit
                                                   ublExec
           LOCAL                   ADDRESS         
           =====                   =======         
           ?Subroutine15           0003CB20 
    -------------------------------------------------------------------------
<BANKED_CODE,XDATA_ROM_C_FLASH> 1 (was BANKED_CODE)
  Relative segment, address: CODE 0003CB28 - 0003CB4D (0x26 bytes), align: 0
  Segment part 105.
           ENTRY                   ADDRESS         REF BY
           =====                   =======         ======
           main                    0003CB28        ?call_main (?cmain)
               calls direct
    -------------------------------------------------------------------------
<BANKED_CODE,XDATA_ROM_C_FLASH> 1 (was BANKED_CODE)
  Relative segment, address: CODE 0003CB4E - 0003CB94 (0x47 bytes), align: 0
  Segment part 109.           Intra module refs:   usbdpFindNext::?relay
           ENTRY                   ADDRESS         REF BY
           =====                   =======         ======
           usbdpFindNext           0003CB4E 
               XSTACK = 00000013 ( 00000000 )
               ISTACK = 00000000 ( 00000002 )
    -------------------------------------------------------------------------
<BANKED_CODE,XDATA_ROM_C_FLASH> 1 (was BANKED_CODE)
  Relative segment, address: CODE 0003CB95 - 0003CB97 (0x3 bytes), align: 0
  Segment part 111.           Intra module refs:   usbfwSetupHandler
                                                   usbsrGetDescriptor
           LOCAL                   ADDRESS         
           =====                   =======         
           ?Subroutine13           0003CB95 
    -------------------------------------------------------------------------
<BANKED_CODE,XDATA_ROM_C_FLASH> 1 (was BANKED_CODE)
  Relative segment, address: CODE 0003CB98 - 0003CB9B (0x4 bytes), align: 0
  Segment part 112.           Intra module refs:   ?Subroutine13
                                                   ublAesAuth
                                                   usbdpFindNext
    -------------------------------------------------------------------------
<BANKED_CODE,XDATA_ROM_C_FLASH> 1 (was BANKED_CODE)
  Relative segment, address: CODE 0003CB9C - 0003CBA1 (0x6 bytes), align: 0
  Segment part 113.           Intra module refs:   ?Subroutine10
                                                   ?Subroutine11
                                                   ?Subroutine12
                                                   Segment part 112
                                                   Segment part 177
           LOCAL                   ADDRESS         
           =====                   =======         
           ?Subroutine23           0003CB9C 
    -------------------------------------------------------------------------
<BANKED_CODE,XDATA_ROM_C_FLASH> 1 (was BANKED_CODE)
  Relative segment, address: CODE 0003CBA2 - 0003CBBE (0x1d bytes), align: 0
  Segment part 114.           Intra module refs:   usbdpFindNext
           LOCAL                   ADDRESS         
           =====                   =======         
           ?Subroutine8            0003CBA2 
    -------------------------------------------------------------------------
<BANKED_CODE,XDATA_ROM_C_FLASH> 1 (was BANKED_CODE)
  Relative segment, address: CODE 0003CBBF - 0003CBC7 (0x9 bytes), align: 0
  Segment part 115.           Intra module refs:   ?Subroutine15
                                                   ?Subroutine8
           LOCAL                   ADDRESS         
           =====                   =======         
           ?Subroutine24           0003CBBF 
    -------------------------------------------------------------------------
<BANKED_CODE,XDATA_ROM_C_FLASH> 1 (was BANKED_CODE)
  Relative segment, address: CODE 0003CBC8 - 0003CBD7 (0x10 bytes), align: 0
  Segment part 116.           Intra module refs:   usbdpGetDeviceDesc::?relay
           ENTRY                   ADDRESS         REF BY
           =====                   =======         ======
           usbdpGetDeviceDesc      0003CBC8 
               calls direct
               XSTACK = 0000000F ( 00000000 )
               ISTACK = 00000000 ( 00000002 )
    -------------------------------------------------------------------------
<BANKED_CODE,XDATA_ROM_C_FLASH> 1 (was BANKED_CODE)
  Relative segment, address: CODE 0003CBD8 - 0003CBDE (0x7 bytes), align: 0
  Segment part 118.           Intra module refs:   ublMassErase
           LOCAL                   ADDRESS         
           =====                   =======         
           ?Subroutine2            0003CBD8 
    -------------------------------------------------------------------------
<BANKED_CODE,XDATA_ROM_C_FLASH> 1 (was BANKED_CODE)
  Relative segment, address: CODE 0003CBDF - 0003CBDF (0x1 bytes), align: 0
  Segment part 119.           Intra module refs:   ?Subroutine2
                                                   usbsrGetConfiguration
    -------------------------------------------------------------------------
<BANKED_CODE,XDATA_ROM_C_FLASH> 1 (was BANKED_CODE)
  Relative segment, address: CODE 0003CBE0 - 0003CBE6 (0x7 bytes), align: 0
  Segment part 120.           Intra module refs:   Segment part 119
                                                   aesLoadKey
                                                   usbdpFindNext
                                                   usbdpGetDeviceDesc
                                                   usbfwResetHandler
                                                   usbfwSetAllEpStatus
                                                   usbsrClearFeature
                                                   usbsrGetStatus
                                                   usbsrSetAddress
                                                   usbsrSetFeature
    -------------------------------------------------------------------------
<BANKED_CODE,XDATA_ROM_C_FLASH> 1 (was BANKED_CODE)
  Relative segment, address: CODE 0003CBE7 - 0003CC1C (0x36 bytes), align: 0
  Segment part 121.           Intra module refs:   usbdpGetConfigurationDesc::?relay
           ENTRY                   ADDRESS         REF BY
           =====                   =======         ======
           usbdpGetConfigurationDesc
                                   0003CBE7 
               calls direct
               XSTACK = 0000000F ( 0000000A )
    -------------------------------------------------------------------------
<BANKED_CODE,XDATA_ROM_C_FLASH> 1 (was BANKED_CODE)
  Relative segment, address: CODE 0003CC1D - 0003CC2B (0xf bytes), align: 0
  Segment part 123.           Intra module refs:   usbdpGetConfigurationDesc
                                                   usbdpGetDeviceDesc
           LOCAL                   ADDRESS         
           =====                   =======         
           ?Subroutine12           0003CC1D 
    -------------------------------------------------------------------------
<BANKED_CODE,XDATA_ROM_C_FLASH> 1 (was BANKED_CODE)
  Relative segment, address: CODE 0003CC2C - 0003CC5E (0x33 bytes), align: 0
  Segment part 124.           Intra module refs:   usbdpGetInterfaceDesc::?relay
           ENTRY                   ADDRESS         REF BY
           =====                   =======         ======
           usbdpGetInterfaceDesc   0003CC2C 
               calls direct
               XSTACK = 0000000C ( 0000000C )
    -------------------------------------------------------------------------
<BANKED_CODE,XDATA_ROM_C_FLASH> 1 (was BANKED_CODE)
  Relative segment, address: CODE 0003CC5F - 0003CC61 (0x3 bytes), align: 0
  Segment part 126.           Intra module refs:   aesInitSig
                                                   ublAesCrypt
           LOCAL                   ADDRESS         
           =====                   =======         
           ?Subroutine3            0003CC5F 
    -------------------------------------------------------------------------
<BANKED_CODE,XDATA_ROM_C_FLASH> 1 (was BANKED_CODE)
  Relative segment, address: CODE 0003CC62 - 0003CC66 (0x5 bytes), align: 0
  Segment part 127.           Intra module refs:   ?Subroutine3
                                                   usbdpGetInterfaceDesc
                                                   usbsrSetConfiguration
                                                   usbsrSetInterface
    -------------------------------------------------------------------------
<BANKED_CODE,XDATA_ROM_C_FLASH> 1 (was BANKED_CODE)
  Relative segment, address: CODE 0003CC67 - 0003CCFB (0x95 bytes), align: 0
  Segment part 128.           Intra module refs:   usbdpGetStringDesc::?relay
           ENTRY                   ADDRESS         REF BY
           =====                   =======         ======
           usbdpGetStringDesc      0003CC67 
               XSTACK = 0000000F ( 00000011 )
               ISTACK = 00000000 ( 00000001 )
    -------------------------------------------------------------------------
<BANKED_CODE,XDATA_ROM_C_FLASH> 1 (was BANKED_CODE)
  Relative segment, address: CODE 0003CCFC - 0003CD06 (0xb bytes), align: 0
  Segment part 130.           Intra module refs:   ublAesAuth
                                                   usbdpGetStringDesc
           LOCAL                   ADDRESS         
           =====                   =======         
           ?Subroutine21           0003CCFC 
    -------------------------------------------------------------------------
<BANKED_CODE,XDATA_ROM_C_FLASH> 1 (was BANKED_CODE)
  Relative segment, address: CODE 0003CD07 - 0003CD15 (0xf bytes), align: 0
  Segment part 131.           Intra module refs:   usbdpGetStringDesc
           LOCAL                   ADDRESS         
           =====                   =======         
           ?Subroutine6            0003CD07 
    -------------------------------------------------------------------------
<BANKED_CODE,XDATA_ROM_C_FLASH> 1 (was BANKED_CODE)
  Relative segment, address: CODE 0003CD16 - 0003CD4E (0x39 bytes), align: 0
  Segment part 132.           Intra module refs:   usbfwInit::?relay
           ENTRY                   ADDRESS         REF BY
           =====                   =======         ======
           usbfwInit               0003CD16 
               calls direct
               XSTACK = 00000000 ( 0000000A )
    -------------------------------------------------------------------------
<BANKED_CODE,XDATA_ROM_C_FLASH> 1 (was BANKED_CODE)
  Relative segment, address: CODE 0003CD4F - 0003CD6D (0x1f bytes), align: 0
  Segment part 134.           Intra module refs:   usbfwResetHandler::?relay
           ENTRY                   ADDRESS         REF BY
           =====                   =======         ======
           usbfwResetHandler       0003CD4F 
               calls direct
               ISTACK = 00000000 ( 00000002 )
    -------------------------------------------------------------------------
<BANKED_CODE,XDATA_ROM_C_FLASH> 1 (was BANKED_CODE)
  Relative segment, address: CODE 0003CD6E - 0003CF76 (0x209 bytes), align: 0
  Segment part 136.           Intra module refs:   usbfwSetupHandler::?relay
           ENTRY                   ADDRESS         REF BY
           =====                   =======         ======
           usbfwSetupHandler       0003CD6E 
               calls direct
               XSTACK = 00000000 ( 0000000E )
    -------------------------------------------------------------------------
<BANKED_CODE,XDATA_ROM_C_FLASH> 1 (was BANKED_CODE)
  Relative segment, address: CODE 0003CF77 - 0003CF77 (0x1 bytes), align: 0
  Segment part 138.           Intra module refs:   usbfwSetupHandler
                                                   usbsrGetInterface
           LOCAL                   ADDRESS         
           =====                   =======         
           ?Subroutine0            0003CF77 
    -------------------------------------------------------------------------
<BANKED_CODE,XDATA_ROM_C_FLASH> 1 (was BANKED_CODE)
  Relative segment, address: CODE 0003CF78 - 0003CF7C (0x5 bytes), align: 0
  Segment part 139.           Intra module refs:   ?Subroutine0
                                                   HalFlashRead
    -------------------------------------------------------------------------
<BANKED_CODE,XDATA_ROM_C_FLASH> 1 (was BANKED_CODE)
  Relative segment, address: CODE 0003CF7D - 0003CF8C (0x10 bytes), align: 0
  Segment part 140.           Intra module refs:   usbfwSetupHandler
           LOCAL                   ADDRESS         
           =====                   =======         
           ?Subroutine22           0003CF7D 
    -------------------------------------------------------------------------
<BANKED_CODE,XDATA_ROM_C_FLASH> 1 (was BANKED_CODE)
  Relative segment, address: CODE 0003CF8D - 0003CF96 (0xa bytes), align: 0
  Segment part 141.           Intra module refs:   usbfwSetupHandler
           LOCAL                   ADDRESS         
           =====                   =======         
           ?Subroutine16           0003CF8D 
    -------------------------------------------------------------------------
<BANKED_CODE,XDATA_ROM_C_FLASH> 1 (was BANKED_CODE)
  Relative segment, address: CODE 0003CF97 - 0003CFB0 (0x1a bytes), align: 0
  Segment part 142.           Intra module refs:   usbfwSetAllEpStatus::?relay
           ENTRY                   ADDRESS         REF BY
           =====                   =======         ======
           usbfwSetAllEpStatus     0003CF97 
               XSTACK = 0000000C ( 00000000 )
               ISTACK = 00000000 ( 00000002 )
    -------------------------------------------------------------------------
<BANKED_CODE,XDATA_ROM_C_FLASH> 1 (was BANKED_CODE)
  Relative segment, address: CODE 0003CFB1 - 0003CFD9 (0x29 bytes), align: 0
  Segment part 144.           Intra module refs:   usbfwReadFifo::?relay
           ENTRY                   ADDRESS         REF BY
           =====                   =======         ======
           usbfwReadFifo           0003CFB1 
               XSTACK = 0000000E ( 00000009 )
               ISTACK = 00000000 ( 00000001 )
    -------------------------------------------------------------------------
<BANKED_CODE,XDATA_ROM_C_FLASH> 1 (was BANKED_CODE)
  Relative segment, address: CODE 0003CFDA - 0003CFDC (0x3 bytes), align: 0
  Segment part 146.           Intra module refs:   usbfwSetupHandler
           LOCAL                   ADDRESS         
           =====                   =======         
           ?Subroutine9            0003CFDA 
    -------------------------------------------------------------------------
<BANKED_CODE,XDATA_ROM_C_FLASH> 1 (was BANKED_CODE)
  Relative segment, address: CODE 0003CFDD - 0003CFDF (0x3 bytes), align: 0
  Segment part 147.           Intra module refs:   ?Subroutine9
                                                   usbfwReadFifo
                                                   usbfwWriteFifo
    -------------------------------------------------------------------------
<BANKED_CODE,XDATA_ROM_C_FLASH> 1 (was BANKED_CODE)
  Relative segment, address: CODE 0003CFE0 - 0003CFE5 (0x6 bytes), align: 0
  Segment part 148.           Intra module refs:   HalFlashRead
                                                   Segment part 147
                                                   usbdpFindNext
                                                   usbsrGetDescriptor
    -------------------------------------------------------------------------
<BANKED_CODE,XDATA_ROM_C_FLASH> 1 (was BANKED_CODE)
  Relative segment, address: CODE 0003CFE6 - 0003D00C (0x27 bytes), align: 0
  Segment part 149.           Intra module refs:   usbfwWriteFifo::?relay
           ENTRY                   ADDRESS         REF BY
           =====                   =======         ======
           usbfwWriteFifo          0003CFE6 
               XSTACK = 0000000E ( 00000009 )
               ISTACK = 00000000 ( 00000001 )
    -------------------------------------------------------------------------
<BANKED_CODE,XDATA_ROM_C_FLASH> 1 (was BANKED_CODE)
  Relative segment, address: CODE 0003D00D - 0003D011 (0x5 bytes), align: 0
  Segment part 151.           Intra module refs:   ChangeFeature
                                                   usbdpGetStringDesc
                                                   usbfwReadFifo
                                                   usbfwWriteFifo
           LOCAL                   ADDRESS         
           =====                   =======         
           ?Subroutine4            0003D00D 
    -------------------------------------------------------------------------
<BANKED_CODE,XDATA_ROM_C_FLASH> 1 (was BANKED_CODE)
  Relative segment, address: CODE 0003D012 - 0003D04F (0x3e bytes), align: 0
  Segment part 152.           Intra module refs:   usbirqInit::?relay
           ENTRY                   ADDRESS         REF BY
           =====                   =======         ======
           usbirqInit              0003D012 
               XSTACK = 00000000 ( 0000000A )
    -------------------------------------------------------------------------
<BANKED_CODE,XDATA_ROM_C_FLASH> 1 (was BANKED_CODE)
  Relative segment, address: CODE 0003D050 - 0003D0EF (0xa0 bytes), align: 0
  Segment part 154.           Intra module refs:   usbirqHandler::?relay
           ENTRY                   ADDRESS         REF BY
           =====                   =======         ======
           usbirqHandler           0003D050 
               calls direct
               XSTACK = 00000000 ( 0000000A )
    -------------------------------------------------------------------------
<BANKED_CODE,XDATA_ROM_C_FLASH> 1 (was BANKED_CODE)
  Relative segment, address: CODE 0003D0F0 - 0003D1C8 (0xd9 bytes), align: 0
  Segment part 156.           Intra module refs:   usbsrGetStatus::?relay
           ENTRY                   ADDRESS         REF BY
           =====                   =======         ======
           usbsrGetStatus          0003D0F0 
               XSTACK = 0000000B ( 00000000 )
               ISTACK = 00000000 ( 00000002 )
    -------------------------------------------------------------------------
XDATA_Z
  Relative segment, address: XDATA 00000324 - 00000325 (0x2 bytes), align: 0
  Segment part 64.            Intra module refs:   usbsrGetStatus
           LOCAL                   ADDRESS         
           =====                   =======         
           usbsrGetStatus::status
                                   00000324 
    -------------------------------------------------------------------------
<BANKED_CODE,XDATA_ROM_C_FLASH> 1 (was BANKED_CODE)
  Relative segment, address: CODE 0003D1C9 - 0003D2B5 (0xed bytes), align: 0
  Segment part 158.           Intra module refs:   ChangeFeature::?relay
           LOCAL                   ADDRESS         
           =====                   =======         
           ChangeFeature           0003D1C9 
               calls direct
               XSTACK = 00000000 ( 00000009 )
               ISTACK = 00000000 ( 00000001 )
    -------------------------------------------------------------------------
<BANKED_CODE,XDATA_ROM_C_FLASH> 1 (was BANKED_CODE)
  Relative segment, address: CODE 0003D2B6 - 0003D2C7 (0x12 bytes), align: 0
  Segment part 160.           Intra module refs:   usbsrClearFeature::?relay
           ENTRY                   ADDRESS         REF BY
           =====                   =======         ======
           usbsrClearFeature       0003D2B6 
               calls direct
               XSTACK = 0000000B ( 00000000 )
               ISTACK = 00000000 ( 00000002 )
    -------------------------------------------------------------------------
<BANKED_CODE,XDATA_ROM_C_FLASH> 1 (was BANKED_CODE)
  Relative segment, address: CODE 0003D2C8 - 0003D2D9 (0x12 bytes), align: 0
  Segment part 162.           Intra module refs:   usbsrSetFeature::?relay
           ENTRY                   ADDRESS         REF BY
           =====                   =======         ======
           usbsrSetFeature         0003D2C8 
               calls direct
               XSTACK = 0000000B ( 00000000 )
               ISTACK = 00000000 ( 00000002 )
    -------------------------------------------------------------------------
<BANKED_CODE,XDATA_ROM_C_FLASH> 1 (was BANKED_CODE)
  Relative segment, address: CODE 0003D2DA - 0003D31F (0x46 bytes), align: 0
  Segment part 164.           Intra module refs:   usbsrSetAddress::?relay
           ENTRY                   ADDRESS         REF BY
           =====                   =======         ======
           usbsrSetAddress         0003D2DA 
               XSTACK = 0000000B ( 00000000 )
               ISTACK = 00000000 ( 00000002 )
    -------------------------------------------------------------------------
<BANKED_CODE,XDATA_ROM_C_FLASH> 1 (was BANKED_CODE)
  Relative segment, address: CODE 0003D320 - 0003D324 (0x5 bytes), align: 0
  Segment part 166.           Intra module refs:   ConfigureEndpoints
                                                   aesInitSig
                                                   ublInit
                                                   usbsrGetDescriptor
                                                   usbsrSetAddress
           LOCAL                   ADDRESS         
           =====                   =======         
           ?Subroutine10           0003D320 
    -------------------------------------------------------------------------
<BANKED_CODE,XDATA_ROM_C_FLASH> 1 (was BANKED_CODE)
  Relative segment, address: CODE 0003D325 - 0003D496 (0x172 bytes), align: 0
  Segment part 167.           Intra module refs:   usbsrGetDescriptor::?relay
           ENTRY                   ADDRESS         REF BY
           =====                   =======         ======
           usbsrGetDescriptor      0003D325 
               calls direct
               XSTACK = 0000000B ( 0000000F )
               ISTACK = 00000000 ( 00000001 )
    -------------------------------------------------------------------------
<BANKED_CODE,XDATA_ROM_C_FLASH> 1 (was BANKED_CODE)
  Relative segment, address: CODE 0003D497 - 0003D4A5 (0xf bytes), align: 0
  Segment part 169.           Intra module refs:   usbsrGetDescriptor
           LOCAL                   ADDRESS         
           =====                   =======         
           ?Subroutine17           0003D497 
    -------------------------------------------------------------------------
<BANKED_CODE,XDATA_ROM_C_FLASH> 1 (was BANKED_CODE)
  Relative segment, address: CODE 0003D4A6 - 0003D4AF (0xa bytes), align: 0
  Segment part 170.           Intra module refs:   ?Subroutine17
                                                   usbsrGetDescriptor
           LOCAL                   ADDRESS         
           =====                   =======         
           ?Subroutine25           0003D4A6 
    -------------------------------------------------------------------------
<BANKED_CODE,XDATA_ROM_C_FLASH> 1 (was BANKED_CODE)
  Relative segment, address: CODE 0003D4B0 - 0003D603 (0x154 bytes), align: 0
  Segment part 171.           Intra module refs:   ConfigureEndpoints::?relay
           LOCAL                   ADDRESS         
           =====                   =======         
           ConfigureEndpoints      0003D4B0 
               calls direct
               XSTACK = 0000000C ( 00000013 )
    -------------------------------------------------------------------------
<BANKED_CODE,XDATA_ROM_C_FLASH> 1 (was BANKED_CODE)
  Relative segment, address: CODE 0003D604 - 0003D60F (0xc bytes), align: 0
  Segment part 173.           Intra module refs:   ConfigureEndpoints
           LOCAL                   ADDRESS         
           =====                   =======         
           ?Subroutine19           0003D604 
    -------------------------------------------------------------------------
<BANKED_CODE,XDATA_ROM_C_FLASH> 1 (was BANKED_CODE)
  Relative segment, address: CODE 0003D610 - 0003D63E (0x2f bytes), align: 0
  Segment part 174.           Intra module refs:   usbsrGetConfiguration::?relay
           ENTRY                   ADDRESS         REF BY
           =====                   =======         ======
           usbsrGetConfiguration   0003D610 
               XSTACK = 0000000B ( 00000000 )
               ISTACK = 00000000 ( 00000002 )
    -------------------------------------------------------------------------
<BANKED_CODE,XDATA_ROM_C_FLASH> 1 (was BANKED_CODE)
  Relative segment, address: CODE 0003D63F - 0003D641 (0x3 bytes), align: 0
  Segment part 176.           Intra module refs:   usbsrGetConfiguration
                                                   usbsrGetInterface
                                                   usbsrGetStatus
           LOCAL                   ADDRESS         
           =====                   =======         
           ?Subroutine7            0003D63F 
    -------------------------------------------------------------------------
<BANKED_CODE,XDATA_ROM_C_FLASH> 1 (was BANKED_CODE)
  Relative segment, address: CODE 0003D642 - 0003D647 (0x6 bytes), align: 0
  Segment part 177.           Intra module refs:   ?Subroutine7
                                                   ChangeFeature
                                                   ublExec
                                                   ublInit
                                                   usbfwSetupHandler
                                                   usbsrGetConfiguration
                                                   usbsrSetAddress
                                                   usbsrSetConfiguration
                                                   usbsrSetInterface
    -------------------------------------------------------------------------
<BANKED_CODE,XDATA_ROM_C_FLASH> 1 (was BANKED_CODE)
  Relative segment, address: CODE 0003D648 - 0003D6F0 (0xa9 bytes), align: 0
  Segment part 178.           Intra module refs:   usbsrSetConfiguration::?relay
           ENTRY                   ADDRESS         REF BY
           =====                   =======         ======
           usbsrSetConfiguration   0003D648 
               calls direct
               XSTACK = 0000000B ( 0000000C )
    -------------------------------------------------------------------------
<BANKED_CODE,XDATA_ROM_C_FLASH> 1 (was BANKED_CODE)
  Relative segment, address: CODE 0003D6F1 - 0003D73A (0x4a bytes), align: 0
  Segment part 180.           Intra module refs:   usbsrGetInterface::?relay
           ENTRY                   ADDRESS         REF BY
           =====                   =======         ======
           usbsrGetInterface       0003D6F1 
               XSTACK = 0000000B ( 0000000B )
    -------------------------------------------------------------------------
<BANKED_CODE,XDATA_ROM_C_FLASH> 1 (was BANKED_CODE)
  Relative segment, address: CODE 0003D73B - 0003D744 (0xa bytes), align: 0
  Segment part 182.           Intra module refs:   usbsrGetConfiguration
                                                   usbsrGetInterface
           LOCAL                   ADDRESS         
           =====                   =======         
           ?Subroutine18           0003D73B 
    -------------------------------------------------------------------------
<BANKED_CODE,XDATA_ROM_C_FLASH> 1 (was BANKED_CODE)
  Relative segment, address: CODE 0003D745 - 0003D74D (0x9 bytes), align: 0
  Segment part 183.           Intra module refs:   ?Subroutine18
                                                   usbsrGetStatus
           LOCAL                   ADDRESS         
[...]
           =====                   =======         ======
           ?BANKED_ENTER_XDATA     000001F4        ChangeFeature (hal_flash)
                                                   ConfigureEndpoints (hal_flash)
                                                   HalFlashRead (hal_flash)
                                                   HalFlashWrite (hal_flash)
                                                   aesInitSig (hal_flash)
                                                   execCBW (usb_firmware_library_config)
                                                   execCBWCB (usb_firmware_library_config)
                                                   fakeOpExec (usb_firmware_library_config)
                                                   fakeOpPrep (usb_firmware_library_config)
                                                   fakePgBuf (usb_firmware_library_config)
                                                   fillPgBuf (usb_firmware_library_config)
                                                   gpioInit (hal_flash)
                                                   memcmp (?memcmp)
                                                   memcpy (?memcpy)
                                                   pollOutEP (usb_firmware_library_config)
                                                   rxOutEP (usb_firmware_library_config)
                                                   sbcCmdReadWrite10 (usb_firmware_library_config)
                                                   ublAesAuth (hal_flash)
                                                   ublAesCrypt (hal_flash)
                                                   ublCfg (hal_flash)
                                                   ublExec (hal_flash)
                                                   ublInit (hal_flash)
                                                   usb_msd_init (usb_firmware_library_config)
                                                   usb_msd_poll (usb_firmware_library_config)
                                                   usbdpGetConfigurationDesc (hal_flash)
                                                   usbdpGetInterfaceDesc (hal_flash)
                                                   usbdpGetStringDesc (hal_flash)
                                                   usbfwInit (hal_flash)
                                                   usbfwReadFifo (hal_flash)
                                                   usbfwSetupHandler (hal_flash)
                                                   usbfwWriteFifo (hal_flash)
                                                   usbirqHandler (hal_flash)
                                                   usbirqInit (hal_flash)
                                                   usbsrGetDescriptor (hal_flash)
                                                   usbsrGetInterface (hal_flash)
                                                   usbsrSetConfiguration (hal_flash)
                                                   usbsrSetInterface (hal_flash)

    -------------------------------------------------------------------------
  LIBRARY MODULE, NAME : ?FUNC_ENTER_XDATA

  SEGMENTS IN THE MODULE
  ======================
<BANKED_CODE,BANK_RELAYS..> 1 (was RCODE)
  Relative segment, address: CODE 00000260 - 000002C5 (0x66 bytes), align: 0
  Segment part 1.
           ENTRY                   ADDRESS         REF BY
           =====                   =======         ======
           ?FUNC_ENTER_XDATA       00000260        __low_level_init (hal_flash)

    -------------------------------------------------------------------------
  LIBRARY MODULE, NAME : ?BANKED_LEAVE_XDATA

  SEGMENTS IN THE MODULE
  ======================
<BANKED_CODE,BANK_RELAYS..> 1 (was RCODE)
  Relative segment, address: CODE 00000329 - 0000036E (0x46 bytes), align: 0
  Segment part 1.
           ENTRY                   ADDRESS         REF BY
           =====                   =======         ======
           ?BANKED_LEAVE_XDATA     00000329        ?Subroutine4 (hal_flash)
                                                   ConfigureEndpoints (hal_flash)
                                                   Segment part 127 (hal_flash)
                                                   Segment part 139 (hal_flash)
                                                   Segment part 57 (usb_firmware_library_config)
                                                   Segment part 72 (usb_firmware_library_config)
                                                   Segment part 87 (hal_flash)
                                                   memcmp (?memcmp)
                                                   memcpy (?memcpy)
                                                   ublExec (hal_flash)
                                                   ublInit (hal_flash)
                                                   usbsrGetDescriptor (hal_flash)

    -------------------------------------------------------------------------
  LIBRARY MODULE, NAME : ?FUNC_LEAVE_XDATA

  SEGMENTS IN THE MODULE
  ======================
<BANKED_CODE,BANK_RELAYS..> 1 (was RCODE)
  Relative segment, address: CODE 0000036F - 000003AE (0x40 bytes), align: 0
  Segment part 1.
           ENTRY                   ADDRESS         REF BY
           =====                   =======         ======
           ?FUNC_LEAVE_XDATA       0000036F        __low_level_init (hal_flash)

    -------------------------------------------------------------------------
  LIBRARY MODULE, NAME : ?PUSH_XSTACK_I

  SEGMENTS IN THE MODULE
  ======================
<BANKED_CODE,BANK_RELAYS..> 1 (was RCODE)
  Relative segment, address: CODE 000004EC - 000004EF (0x4 bytes), align: 0
  Segment part 1.
           ENTRY                   ADDRESS         REF BY
           =====                   =======         ======
           ?PUSH_XSTACK_I_THREE    000004EC        execCBWCB (usb_firmware_library_config)
                                                   usb_msd_poll (usb_firmware_library_config)
                                                   usbfwSetupHandler (hal_flash)
    -------------------------------------------------------------------------
<BANKED_CODE,BANK_RELAYS..> 1 (was RCODE)
  Relative segment, address: CODE 000004F0 - 000004F3 (0x4 bytes), align: 0
  Segment part 2.
           ENTRY                   ADDRESS         REF BY
           =====                   =======         ======
           ?PUSH_XSTACK_I_TWO      000004F0        __low_level_init (hal_flash)
                                                   aesInitSig (hal_flash)
                                                   execCBW (usb_firmware_library_config)
                                                   fakeOpExec (usb_firmware_library_config)
                                                   fakeOpPrep (usb_firmware_library_config)
                                                   fakePgBuf (usb_firmware_library_config)
                                                   pollOutEP (usb_firmware_library_config)
                                                   rxOutEP (usb_firmware_library_config)
                                                   ublAesAuth (hal_flash)
                                                   ublAesCrypt (hal_flash)
                                                   ublCfg (hal_flash)
                                                   ublInit (hal_flash)
                                                   usb_msd_init (usb_firmware_library_config)
    -------------------------------------------------------------------------
<BANKED_CODE,BANK_RELAYS..> 1 (was RCODE)
  Relative segment, address: CODE 000004F4 - 00000500 (0xd bytes), align: 0
  Segment part 4.             Intra module refs:   ?PUSH_XSTACK_I_THREE
                                                   ?PUSH_XSTACK_I_TWO
           ENTRY                   ADDRESS         REF BY
           =====                   =======         ======
           ?PUSH_XSTACK_I          000004F4 

    -------------------------------------------------------------------------
  LIBRARY MODULE, NAME : ?PUSH_XSTACK8_X

  SEGMENTS IN THE MODULE
  ======================
<BANKED_CODE,BANK_RELAYS..> 1 (was RCODE)
  Relative segment, address: CODE 000003E5 - 000003E8 (0x4 bytes), align: 0
  Segment part 2.
           ENTRY                   ADDRESS         REF BY
           =====                   =======         ======
           ?PUSH_XSTACK8_X_THREE   000003E5        usbfwSetupHandler (hal_flash)
    -------------------------------------------------------------------------
<BANKED_CODE,BANK_RELAYS..> 1 (was RCODE)
  Relative segment, address: CODE 000003E9 - 00000411 (0x29 bytes), align: 0
  Segment part 5.             Intra module refs:   ?PUSH_XSTACK8_X_THREE
           ENTRY                   ADDRESS         REF BY
           =====                   =======         ======
           ?PUSH_XSTACK8_X         000003E9 

    -------------------------------------------------------------------------
  LIBRARY MODULE, NAME : ?memcmp

  SEGMENTS IN THE MODULE
  ======================
<BANKED_CODE,BANK_RELAYS..> 1 (was BANKED_CODE)
  Relative segment, address: CODE 00000753 - 0000079E (0x4c bytes), align: 0
  Segment part 6.             Intra module refs:   memcmp::?relay
           ENTRY                   ADDRESS         REF BY
           =====                   =======         ======
           memcmp                  00000753 
               XSTACK = 00000002 ( 00000009 )
    -------------------------------------------------------------------------
<BANKED_CODE,BANK_RELAYS..> 1 (was BANK_RELAYS)
  Relative segment, address: CODE 00000741 - 00000746 (0x6 bytes), align: 0
  Segment part 7.
           ENTRY                   ADDRESS         REF BY
           =====                   =======         ======
           memcmp::?relay          00000741        Segment part 85 (usb_firmware_library_config)
                                                   ublAesAuth (hal_flash)
                                                   ublAesCrypt (hal_flash)
                                                   ublCfg (hal_flash)
                                                   ublInit (hal_flash)

    -------------------------------------------------------------------------
  LIBRARY MODULE, NAME : ?memcpy

  SEGMENTS IN THE MODULE
  ======================
<BANKED_CODE,BANK_RELAYS..> 1 (was BANKED_CODE)
  Relative segment, address: CODE 0000079F - 000007E4 (0x46 bytes), align: 0
  Segment part 6.             Intra module refs:   memcpy::?relay
           ENTRY                   ADDRESS         REF BY
           =====                   =======         ======
           memcpy                  0000079F 
               XSTACK = 00000002 ( 0000000A )
               ISTACK = 00000000 ( 00000001 )
    -------------------------------------------------------------------------
<BANKED_CODE,BANK_RELAYS..> 1 (was BANK_RELAYS)
  Relative segment, address: CODE 00000747 - 0000074C (0x6 bytes), align: 0
  Segment part 7.
           ENTRY                   ADDRESS         REF BY
           =====                   =======         ======
           memcpy::?relay          00000747        Segment part 79 (usb_firmware_library_config)
                                                   ublAesAuth (hal_flash)
                                                   ublCfg (hal_flash)

    -------------------------------------------------------------------------
  LIBRARY MODULE, NAME : ?memset

  SEGMENTS IN THE MODULE
  ======================
<BANKED_CODE,XDATA_ROM_C_FLASH> 1 (was BANKED_CODE)
  Relative segment, address: CODE 0003E661 - 0003E68C (0x2c bytes), align: 0
  Segment part 6.             Intra module refs:   memset::?relay
           ENTRY                   ADDRESS         REF BY
           =====                   =======         ======
           memset                  0003E661 
               XSTACK = 00000002 ( 00000000 )
               ISTACK = 00000000 ( 00000002 )
    -------------------------------------------------------------------------
<BANKED_CODE,BANK_RELAYS..> 1 (was BANK_RELAYS)
  Relative segment, address: CODE 0000074D - 00000752 (0x6 bytes), align: 0
  Segment part 7.
           ENTRY                   ADDRESS         REF BY
           =====                   =======         ======
           memset::?relay          0000074D        Segment part 93 (usb_firmware_library_config)

    *************************************************************************

  DEFINED ABSOLUTE ENTRIES
  PROGRAM MODULE, NAME : ?FILLER_BYTES

  SEGMENTS IN THE MODULE
  ======================
INTVEC
  Common segment, address: CODE 00000000 - 0000008D (0x8e bytes), align: 0
  Segment part 2.
    -------------------------------------------------------------------------
?FILL2
  Relative segment, address: CODE 0003E68D - 0003E7FF (0x173 bytes), align: 0
  Segment part 1.
    -------------------------------------------------------------------------
?FILL1
  Relative segment, address: CODE 000007E5 - 000007FF (0x1b bytes), align: 0
  Segment part 0.




                ****************************************
                *                                      *
                *            MODULE SUMMARY            *
                *                                      *
                ****************************************

Module                         CODE      DATA      XDATA  IDATA    BIT  CONST
------                         ----      ----      -----  -----    ---  -----
                              (Rel)  (Rel)  (Abs)  (Rel)  (Rel)  (Rel)  (Rel)
?ADD_XSTACK_DISP8                27
?ALLOC_XSTACK8                   22
?BANKED_CODE_SUPPORT             30
?BANKED_ENTER_XDATA             108
?BANKED_LEAVE_XDATA              70
?CALL_IND                         2
?C_GPTR_LOAD                     26
?C_GPTR_STORE                    22
?DEALLOC_XSTACK8                 27
?FILLER_BYTES                   398
  + common                      142
?FUNC_ENTER_XDATA               102
?FUNC_LEAVE_XDATA                64
?L_ADD_X                         19
?L_EQ                            21
?L_MOV_TO_X                      15
?L_MOV_X                         15
?L_SHL                           31
?L_SUB_FROM_X                    20
?MOVE_LONG8_XDATA_IDATA          13
?MOVE_LONG8_XDATA_XDATA          33
?PUSH_XSTACK8_X                  45
?PUSH_XSTACK_I                   21
?S_SHL                           19
?UL_DIV_MOD                     111
?UL_GT_X                         16
?US_SHR                          15
?XLOAD_R2345                     12
?XSTACK_DISP8                    10
?XSTACK_DISP8_RP                 16
?XSTORE_R2345                    12
?cexit                            5
?cmain                           99
?memcmp                          82
?memcpy                          76
?memset                          50
CSTARTUP                         18
  + common                        3
VIRTUAL_REGISTERS                       14                           8
hal_flash                     6 327      7     20  2 249                  202
  + shared                                      7
ubl_ivec
  + common                      142
usb_descriptor                   54
usb_firmware_library_config   4 093             6  2 521                  146
N/A (command line)                       8           768    192
N/A (alignment)
----------                   ------     --     --  -----    ---      -    ---
Total:                       12 146     29     33  5 538    192      8    348
  + common                      142


                ****************************************
                *                                      *
                *      SEGMENTS IN ADDRESS ORDER       *
                *                                      *
                ****************************************


SEGMENT              SPACE    START ADDRESS   END ADDRESS     SIZE  TYPE  ALIGN
=======              =====    =============   ===========     ====  ====  =====
INTVEC               CODE          00000000 - 0000008D          8E   com    1
IDATA_ID             CODE               0000008E                     dse    0
BDATA_ID             CODE               0000008E                     dse    0
PDATA_ID             CODE               0000008E                     dse    0
IXDATA_ID            CODE               0000008E                     dse    0
BIT_ID               CODE               0000008E                     dse    0
DATA_ID              CODE               0000008E                     dse    0
XDATA_ID             CODE          0000008E - 00000103          76   rel    0
<BANKED_CODE,BANK_RELAYS..> 1
                     CODE          00000104 - 000007E4         6E1   rel    0
?FILL1               CODE          000007E5 - 000007FF          1B   rel    0
<BANKED_CODE,XDATA_ROM_C_FLASH> 1
                     CODE          0003C000 - 0003E68C        268D   rel    0
?FILL2               CODE          0003E68D - 0003E7FF         173   rel    0
REGISTERS            DATA          00000000 - 00000007           8   rel    0
VREG                 DATA          00000008 - 00000013           C   rel    0
PSP                  DATA               00000014                     dse    0
XSP                  DATA          00000014 - 00000015           2   rel    0
DATA_I               DATA               00000016                     dse    0
DATA_Z               DATA          00000016 - 0000001C           7   rel    0
BREG                 BIT        00000020.0  -  00000020.7        8   rel    0
SFR_AN               DATA          00000080 - 00000080           1   rel    0
                     DATA          0000008B - 0000008B           1 
                     DATA          00000090 - 00000090           1 
                     DATA          00000095 - 00000097           3 
                     DATA          0000009A - 0000009A           1 
                     DATA          0000009D - 0000009D           1 
                     DATA          000000A8 - 000000A8           1 
                     DATA          000000AC - 000000AC           1 
                     DATA          000000B1 - 000000B4           4 
                     DATA          000000B6 - 000000B6           1 
                     DATA          000000B8 - 000000B8           1 
                     DATA          000000BB - 000000BB           1 
                     DATA          000000C6 - 000000C7           2 
                     DATA          000000C9 - 000000C9           1 
                     DATA          000000D1 - 000000D7           7 
                     DATA          000000E8 - 000000E8           1 
                     DATA          000000F3 - 000000F4           2 
                     DATA          000000F7 - 000000F7           1 
                     DATA          000000FD - 000000FE           2 
XSTACK               XDATA         00000000 - 000002FF         300   rel    0
XDATA_Z              XDATA         00000300 - 00000329          2A   rel    0
XDATA_I              XDATA         0000032A - 0000039F          76   rel    0
<XDATA_N> 1          XDATA         000003A0 - 000015A1        1202   rel    0
<XDATA_ROM_C> 1      CONST         0000C000 - 0000C15B         15C   rel    0
ISTACK               IDATA         00000040 - 000000FF          C0   rel    0

                ****************************************
                *                                      *
                *        END OF CROSS REFERENCE        *
                *                                      *
                ****************************************

 11 890 bytes of CODE  memory (+             398 range fill )
     29 bytes of DATA  memory (+ 33 absolute )
  5 538 bytes of XDATA memory
    192 bytes of IDATA memory
      8 bits  of BIT   memory
    348 bytes of CONST memory

Errors: none
Warnings: none

